216.180.246.86 - - [13/Oct/2025:16:12:50 +0000] "GET / HTTP/1.0" 400 143 "-" "'Mozilla/5.0 (compatible; GenomeCrawlerd/1.0; +https://www.nokia.com/genomecrawler)'" "-"
176.65.148.164 - - [13/Oct/2025:16:12:51 +0000] "POST /boaform/admin/formLogin HTTP/1.1" 400 154 "http://3.149.120.21:80/admin/login.asp" "Mozilla/5.0 (X11; Ubuntu; Linux x86_64; rv:71.0) Gecko/20100101 Firefox/71.0" "-"
176.65.148.164 - - [13/Oct/2025:16:12:51 +0000] "" 400 0 "-" "-" "-"
216.180.246.86 - - [13/Oct/2025:16:13:24 +0000] "\x16\x03\x01\x00\xEE\x01\x00\x00\xEA\x03\x03I\xC1\xD7\xB7\xA74Z\xC2\x1A\x80\x07\xA3\x1CWU\xD7\xF8Z\xCC\xEF\x9B\x93\xDC\xA5\xFC\xC8\x92V\x86&\x1D\x9B K'\xA1\xB9\xC0\x97\xDBH\x8F" 400 150 "-" "-" "-"
216.180.246.86 - - [13/Oct/2025:16:14:37 +0000] "GET / HTTP/1.1" 400 154 "-" "'Mozilla/5.0 (compatible; GenomeCrawlerd/1.0; +https://www.nokia.com/genomecrawler)'" "-"
216.180.246.86 - - [13/Oct/2025:16:19:02 +0000] "GET /manage/account/login HTTP/1.1" 400 154 "-" "'Mozilla/5.0 (compatible; GenomeCrawlerd/1.0; +https://www.nokia.com/genomecrawler)'" "-"
87.121.84.17 - - [13/Oct/2025:16:20:22 +0000] "GET / HTTP/1.1" 400 154 "-" "Mozilla/5.0 (X11; Linux x86_64) AppleWebKit/537.36 (KHTML, like Gecko) Chrome/105.0.0.0 Safari/537.36" "-"
216.180.246.86 - - [13/Oct/2025:16:21:28 +0000] "GET /admin/index.html HTTP/1.1" 400 154 "-" "'Mozilla/5.0 (compatible; GenomeCrawlerd/1.0; +https://www.nokia.com/genomecrawler)'" "-"
216.180.246.86 - - [13/Oct/2025:16:23:36 +0000] "GET /index.html HTTP/1.1" 400 154 "-" "'Mozilla/5.0 (compatible; GenomeCrawlerd/1.0; +https://www.nokia.com/genomecrawler)'" "-"
216.180.246.86 - - [13/Oct/2025:16:25:55 +0000] "GET /+CSCOE+/logon.html HTTP/1.1" 400 154 "-" "'Mozilla/5.0 (compatible; GenomeCrawlerd/1.0; +https://www.nokia.com/genomecrawler)'" "-"
176.65.141.86 - - [13/Oct/2025:16:27:27 +0000] "GET /cgi-bin/luci/;stok=/locale HTTP/1.1" 400 154 "-" "-" "-"
216.180.246.86 - - [13/Oct/2025:16:28:11 +0000] "GET /cgi-bin/login.cgi HTTP/1.1" 400 154 "-" "'Mozilla/5.0 (compatible; GenomeCrawlerd/1.0; +https://www.nokia.com/genomecrawler)'" "-"
85.142.100.134 - - [13/Oct/2025:16:29:18 +0000] "GET / HTTP/1.0" 400 143 "-" "Mozilla/5.0 (compatible; CyberOKInspect/1.0; +https://www.cyberok.ru/policy.html)" "-"
216.180.246.86 - - [13/Oct/2025:16:30:40 +0000] "GET /login.htm HTTP/1.1" 400 154 "-" "'Mozilla/5.0 (compatible; GenomeCrawlerd/1.0; +https://www.nokia.com/genomecrawler)'" "-"
216.180.246.86 - - [13/Oct/2025:16:32:48 +0000] "GET /login.html HTTP/1.1" 400 154 "-" "'Mozilla/5.0 (compatible; GenomeCrawlerd/1.0; +https://www.nokia.com/genomecrawler)'" "-"
216.180.246.86 - - [13/Oct/2025:16:35:07 +0000] "GET /login.jsp HTTP/1.1" 400 154 "-" "'Mozilla/5.0 (compatible; GenomeCrawlerd/1.0; +https://www.nokia.com/genomecrawler)'" "-"
216.180.246.86 - - [13/Oct/2025:16:37:15 +0000] "GET /login HTTP/1.1" 400 154 "-" "'Mozilla/5.0 (compatible; GenomeCrawlerd/1.0; +https://www.nokia.com/genomecrawler)'" "-"
216.180.246.86 - - [13/Oct/2025:16:39:20 +0000] "GET /doc/index.html HTTP/1.1" 400 154 "-" "'Mozilla/5.0 (compatible; GenomeCrawlerd/1.0; +https://www.nokia.com/genomecrawler)'" "-"
216.180.246.86 - - [13/Oct/2025:16:41:35 +0000] "GET /remote/login HTTP/1.1" 400 154 "-" "'Mozilla/5.0 (compatible; GenomeCrawlerd/1.0; +https://www.nokia.com/genomecrawler)'" "-"
216.180.246.86 - - [13/Oct/2025:16:43:46 +0000] "GET //admin/login.asp HTTP/1.1" 400 154 "-" "'Mozilla/5.0 (compatible; GenomeCrawlerd/1.0; +https://www.nokia.com/genomecrawler)'" "-"
216.180.246.86 - - [13/Oct/2025:16:45:29 +0000] "GET /web/ HTTP/1.1" 400 154 "-" "'Mozilla/5.0 (compatible; GenomeCrawlerd/1.0; +https://www.nokia.com/genomecrawler)'" "-"
204.76.203.219 - - [13/Oct/2025:16:47:26 +0000] "GET / HTTP/1.1" 400 154 "-" "Mozilla/5.0 (Windows NT 10.0; Win64; x64) AppleWebKit/537.36 (KHTML, like Gecko) Chrome/90.0.4430.85 Safari/537.36 Edg/90.0.818.46" "-"
216.180.246.86 - - [13/Oct/2025:16:47:49 +0000] "GET //webpages/login.html HTTP/1.1" 400 154 "-" "'Mozilla/5.0 (compatible; GenomeCrawlerd/1.0; +https://www.nokia.com/genomecrawler)'" "-"
52.188.231.113 - - [13/Oct/2025:17:18:08 +0000] "GET /actuator/health HTTP/1.1" 400 154 "-" "Mozilla/5.0 zgrab/0.x" "-"
98.84.122.253 - - [13/Oct/2025:17:31:00 +0000] "GET / HTTP/1.1" 400 154 "-" "Mozilla/5.0 (Windows NT 10.0; Win64; x64) AppleWebKit/537.36 (KHTML, like Gecko) Chrome/136.0.0.0 Safari/537.36" "-"
85.142.100.143 - - [13/Oct/2025:17:31:06 +0000] "GET / HTTP/1.0" 400 143 "-" "Mozilla/5.0 (compatible; CyberOKInspect/1.0; +https://www.cyberok.ru/policy.html)" "-"
148.135.254.14 - - [13/Oct/2025:17:44:12 +0000] "GET /.env HTTP/1.1" 400 154 "-" "Mozilla/5.0 (Windows NT 10.0; Win64; x64) AppleWebKit/537.36 (KHTML, like Gecko) Chrome/116.0.5845.140 Safari/537.36" "-"
148.135.254.14 - - [13/Oct/2025:17:44:12 +0000] "POST / HTTP/1.1" 400 154 "-" "Mozilla/5.0 (Windows NT 10.0; Win64; x64) AppleWebKit/537.36 (KHTML, like Gecko) Chrome/116.0.5845.140 Safari/537.36" "-"
198.235.24.132 - - [13/Oct/2025:18:16:58 +0000] "\x16\x03\x01\x00\xCA\x01\x00\x00\xC6\x03\x03tg<\xEE\xBD\xB0\xB6\x04\x09\xDF\x17\xDE\xDB\xDBC\xA2\x14q\x0B\xF3<\x82\x10\xD2\xE8Q\xB2g\x8B\x0F\xCF\x9A\x00\x00h\xCC\x14\xCC\x13\xC0/\xC0+\xC00\xC0,\xC0\x11\xC0\x07\xC0'\xC0#\xC0\x13\xC0\x09\xC0(\xC0$\xC0\x14\xC0" 400 150 "-" "-" "-"
198.235.24.132 - - [13/Oct/2025:18:16:58 +0000] "\x16\x03\x01\x00\xEE\x01\x00\x00\xEA\x03\x03]\x81:\xD9\xE7G\x5Ch}\xF0\xA6\x90\xC7]\xAB\x1F\xCB\xB9\x18>\xC4,\xF4\xD5\xFA\x8E\xED\x99\x13I*< \x7Fr\xC7\xFB\x94\xDC\xDDNP\xF1\x92a|\x96\x0B\x09\xA2\xEF\xDD\xD4\xC9\xD7\xB0$an\xF2\xE6\xBDDO\xAC\x00&\xC0+\xC0/\xC0,\xC00\xCC\xA9\xCC\xA8\xC0\x09\xC0\x13\xC0" 400 150 "-" "-" "-"
87.121.84.17 - - [13/Oct/2025:18:23:32 +0000] "GET / HTTP/1.1" 400 154 "-" "Mozilla/5.0 (X11; Linux x86_64) AppleWebKit/537.36 (KHTML, like Gecko) Chrome/105.0.0.0 Safari/537.36" "-"
204.76.203.219 - - [13/Oct/2025:18:30:50 +0000] "GET / HTTP/1.1" 400 154 "-" "Mozilla/5.0 (Windows NT 10.0; Win64; x64) AppleWebKit/537.36 (KHTML, like Gecko) Chrome/90.0.4430.85 Safari/537.36 Edg/90.0.818.46" "-"
204.76.203.212 - - [13/Oct/2025:19:27:45 +0000] "GET / HTTP/1.1" 400 154 "-" "Mozilla/5.0 (Windows NT 10.0; Win64; x64) AppleWebKit/537.36 (KHTML, like Gecko) Chrome/90.0.4430.85 Safari/537.36 Edg/90.0.818.46" "-"
93.174.93.12 - - [13/Oct/2025:19:28:57 +0000] "\x16\x03\x02\x01o\x01\x00\x01k\x03\x02RH\xC5\x1A#\xF7:N\xDF\xE2\xB4\x82/\xFF\x09T\x9F\xA7\xC4y\xB0h\xC6\x13\x8C\xA4\x1C=\x22\xE1\x1A\x98 \x84\xB4,\x85\xAFn\xE3Y\xBBbhl\xFF(=':\xA9\x82\xD9o\xC8\xA2\xD7\x93\x98\xB4\xEF\x80\xE5\xB9\x90\x00(\xC0" 400 150 "-" "-" "-"
195.178.110.157 - - [13/Oct/2025:19:33:56 +0000] "GET /.git/config HTTP/1.1" 400 154 "-" "Mozilla/5.0 (iPhone; CPU iPhone OS 12_4 like Mac OS X) AppleWebKit/605.1.15 (KHTML, like Gecko) CriOS/76.0.3809.123 Mobile/15E148 Safari/605.1" "-"
3.134.148.59 - - [13/Oct/2025:19:47:09 +0000] "GET / HTTP/1.1" 400 154 "-" "Mozilla/5.0 (Macintosh; Intel Mac OS X 10_15_7) Chrome/126.0.0.0 Safari/537.36" "-"
3.134.148.59 - - [13/Oct/2025:19:47:50 +0000] "GET / HTTP/1.1" 400 154 "-" "Mozilla/5.0 (Macintosh; Intel Mac OS X 10_15_7) Chrome/126.0.0.0 Safari/537.36" "-"
3.134.148.59 - - [13/Oct/2025:19:49:14 +0000] "\x16\x03\x01\x00{\x01\x00\x00w\x03\x03\xE8\x0E" 400 150 "-" "-" "-"
3.134.148.59 - - [13/Oct/2025:19:49:29 +0000] "SSH-2.0-Go" 400 150 "-" "-" "-"
3.134.148.59 - - [13/Oct/2025:19:52:21 +0000] "" 400 0 "-" "-" "-"
85.142.100.134 - - [13/Oct/2025:19:57:58 +0000] "GET / HTTP/1.0" 400 143 "-" "Mozilla/5.0 (compatible; CyberOKInspect/1.0; +https://www.cyberok.ru/policy.html)" "-"
87.121.84.17 - - [13/Oct/2025:19:58:49 +0000] "GET / HTTP/1.1" 400 154 "-" "Mozilla/5.0 (X11; Linux x86_64) AppleWebKit/537.36 (KHTML, like Gecko) Chrome/105.0.0.0 Safari/537.36" "-"
104.239.38.227 - - [13/Oct/2025:20:06:17 +0000] "GET /.env HTTP/1.1" 400 154 "-" "Mozilla/5.0 (Windows NT 10.0; Win64; x64) AppleWebKit/537.36 (KHTML, like Gecko) Chrome/116.0.5845.140 Safari/537.36" "-"
104.239.38.227 - - [13/Oct/2025:20:06:18 +0000] "POST / HTTP/1.1" 400 154 "-" "Mozilla/5.0 (Windows NT 10.0; Win64; x64) AppleWebKit/537.36 (KHTML, like Gecko) Chrome/116.0.5845.140 Safari/537.36" "-"
112.81.76.66 - - [13/Oct/2025:20:12:52 +0000] "POST /cgi-bin/.%2e/.%2e/.%2e/.%2e/.%2e/.%2e/.%2e/.%2e/.%2e/.%2e/bin/sh HTTP/1.1" 400 150 "-" "-" "-"
112.81.76.66 - - [13/Oct/2025:20:12:55 +0000] "POST /cgi-bin/%%32%65%%32%65/%%32%65%%32%65/%%32%65%%32%65/%%32%65%%32%65/%%32%65%%32%65/%%32%65%%32%65/%%32%65%%32%65/bin/sh HTTP/1.1" 400 150 "-" "-" "-"
112.81.76.66 - - [13/Oct/2025:20:12:57 +0000] "POST /hello.world?%ADd+allow_url_include%3d1+%ADd+auto_prepend_file%3dphp://input HTTP/1.1" 400 154 "-" "libredtail-http" "-"
112.81.76.66 - - [13/Oct/2025:20:13:01 +0000] "POST /?%ADd+allow_url_include%3d1+%ADd+auto_prepend_file%3dphp://input HTTP/1.1" 400 154 "-" "libredtail-http" "-"
112.81.76.66 - - [13/Oct/2025:20:13:05 +0000] "GET /vendor/phpunit/phpunit/src/Util/PHP/eval-stdin.php HTTP/1.1" 400 154 "-" "libredtail-http" "-"
112.81.76.66 - - [13/Oct/2025:20:13:08 +0000] "GET /vendor/phpunit/phpunit/Util/PHP/eval-stdin.php HTTP/1.1" 400 154 "-" "libredtail-http" "-"
112.81.76.66 - - [13/Oct/2025:20:13:12 +0000] "GET /vendor/phpunit/src/Util/PHP/eval-stdin.php HTTP/1.1" 400 154 "-" "libredtail-http" "-"
112.81.76.66 - - [13/Oct/2025:20:13:16 +0000] "GET /vendor/phpunit/Util/PHP/eval-stdin.php HTTP/1.1" 400 154 "-" "libredtail-http" "-"
112.81.76.66 - - [13/Oct/2025:20:13:19 +0000] "GET /vendor/phpunit/phpunit/LICENSE/eval-stdin.php HTTP/1.1" 400 154 "-" "libredtail-http" "-"
112.81.76.66 - - [13/Oct/2025:20:13:23 +0000] "GET /vendor/vendor/phpunit/phpunit/src/Util/PHP/eval-stdin.php HTTP/1.1" 400 154 "-" "libredtail-http" "-"
112.81.76.66 - - [13/Oct/2025:20:13:27 +0000] "GET /phpunit/phpunit/src/Util/PHP/eval-stdin.php HTTP/1.1" 400 154 "-" "libredtail-http" "-"
112.81.76.66 - - [13/Oct/2025:20:13:31 +0000] "GET /phpunit/phpunit/Util/PHP/eval-stdin.php HTTP/1.1" 400 154 "-" "libredtail-http" "-"
112.81.76.66 - - [13/Oct/2025:20:13:34 +0000] "GET /phpunit/src/Util/PHP/eval-stdin.php HTTP/1.1" 400 154 "-" "libredtail-http" "-"
112.81.76.66 - - [13/Oct/2025:20:13:38 +0000] "GET /phpunit/Util/PHP/eval-stdin.php HTTP/1.1" 400 154 "-" "libredtail-http" "-"
112.81.76.66 - - [13/Oct/2025:20:13:42 +0000] "GET /lib/phpunit/phpunit/src/Util/PHP/eval-stdin.php HTTP/1.1" 400 154 "-" "libredtail-http" "-"
112.81.76.66 - - [13/Oct/2025:20:13:46 +0000] "GET /lib/phpunit/phpunit/Util/PHP/eval-stdin.php HTTP/1.1" 400 154 "-" "libredtail-http" "-"
112.81.76.66 - - [13/Oct/2025:20:13:50 +0000] "GET /lib/phpunit/src/Util/PHP/eval-stdin.php HTTP/1.1" 400 154 "-" "libredtail-http" "-"
112.81.76.66 - - [13/Oct/2025:20:13:54 +0000] "GET /lib/phpunit/Util/PHP/eval-stdin.php HTTP/1.1" 400 154 "-" "libredtail-http" "-"
112.81.76.66 - - [13/Oct/2025:20:13:58 +0000] "GET /lib/vendor/phpunit/phpunit/src/Util/PHP/eval-stdin.php HTTP/1.1" 400 154 "-" "libredtail-http" "-"
112.81.76.66 - - [13/Oct/2025:20:14:02 +0000] "GET /laravel/vendor/phpunit/phpunit/src/Util/PHP/eval-stdin.php HTTP/1.1" 400 154 "-" "libredtail-http" "-"
112.81.76.66 - - [13/Oct/2025:20:14:05 +0000] "GET /www/vendor/phpunit/phpunit/src/Util/PHP/eval-stdin.php HTTP/1.1" 400 154 "-" "libredtail-http" "-"
112.81.76.66 - - [13/Oct/2025:20:14:09 +0000] "GET /ws/vendor/phpunit/phpunit/src/Util/PHP/eval-stdin.php HTTP/1.1" 400 154 "-" "libredtail-http" "-"
112.81.76.66 - - [13/Oct/2025:20:14:13 +0000] "GET /yii/vendor/phpunit/phpunit/src/Util/PHP/eval-stdin.php HTTP/1.1" 400 154 "-" "libredtail-http" "-"
112.81.76.66 - - [13/Oct/2025:20:14:17 +0000] "GET /zend/vendor/phpunit/phpunit/src/Util/PHP/eval-stdin.php HTTP/1.1" 400 154 "-" "libredtail-http" "-"
112.81.76.66 - - [13/Oct/2025:20:14:21 +0000] "GET /ws/ec/vendor/phpunit/phpunit/src/Util/PHP/eval-stdin.php HTTP/1.1" 400 154 "-" "libredtail-http" "-"
112.81.76.66 - - [13/Oct/2025:20:14:25 +0000] "GET /V2/vendor/phpunit/phpunit/src/Util/PHP/eval-stdin.php HTTP/1.1" 400 154 "-" "libredtail-http" "-"
112.81.76.66 - - [13/Oct/2025:20:14:28 +0000] "GET /tests/vendor/phpunit/phpunit/src/Util/PHP/eval-stdin.php HTTP/1.1" 400 154 "-" "libredtail-http" "-"
112.81.76.66 - - [13/Oct/2025:20:14:32 +0000] "GET /test/vendor/phpunit/phpunit/src/Util/PHP/eval-stdin.php HTTP/1.1" 400 154 "-" "libredtail-http" "-"
112.81.76.66 - - [13/Oct/2025:20:14:36 +0000] "GET /testing/vendor/phpunit/phpunit/src/Util/PHP/eval-stdin.php HTTP/1.1" 400 154 "-" "libredtail-http" "-"
112.81.76.66 - - [13/Oct/2025:20:14:40 +0000] "GET /api/vendor/phpunit/phpunit/src/Util/PHP/eval-stdin.php HTTP/1.1" 400 154 "-" "libredtail-http" "-"
112.81.76.66 - - [13/Oct/2025:20:14:44 +0000] "GET /demo/vendor/phpunit/phpunit/src/Util/PHP/eval-stdin.php HTTP/1.1" 400 154 "-" "libredtail-http" "-"
112.81.76.66 - - [13/Oct/2025:20:14:47 +0000] "GET /cms/vendor/phpunit/phpunit/src/Util/PHP/eval-stdin.php HTTP/1.1" 400 154 "-" "libredtail-http" "-"
112.81.76.66 - - [13/Oct/2025:20:14:51 +0000] "GET /crm/vendor/phpunit/phpunit/src/Util/PHP/eval-stdin.php HTTP/1.1" 400 154 "-" "libredtail-http" "-"
112.81.76.66 - - [13/Oct/2025:20:14:55 +0000] "GET /admin/vendor/phpunit/phpunit/src/Util/PHP/eval-stdin.php HTTP/1.1" 400 154 "-" "libredtail-http" "-"
112.81.76.66 - - [13/Oct/2025:20:14:59 +0000] "GET /backup/vendor/phpunit/phpunit/src/Util/PHP/eval-stdin.php HTTP/1.1" 400 154 "-" "libredtail-http" "-"
112.81.76.66 - - [13/Oct/2025:20:15:03 +0000] "GET /blog/vendor/phpunit/phpunit/src/Util/PHP/eval-stdin.php HTTP/1.1" 400 154 "-" "libredtail-http" "-"
112.81.76.66 - - [13/Oct/2025:20:15:07 +0000] "GET /workspace/drupal/vendor/phpunit/phpunit/src/Util/PHP/eval-stdin.php HTTP/1.1" 400 154 "-" "libredtail-http" "-"
112.81.76.66 - - [13/Oct/2025:20:15:11 +0000] "GET /panel/vendor/phpunit/phpunit/src/Util/PHP/eval-stdin.php HTTP/1.1" 400 154 "-" "libredtail-http" "-"
112.81.76.66 - - [13/Oct/2025:20:15:14 +0000] "GET /public/vendor/phpunit/phpunit/src/Util/PHP/eval-stdin.php HTTP/1.1" 400 154 "-" "libredtail-http" "-"
112.81.76.66 - - [13/Oct/2025:20:15:19 +0000] "GET /apps/vendor/phpunit/phpunit/src/Util/PHP/eval-stdin.php HTTP/1.1" 400 154 "-" "libredtail-http" "-"
112.81.76.66 - - [13/Oct/2025:20:15:22 +0000] "GET /app/vendor/phpunit/phpunit/src/Util/PHP/eval-stdin.php HTTP/1.1" 400 154 "-" "libredtail-http" "-"
112.81.76.66 - - [13/Oct/2025:20:15:26 +0000] "GET /index.php?s=/index/\x5Cthink\x5Capp/invokefunction&function=call_user_func_array&vars[0]=md5&vars[1][]=Hello HTTP/1.1" 400 154 "-" "libredtail-http" "-"
112.81.76.66 - - [13/Oct/2025:20:15:30 +0000] "GET /public/index.php?s=/index/\x5Cthink\x5Capp/invokefunction&function=call_user_func_array&vars[0]=md5&vars[1][]=Hello HTTP/1.1" 400 154 "-" "libredtail-http" "-"
112.81.76.66 - - [13/Oct/2025:20:15:34 +0000] "GET /index.php?lang=../../../../../../../../usr/local/lib/php/pearcmd&+config-create+/&/<?echo(md5(\x22hi\x22));?>+/tmp/index1.php HTTP/1.1" 400 154 "-" "libredtail-http" "-"
112.81.76.66 - - [13/Oct/2025:20:15:38 +0000] "GET /index.php?lang=../../../../../../../../tmp/index1 HTTP/1.1" 400 154 "-" "libredtail-http" "-"
112.81.76.66 - - [13/Oct/2025:20:15:42 +0000] "GET /containers/json HTTP/1.1" 400 154 "-" "libredtail-http" "-"
122.96.30.65 - - [13/Oct/2025:20:16:41 +0000] "GET /favicon.ico HTTP/1.1" 400 154 "-" "Dalvik/2.1.0 (Linux; U; Android 9.0; ZTE BA520 Build/MRA58K)" "-"
122.96.30.65 - - [13/Oct/2025:20:20:07 +0000] "GET / HTTP/1.1" 400 154 "-" "Dalvik/2.1.0 (Linux; U; Android 9.0; ZTE BA520 Build/MRA58K)" "-"
122.96.30.65 - - [13/Oct/2025:20:20:22 +0000] "GET / HTTP/1.1" 400 154 "-" "Mozilla/5.0 (Macintosh; Intel Mac OS X 10.8; rv:21.0) Gecko/20100101 Firefox/21.0" "-"
122.96.30.65 - - [13/Oct/2025:20:20:26 +0000] "GET / HTTP/1.1" 400 154 "-" "Mozilla/5.0 (Macintosh; Intel Mac OS X 10_11) AppleWebKit/601.1.27 (KHTML, like Gecko) Chrome/47.0.2526.106 Safari/601.1.27" "-"
204.76.203.219 - - [13/Oct/2025:20:23:31 +0000] "GET / HTTP/1.1" 400 154 "-" "Mozilla/5.0 (Windows NT 10.0; Win64; x64) AppleWebKit/537.36 (KHTML, like Gecko) Chrome/90.0.4430.85 Safari/537.36 Edg/90.0.818.46" "-"
198.235.24.12 - - [13/Oct/2025:20:57:28 +0000] "GET / HTTP/1.1" 400 154 "-" "Hello from Palo Alto Networks, find out more about our scans in https://docs-cortex.paloaltonetworks.com/r/1/Cortex-Xpanse/Scanning-activity" "-"
172.202.104.71 - - [13/Oct/2025:21:29:45 +0000] "GET /developmentserver/metadatauploader HTTP/1.1" 400 154 "-" "Mozilla/5.0 zgrab/0.x" "-"
151.241.122.94 - - [13/Oct/2025:21:40:34 +0000] "GET /admin/.env HTTP/1.1" 400 154 "-" "Mozilla/5.0 (Windows NT 10.0; Win64; x64) AppleWebKit/537.36 Chrome/122.0.0.0 Safari/537.36" "-"
151.241.122.94 - - [13/Oct/2025:21:40:34 +0000] "GET /backend/.env HTTP/1.1" 400 154 "-" "Mozilla/5.0 (Windows NT 10.0; Win64; x64) AppleWebKit/537.36 Chrome/122.0.0.0 Safari/537.36" "-"
151.241.122.94 - - [13/Oct/2025:21:40:34 +0000] "GET /.aws/credentials HTTP/1.1" 400 154 "-" "Mozilla/5.0 (Windows NT 10.0; Win64; x64) AppleWebKit/537.36 Chrome/122.0.0.0 Safari/537.36" "-"
151.241.122.94 - - [13/Oct/2025:21:40:34 +0000] "GET /crm/.env HTTP/1.1" 400 154 "-" "Mozilla/5.0 (Windows NT 10.0; Win64; x64) AppleWebKit/537.36 Chrome/122.0.0.0 Safari/537.36" "-"
151.241.122.94 - - [13/Oct/2025:21:40:34 +0000] "GET /.env HTTP/1.1" 400 154 "-" "Mozilla/5.0 (Windows NT 10.0; Win64; x64) AppleWebKit/537.36 Chrome/122.0.0.0 Safari/537.36" "-"
151.241.122.94 - - [13/Oct/2025:21:40:34 +0000] "GET /erp/.env HTTP/1.1" 400 154 "-" "Mozilla/5.0 (Windows NT 10.0; Win64; x64) AppleWebKit/537.36 Chrome/122.0.0.0 Safari/537.36" "-"
151.241.122.94 - - [13/Oct/2025:21:40:34 +0000] "GET /app/.env HTTP/1.1" 400 154 "-" "Mozilla/5.0 (Windows NT 10.0; Win64; x64) AppleWebKit/537.36 Chrome/122.0.0.0 Safari/537.36" "-"
151.241.122.94 - - [13/Oct/2025:21:40:34 +0000] "GET /api/.env HTTP/1.1" 400 154 "-" "Mozilla/5.0 (Windows NT 10.0; Win64; x64) AppleWebKit/537.36 Chrome/122.0.0.0 Safari/537.36" "-"
151.241.122.94 - - [13/Oct/2025:21:40:35 +0000] "POST /admin/.env HTTP/1.1" 400 154 "-" "Mozilla/5.0 (Windows NT 10.0; Win64; x64) AppleWebKit/537.36 Chrome/122.0.0.0 Safari/537.36" "-"
151.241.122.94 - - [13/Oct/2025:21:40:35 +0000] "POST /.aws/credentials HTTP/1.1" 400 154 "-" "Mozilla/5.0 (Windows NT 10.0; Win64; x64) AppleWebKit/537.36 Chrome/122.0.0.0 Safari/537.36" "-"
151.241.122.94 - - [13/Oct/2025:21:40:35 +0000] "POST /backend/.env HTTP/1.1" 400 154 "-" "Mozilla/5.0 (Windows NT 10.0; Win64; x64) AppleWebKit/537.36 Chrome/122.0.0.0 Safari/537.36" "-"
151.241.122.94 - - [13/Oct/2025:21:40:35 +0000] "GET /cms/.env HTTP/1.1" 400 154 "-" "Mozilla/5.0 (Windows NT 10.0; Win64; x64) AppleWebKit/537.36 Chrome/122.0.0.0 Safari/537.36" "-"
151.241.122.94 - - [13/Oct/2025:21:40:36 +0000] "POST /.env HTTP/1.1" 400 154 "-" "Mozilla/5.0 (Windows NT 10.0; Win64; x64) AppleWebKit/537.36 Chrome/122.0.0.0 Safari/537.36" "-"
151.241.122.94 - - [13/Oct/2025:21:40:36 +0000] "POST /erp/.env HTTP/1.1" 400 154 "-" "Mozilla/5.0 (Windows NT 10.0; Win64; x64) AppleWebKit/537.36 Chrome/122.0.0.0 Safari/537.36" "-"
151.241.122.94 - - [13/Oct/2025:21:40:36 +0000] "POST /crm/.env HTTP/1.1" 400 154 "-" "Mozilla/5.0 (Windows NT 10.0; Win64; x64) AppleWebKit/537.36 Chrome/122.0.0.0 Safari/537.36" "-"
151.241.122.94 - - [13/Oct/2025:21:40:36 +0000] "POST /app/.env HTTP/1.1" 400 154 "-" "Mozilla/5.0 (Windows NT 10.0; Win64; x64) AppleWebKit/537.36 Chrome/122.0.0.0 Safari/537.36" "-"
151.241.122.94 - - [13/Oct/2025:21:40:37 +0000] "GET /.aws/config HTTP/1.1" 400 154 "-" "Mozilla/5.0 (Windows NT 10.0; Win64; x64) AppleWebKit/537.36 Chrome/122.0.0.0 Safari/537.36" "-"
151.241.122.94 - - [13/Oct/2025:21:40:38 +0000] "GET /.aws/config HTTP/1.1" 400 154 "-" "Mozilla/5.0 (Windows NT 10.0; Win64; x64) AppleWebKit/537.36 Chrome/122.0.0.0 Safari/537.36" "-"
151.241.122.94 - - [13/Oct/2025:21:40:38 +0000] "POST /api/.env HTTP/1.1" 400 154 "-" "Mozilla/5.0 (Windows NT 10.0; Win64; x64) AppleWebKit/537.36 Chrome/122.0.0.0 Safari/537.36" "-"
151.241.122.94 - - [13/Oct/2025:21:40:38 +0000] "POST /cms/.env HTTP/1.1" 400 154 "-" "Mozilla/5.0 (Windows NT 10.0; Win64; x64) AppleWebKit/537.36 Chrome/122.0.0.0 Safari/537.36" "-"
151.241.122.94 - - [13/Oct/2025:21:40:41 +0000] "POST /.aws/config HTTP/1.1" 400 154 "-" "Mozilla/5.0 (Windows NT 10.0; Win64; x64) AppleWebKit/537.36 Chrome/122.0.0.0 Safari/537.36" "-"
85.142.100.103 - - [13/Oct/2025:21:42:16 +0000] "GET / HTTP/1.0" 400 143 "-" "Mozilla/5.0 (compatible; CyberOKInspect/1.0; +https://www.cyberok.ru/policy.html)" "-"
87.121.84.17 - - [13/Oct/2025:21:46:50 +0000] "GET / HTTP/1.1" 400 154 "-" "Mozilla/5.0 (X11; Linux x86_64) AppleWebKit/537.36 (KHTML, like Gecko) Chrome/105.0.0.0 Safari/537.36" "-"
176.65.141.86 - - [13/Oct/2025:22:10:23 +0000] "GET /cgi-bin/luci/;stok=/locale HTTP/1.1" 400 154 "-" "-" "-"
204.76.203.219 - - [13/Oct/2025:22:15:36 +0000] "GET / HTTP/1.1" 400 154 "-" "Mozilla/5.0 (Windows NT 10.0; Win64; x64) AppleWebKit/537.36 (KHTML, like Gecko) Chrome/90.0.4430.85 Safari/537.36 Edg/90.0.818.46" "-"
66.240.205.34 - - [13/Oct/2025:22:29:28 +0000] "Gh0st\xAD\x00\x00\x00\xE0\x00\x00\x00x\x9CKS``\x98\xC3\xC0\xC0\xC0\x06\xC4\x8C@\xBCQ\x96\x81\x81\x09H\x07\xA7\x16\x95e&\xA7*\x04$&g+\x182\x94\xF6\xB000\xAC\xA8rc\x00\x01\x11\xA0\x82\x1F\x5C`&\x83\xC7K7\x86\x19\xE5n\x0C9\x95n\x0C;\x84\x0F3\xAC\xE8sch\xA8^\xCF4'J\x97\xA9\x82\xE30\xC3\x91h]&\x90\xF8\xCE\x97S\xCBA4L?2=\xE1\xC4\x92\x86\x0B@\xF5`\x0CT\x1F\xAE\xAF]" 400 150 "-" "-" "-"
204.76.203.212 - - [13/Oct/2025:22:33:38 +0000] "GET / HTTP/1.1" 400 154 "-" "Mozilla/5.0 (Windows NT 10.0; Win64; x64) AppleWebKit/537.36 (KHTML, like Gecko) Chrome/90.0.4430.85 Safari/537.36 Edg/90.0.818.46" "-"
20.163.15.238 - - [13/Oct/2025:22:52:13 +0000] "GET /hudson HTTP/1.1" 400 154 "-" "Mozilla/5.0 zgrab/0.x" "-"
85.198.45.101 - - [13/Oct/2025:23:28:15 +0000] "GET /.env HTTP/1.1" 400 154 "-" "Mozilla/5.0 (Windows NT 10.0; Win64; x64) AppleWebKit/537.36 (KHTML, like Gecko) Chrome/116.0.5845.140 Safari/537.36" "-"
85.198.45.101 - - [13/Oct/2025:23:28:16 +0000] "POST / HTTP/1.1" 400 154 "-" "Mozilla/5.0 (Windows NT 10.0; Win64; x64) AppleWebKit/537.36 (KHTML, like Gecko) Chrome/116.0.5845.140 Safari/537.36" "-"
87.121.84.17 - - [13/Oct/2025:23:57:22 +0000] "GET / HTTP/1.1" 400 154 "-" "Mozilla/5.0 (X11; Linux x86_64) AppleWebKit/537.36 (KHTML, like Gecko) Chrome/105.0.0.0 Safari/537.36" "-"
204.76.203.219 - - [14/Oct/2025:00:12:51 +0000] "GET / HTTP/1.1" 400 154 "-" "Mozilla/5.0 (Windows NT 10.0; Win64; x64) AppleWebKit/537.36 (KHTML, like Gecko) Chrome/90.0.4430.85 Safari/537.36 Edg/90.0.818.46" "-"
85.142.100.142 - - [14/Oct/2025:00:22:24 +0000] "GET / HTTP/1.1" 400 154 "-" "Mozilla/5.0 (compatible; CyberOKInspect/1.0; +https://www.cyberok.ru/policy.html)" "-"
85.142.100.142 - - [14/Oct/2025:00:22:31 +0000] "GET / HTTP/1.1" 400 154 "-" "Mozilla/5.0 (compatible; CyberOKInspect/1.0; +https://www.cyberok.ru/policy.html)" "-"
85.142.100.142 - - [14/Oct/2025:00:22:34 +0000] "\x16\x03\x01\x00\x8D\x01\x00\x00\x89\x03\x03N\x8FH\xC93;\xD8\x8A\x9Dw\x95\xC5\xFE\xA2y\x10\xFA\xDF\xB5j+n\xEB'\xA4\x80\xCF;Q9\x17\x06\x00\x00,\x00\x05\x00" 400 150 "-" "-" "-"
85.142.100.142 - - [14/Oct/2025:00:22:37 +0000] "GET /favicon.ico HTTP/1.1" 400 154 "-" "Mozilla/5.0 (compatible; CyberOKInspect/1.0; +https://www.cyberok.ru/policy.html)" "-"
205.210.31.5 - - [14/Oct/2025:00:26:11 +0000] "GET / HTTP/1.0" 400 143 "-" "Hello from Palo Alto Networks, find out more about our scans in https://docs-cortex.paloaltonetworks.com/r/1/Cortex-Xpanse/Scanning-activity" "-"
87.236.176.85 - - [14/Oct/2025:00:30:58 +0000] "GET / HTTP/1.1" 400 154 "-" "Mozilla/5.0 (compatible; InternetMeasurement/1.0; +https://internet-measurement.com/)" "-"
64.62.156.80 - - [14/Oct/2025:01:31:07 +0000] "\x16\x03\x01\x00{\x01\x00\x00w\x03\x03\x8B\x8C{V^\x1B\xDD2\x83\xFD\xF7\x84\x9D\x07\xF0\x11{a\x1D\x8A\x16\x89\xA3\xAAJJ\xC5\xFD\xE2\xB9" 400 150 "-" "-" "-"
87.121.84.17 - - [14/Oct/2025:02:00:28 +0000] "GET / HTTP/1.1" 400 154 "-" "Mozilla/5.0 (X11; Linux x86_64) AppleWebKit/537.36 (KHTML, like Gecko) Chrome/105.0.0.0 Safari/537.36" "-"
142.147.128.184 - - [14/Oct/2025:02:01:54 +0000] "GET /.env HTTP/1.1" 400 154 "-" "Mozilla/5.0 (Windows NT 10.0; Win64; x64) AppleWebKit/537.36 (KHTML, like Gecko) Chrome/116.0.5845.140 Safari/537.36" "-"
142.147.128.184 - - [14/Oct/2025:02:01:54 +0000] "POST / HTTP/1.1" 400 154 "-" "Mozilla/5.0 (Windows NT 10.0; Win64; x64) AppleWebKit/537.36 (KHTML, like Gecko) Chrome/116.0.5845.140 Safari/537.36" "-"
204.76.203.219 - - [14/Oct/2025:02:08:52 +0000] "GET / HTTP/1.1" 400 154 "-" "Mozilla/5.0 (Windows NT 10.0; Win64; x64) AppleWebKit/537.36 (KHTML, like Gecko) Chrome/90.0.4430.85 Safari/537.36 Edg/90.0.818.46" "-"
176.65.141.86 - - [14/Oct/2025:02:16:01 +0000] "GET /cgi-bin/luci/;stok=/locale HTTP/1.1" 400 154 "-" "-" "-"
164.90.183.33 - - [14/Oct/2025:02:51:05 +0000] "GET / HTTP/1.1" 400 154 "-" "Mozilla/5.0 (X11; Linux x86_64; rv:139.0) Gecko/20100101 Firefox/139.0" "-"
164.90.183.33 - - [14/Oct/2025:02:51:06 +0000] "GET /favicon.ico HTTP/1.1" 400 154 "http://3.149.120.21/" "Mozilla/5.0 (X11; Linux x86_64; rv:139.0) Gecko/20100101 Firefox/139.0" "-"
93.174.93.12 - - [14/Oct/2025:03:10:51 +0000] "GET / HTTP/1.0" 400 143 "-" "Java/1.6.0_13" "-"
43.166.244.66 - - [14/Oct/2025:03:36:03 +0000] "GET / HTTP/1.1" 200 400 "-" "Mozilla/5.0 (iPhone; CPU iPhone OS 13_2_3 like Mac OS X) AppleWebKit/605.1.15 (KHTML, like Gecko) Version/13.0.3 Mobile/15E148 Safari/604.1" "-"
46.203.134.121 - - [14/Oct/2025:03:48:58 +0000] "GET /.env HTTP/1.1" 400 154 "-" "Mozilla/5.0 (Windows NT 10.0; Win64; x64) AppleWebKit/537.36 (KHTML, like Gecko) Chrome/116.0.5845.140 Safari/537.36" "-"
46.203.134.121 - - [14/Oct/2025:03:48:59 +0000] "POST / HTTP/1.1" 400 154 "-" "Mozilla/5.0 (Windows NT 10.0; Win64; x64) AppleWebKit/537.36 (KHTML, like Gecko) Chrome/116.0.5845.140 Safari/537.36" "-"
87.121.84.17 - - [14/Oct/2025:03:54:35 +0000] "GET / HTTP/1.1" 400 154 "-" "Mozilla/5.0 (X11; Linux x86_64) AppleWebKit/537.36 (KHTML, like Gecko) Chrome/105.0.0.0 Safari/537.36" "-"
204.76.203.219 - - [14/Oct/2025:04:19:03 +0000] "GET / HTTP/1.1" 400 154 "-" "Mozilla/5.0 (Windows NT 10.0; Win64; x64) AppleWebKit/537.36 (KHTML, like Gecko) Chrome/90.0.4430.85 Safari/537.36 Edg/90.0.818.46" "-"
45.58.127.135 - - [14/Oct/2025:04:53:38 +0000] "GET /robots.txt HTTP/1.0" 400 143 "-" "xfa1" "-"
20.127.195.188 - - [14/Oct/2025:05:22:32 +0000] "GET / HTTP/1.1" 400 154 "-" "Mozilla/5.0 zgrab/0.x" "-"
176.65.141.86 - - [14/Oct/2025:05:26:59 +0000] "GET /cgi-bin/luci/;stok=/locale HTTP/1.1" 400 154 "-" "-" "-"
87.121.84.17 - - [14/Oct/2025:05:33:45 +0000] "GET / HTTP/1.1" 400 154 "-" "Mozilla/5.0 (X11; Linux x86_64) AppleWebKit/537.36 (KHTML, like Gecko) Chrome/105.0.0.0 Safari/537.36" "-"
64.62.197.212 - - [14/Oct/2025:05:48:17 +0000] "GET / HTTP/1.1" 400 154 "-" "Mozilla/5.0 (Macintosh; Intel Mac OS X 10.15; rv:140.0) Gecko/20100101 Firefox/140.0" "-"
64.62.197.212 - - [14/Oct/2025:05:49:10 +0000] "GET /webui/ HTTP/1.1" 400 154 "-" "Mozilla/5.0 (Macintosh; Intel Mac OS X 10_15_7) AppleWebKit/537.36 (KHTML, like Gecko) Chrome/114.0.0.0 Safari/537.36" "-"
64.62.197.212 - - [14/Oct/2025:05:51:30 +0000] "GET /geoserver/web/ HTTP/1.1" 400 154 "-" "Mozilla/5.0 (Macintosh; Intel Mac OS X 10.15; rv:140.0) Gecko/20100101 Firefox/140.0" "-"
204.76.203.219 - - [14/Oct/2025:06:07:51 +0000] "GET / HTTP/1.1" 400 154 "-" "Mozilla/5.0 (Windows NT 10.0; Win64; x64) AppleWebKit/537.36 (KHTML, like Gecko) Chrome/90.0.4430.85 Safari/537.36 Edg/90.0.818.46" "-"
173.211.8.198 - - [14/Oct/2025:06:34:52 +0000] "GET /.env HTTP/1.1" 400 154 "-" "Mozilla/5.0 (Windows NT 10.0; Win64; x64) AppleWebKit/537.36 (KHTML, like Gecko) Chrome/116.0.5845.140 Safari/537.36" "-"
173.211.8.198 - - [14/Oct/2025:06:34:52 +0000] "POST / HTTP/1.1" 400 154 "-" "Mozilla/5.0 (Windows NT 10.0; Win64; x64) AppleWebKit/537.36 (KHTML, like Gecko) Chrome/116.0.5845.140 Safari/537.36" "-"
43.135.134.127 - - [14/Oct/2025:06:37:41 +0000] "GET / HTTP/1.1" 400 154 "-" "Mozilla/5.0 (iPhone; CPU iPhone OS 13_2_3 like Mac OS X) AppleWebKit/605.1.15 (KHTML, like Gecko) Version/13.0.3 Mobile/15E148 Safari/604.1" "-"
87.121.84.17 - - [14/Oct/2025:07:06:32 +0000] "GET / HTTP/1.1" 400 154 "-" "Mozilla/5.0 (X11; Linux x86_64) AppleWebKit/537.36 (KHTML, like Gecko) Chrome/105.0.0.0 Safari/537.36" "-"
185.242.226.110 - - [14/Oct/2025:07:54:47 +0000] "\x16\x03\x01\x00\x8A\x01\x00\x00\x86\x03\x03\x0C\xC5\xC5\x1D\xC2M)\xE74nC\x5C\x07\xA9\xA1\x01\x0E\xD6\xE6\x9B\xD7\xF3\xD2\x1D\x95#\xC8jK\x07(\xA2\x00\x00\x1A\xC0/\xC0+\xC0\x11\xC0\x07\xC0\x13\xC0\x09\xC0\x14\xC0" 400 150 "-" "-" "-"
204.76.203.212 - - [14/Oct/2025:08:11:34 +0000] "GET / HTTP/1.1" 400 154 "-" "Mozilla/5.0 (Windows NT 10.0; Win64; x64) AppleWebKit/537.36 (KHTML, like Gecko) Chrome/90.0.4430.85 Safari/537.36 Edg/90.0.818.46" "-"
204.76.203.219 - - [14/Oct/2025:08:12:00 +0000] "GET / HTTP/1.1" 400 154 "-" "Mozilla/5.0 (Windows NT 10.0; Win64; x64) AppleWebKit/537.36 (KHTML, like Gecko) Chrome/90.0.4430.85 Safari/537.36 Edg/90.0.818.46" "-"
118.25.182.175 - - [14/Oct/2025:08:31:38 +0000] "GET / HTTP/1.1" 400 154 "-" "Mozilla/5.0 (Windows NT 10.0; Win64; x64) AppleWebKit/537.36 (KHTML, like Gecko) Chrome/63.0.3239.84 Safari/537.36" "-"
191.242.209.98 - - [14/Oct/2025:08:39:24 +0000] "GET /admin/config.php HTTP/1.0" 400 143 "-" "ivre-masscan/1.3 https://github.com/robertdavidgraham/" "-"
20.168.57.113 - - [14/Oct/2025:08:53:15 +0000] "GET /wp-content/plugins/hellopress/wp_filemanager.php HTTP/1.1" 200 400 "-" "-" "-"
20.168.57.113 - - [14/Oct/2025:08:53:15 +0000] "GET /wsd.php HTTP/1.1" 200 400 "-" "-" "-"
20.168.57.113 - - [14/Oct/2025:08:53:15 +0000] "GET /orm.php HTTP/1.1" 200 400 "-" "-" "-"
20.168.57.113 - - [14/Oct/2025:08:53:15 +0000] "GET /gmo.php HTTP/1.1" 200 400 "-" "-" "-"
20.168.57.113 - - [14/Oct/2025:08:53:15 +0000] "GET /akcc.php HTTP/1.1" 200 400 "-" "-" "-"
20.168.57.113 - - [14/Oct/2025:08:53:15 +0000] "GET /nx.php HTTP/1.1" 200 400 "-" "-" "-"
20.168.57.113 - - [14/Oct/2025:08:53:15 +0000] "GET /php.php HTTP/1.1" 200 400 "-" "-" "-"
20.168.57.113 - - [14/Oct/2025:08:53:15 +0000] "GET /sx21_1.php HTTP/1.1" 200 400 "-" "-" "-"
20.168.57.113 - - [14/Oct/2025:08:53:15 +0000] "GET /bluejackets.php HTTP/1.1" 200 400 "-" "-" "-"
20.168.57.113 - - [14/Oct/2025:08:53:16 +0000] "GET /file17.php HTTP/1.1" 200 400 "-" "-" "-"
20.168.57.113 - - [14/Oct/2025:08:53:16 +0000] "GET /pop.php HTTP/1.1" 200 400 "-" "-" "-"
20.168.57.113 - - [14/Oct/2025:08:53:16 +0000] "GET /nx9.php HTTP/1.1" 200 400 "-" "-" "-"
20.168.57.113 - - [14/Oct/2025:08:53:17 +0000] "GET /kwm4.php HTTP/1.1" 200 400 "-" "-" "-"
20.168.57.113 - - [14/Oct/2025:08:53:17 +0000] "GET /ea3f.php HTTP/1.1" 200 400 "-" "-" "-"
20.168.57.113 - - [14/Oct/2025:08:53:17 +0000] "GET /akp.php HTTP/1.1" 200 400 "-" "-" "-"
20.168.57.113 - - [14/Oct/2025:08:53:17 +0000] "GET /xp.php HTTP/1.1" 200 400 "-" "-" "-"
20.168.57.113 - - [14/Oct/2025:08:53:18 +0000] "GET /cwsd.php HTTP/1.1" 200 400 "-" "-" "-"
20.168.57.113 - - [14/Oct/2025:08:53:18 +0000] "GET /1aa.php HTTP/1.1" 200 400 "-" "-" "-"
20.168.57.113 - - [14/Oct/2025:08:53:18 +0000] "GET /litanies.php HTTP/1.1" 200 400 "-" "-" "-"
20.168.57.113 - - [14/Oct/2025:08:53:18 +0000] "GET /asasx.php HTTP/1.1" 200 400 "-" "-" "-"
20.168.57.113 - - [14/Oct/2025:08:53:18 +0000] "GET /just2.php HTTP/1.1" 200 400 "-" "-" "-"
20.168.57.113 - - [14/Oct/2025:08:53:18 +0000] "GET /classwithtostring.php HTTP/1.1" 200 400 "-" "-" "-"
20.168.57.113 - - [14/Oct/2025:08:53:18 +0000] "GET /j.php HTTP/1.1" 200 400 "-" "-" "-"
20.168.57.113 - - [14/Oct/2025:08:53:18 +0000] "GET /g.php HTTP/1.1" 200 400 "-" "-" "-"
20.168.57.113 - - [14/Oct/2025:08:53:19 +0000] "GET /ex.php HTTP/1.1" 200 400 "-" "-" "-"
20.168.57.113 - - [14/Oct/2025:08:53:20 +0000] "GET /1.php HTTP/1.1" 200 400 "-" "-" "-"
20.168.57.113 - - [14/Oct/2025:08:53:20 +0000] "GET /s.php HTTP/1.1" 200 400 "-" "-" "-"
20.168.57.113 - - [14/Oct/2025:08:53:20 +0000] "GET /sx21_1.php HTTP/1.1" 200 400 "-" "-" "-"
20.168.57.113 - - [14/Oct/2025:08:53:20 +0000] "GET /let.php HTTP/1.1" 200 400 "-" "-" "-"
20.168.57.113 - - [14/Oct/2025:08:53:21 +0000] "GET /akcc.php HTTP/1.1" 200 400 "-" "-" "-"
20.168.57.113 - - [14/Oct/2025:08:53:21 +0000] "GET /amphicyon.php HTTP/1.1" 200 400 "-" "-" "-"
20.168.57.113 - - [14/Oct/2025:08:53:21 +0000] "GET /k.php HTTP/1.1" 200 400 "-" "-" "-"
20.168.57.113 - - [14/Oct/2025:08:53:21 +0000] "GET /sec.php HTTP/1.1" 200 400 "-" "-" "-"
20.168.57.113 - - [14/Oct/2025:08:53:21 +0000] "GET /xp.php HTTP/1.1" 200 400 "-" "-" "-"
20.168.57.113 - - [14/Oct/2025:08:53:21 +0000] "GET /ext.php HTTP/1.1" 200 400 "-" "-" "-"
66.132.153.126 - - [14/Oct/2025:08:55:33 +0000] "GET / HTTP/1.1" 400 154 "-" "Mozilla/5.0 (compatible; CensysInspect/1.1; +https://about.censys.io/)" "-"
66.132.153.126 - - [14/Oct/2025:08:55:36 +0000] "PRI * HTTP/2.0" 400 150 "-" "-" "-"
66.132.153.126 - - [14/Oct/2025:08:55:39 +0000] "PRI * HTTP/2.0" 400 150 "-" "-" "-"
66.132.153.126 - - [14/Oct/2025:08:55:41 +0000] "GET /wiki HTTP/1.1" 400 154 "-" "Mozilla/5.0 (compatible; CensysInspect/1.1; +https://about.censys.io/)" "-"
43.131.36.84 - - [14/Oct/2025:08:59:17 +0000] "GET / HTTP/1.1" 200 400 "-" "Mozilla/5.0 (iPhone; CPU iPhone OS 13_2_3 like Mac OS X) AppleWebKit/605.1.15 (KHTML, like Gecko) Version/13.0.3 Mobile/15E148 Safari/604.1" "-"
118.145.137.6 - - [14/Oct/2025:09:03:02 +0000] "POST /cgi-bin/.%2e/.%2e/.%2e/.%2e/.%2e/.%2e/.%2e/.%2e/.%2e/.%2e/bin/sh HTTP/1.1" 400 150 "-" "-" "-"
118.145.137.6 - - [14/Oct/2025:09:03:39 +0000] "POST /cgi-bin/%%32%65%%32%65/%%32%65%%32%65/%%32%65%%32%65/%%32%65%%32%65/%%32%65%%32%65/%%32%65%%32%65/%%32%65%%32%65/bin/sh HTTP/1.1" 400 150 "-" "-" "-"
198.235.24.117 - - [14/Oct/2025:09:06:08 +0000] "GET / HTTP/1.0" 400 143 "-" "Hello from Palo Alto Networks, find out more about our scans in https://docs-cortex.paloaltonetworks.com/r/1/Cortex-Xpanse/Scanning-activity" "-"
87.121.84.17 - - [14/Oct/2025:09:12:43 +0000] "GET / HTTP/1.1" 400 154 "-" "Mozilla/5.0 (X11; Linux x86_64) AppleWebKit/537.36 (KHTML, like Gecko) Chrome/105.0.0.0 Safari/537.36" "-"
158.69.152.252 - - [14/Oct/2025:09:36:54 +0000] "GET /robots.txt HTTP/1.0" 400 143 "-" "xfa1" "-"
204.76.203.219 - - [14/Oct/2025:10:05:32 +0000] "GET / HTTP/1.1" 400 154 "-" "Mozilla/5.0 (Windows NT 10.0; Win64; x64) AppleWebKit/537.36 (KHTML, like Gecko) Chrome/90.0.4430.85 Safari/537.36 Edg/90.0.818.46" "-"
176.65.141.86 - - [14/Oct/2025:10:31:23 +0000] "GET /cgi-bin/luci/;stok=/locale HTTP/1.1" 400 154 "-" "-" "-"
154.29.232.193 - - [14/Oct/2025:10:43:38 +0000] "GET /.env HTTP/1.1" 400 154 "-" "Mozilla/5.0 (Windows NT 10.0; Win64; x64) AppleWebKit/537.36 (KHTML, like Gecko) Chrome/116.0.5845.140 Safari/537.36" "-"
154.29.232.193 - - [14/Oct/2025:10:43:39 +0000] "POST / HTTP/1.1" 400 154 "-" "Mozilla/5.0 (Windows NT 10.0; Win64; x64) AppleWebKit/537.36 (KHTML, like Gecko) Chrome/116.0.5845.140 Safari/537.36" "-"
87.121.84.17 - - [14/Oct/2025:11:21:11 +0000] "GET / HTTP/1.1" 400 154 "-" "Mozilla/5.0 (X11; Linux x86_64) AppleWebKit/537.36 (KHTML, like Gecko) Chrome/105.0.0.0 Safari/537.36" "-"
165.154.202.146 - - [14/Oct/2025:11:56:44 +0000] "GET /version HTTP/1.1" 400 154 "-" "-" "-"
165.154.202.146 - - [14/Oct/2025:11:56:44 +0000] "GET / HTTP/1.1" 400 154 "-" "-" "-"
165.154.202.146 - - [14/Oct/2025:11:56:44 +0000] "GET / HTTP/1.1" 400 154 "-" "-" "-"
165.154.202.146 - - [14/Oct/2025:11:56:44 +0000] "GET /v1 HTTP/1.1" 400 154 "-" "-" "-"
165.154.202.146 - - [14/Oct/2025:11:56:45 +0000] "GET / HTTP/1.1" 400 154 "-" "-" "-"
165.154.202.146 - - [14/Oct/2025:11:56:55 +0000] "GET / HTTP/1.1" 400 154 "-" "Mozilla/5.0 (Windows NT 6.1) AppleWebKit/537.36 (KHTML, like Gecko) Chrome/49.0.2623.112 Safari/537.36" "-"
165.154.202.146 - - [14/Oct/2025:11:56:55 +0000] "GET /favicon.ico HTTP/1.1" 400 154 "http://3.149.120.21:80" "Mozilla/5.0 (Windows NT 6.1) AppleWebKit/537.36 (KHTML, like Gecko) Chrome/49.0.2623.112 Safari/537.36" "-"
118.193.61.179 - - [14/Oct/2025:11:59:06 +0000] "\x16\x03\x01\x01\x17\x01\x00\x01\x13\x03\x03\x07\x02\x19\xABm\xF89\x02R\x0FVt\x1Ez\x98>I\xBE[\xB2R\xDB\x1EA\xF8\xDA\xDE\x0EU\xEAq( \xC57\x80\xC99\xB1@\x8C\xCF; \xF1:\xD4\xB4_\xFC\x85\x08Zh\x82\xA2\xD8\x1EF\xC7\xD0\xD1\xC2\xB9a\x004\xCC\xA8\xCC\xA9\xC0/\xC00\xC0+\xC0,\xC0\x09\x00\x9E\xCC\xA8\xCC\xAA\x003\x00=\x00\x16\xC0" 400 150 "-" "-" "-"
118.193.61.179 - - [14/Oct/2025:11:59:17 +0000] "GET / HTTP/1.1" 400 154 "-" "Mozilla/5.0 (Macintosh; Intel Mac OS X 10_15_7) AppleWebKit/537.36 (KHTML, like Gecko) Chrome/120.0.0.0 Safari/537.36 Edg/120.0.0.0" "-"
45.142.193.27 - - [14/Oct/2025:11:59:31 +0000] "GET / HTTP/1.1" 400 154 "-" "Mozilla/5.0" "-"
118.193.61.179 - - [14/Oct/2025:11:59:35 +0000] "GET /favicon.ico HTTP/1.1" 400 154 "-" "Mozilla/5.0 (Macintosh; Intel Mac OS X 10_7_0) AppleWebKit/535.11 (KHTML, like Gecko) Chrome/17.0.963.56 Safari/535.11" "-"
118.193.61.179 - - [14/Oct/2025:11:59:35 +0000] "GET /robots.txt HTTP/1.1" 400 154 "-" "Mozilla/5.0 (Macintosh; Intel Mac OS X 10_7_0) AppleWebKit/535.11 (KHTML, like Gecko) Chrome/17.0.963.56 Safari/535.11" "-"
118.193.61.179 - - [14/Oct/2025:11:59:36 +0000] "GET /sitemap.xml HTTP/1.1" 400 154 "-" "Mozilla/5.0 (Macintosh; Intel Mac OS X 10_7_0) AppleWebKit/535.11 (KHTML, like Gecko) Chrome/17.0.963.56 Safari/535.11" "-"
45.43.33.210 - - [14/Oct/2025:12:01:13 +0000] "\x16\x03\x03\x01\xA5\x01\x00\x01\xA1\x03\x03\xE3j\xA7V\x0B\xEA\xFE?\xAD\xA1\xC3\x9B\xECo\x97\x14\x1D\xA8\xC1j\xFE\xFE\xB2$n\xDEB\x12]\xA8&A \xD4<\x95\xD3\x83\x9F!\x91B\xCF\x9Av\xCD\xCE\x1F\xFE\xEA1p\x82\x1D\x8C\xFF\x18\x7FM\xAC\xD3\x17^\xE0\xDD\x00\x8A\x00\x16\x003\x00g\xC0\x9E\xC0\xA2\x00\x9E\x009\x00k\xC0\x9F\xC0\xA3\x00\x9F\x00E\x00\xBE\x00\x88\x00\xC4\x00\x9A\xC0\x08\xC0\x09\xC0#\xC0\xAC\xC0\xAE\xC0+\xC0" 400 150 "-" "-" "-"
45.43.33.210 - - [14/Oct/2025:12:01:16 +0000] "GET / HTTP/1.1" 400 154 "-" "Mozilla/5.0 (X11; Ubuntu; Linux x86_64; rv:134.0) Gecko/20100101 Firefox/134.0" "-"
204.76.203.219 - - [14/Oct/2025:12:09:46 +0000] "GET / HTTP/1.1" 400 154 "-" "Mozilla/5.0 (Windows NT 10.0; Win64; x64) AppleWebKit/537.36 (KHTML, like Gecko) Chrome/90.0.4430.85 Safari/537.36 Edg/90.0.818.46" "-"
43.167.245.18 - - [14/Oct/2025:12:30:27 +0000] "GET / HTTP/1.1" 400 154 "-" "Mozilla/5.0 (iPhone; CPU iPhone OS 13_2_3 like Mac OS X) AppleWebKit/605.1.15 (KHTML, like Gecko) Version/13.0.3 Mobile/15E148 Safari/604.1" "-"
87.121.84.17 - - [14/Oct/2025:12:49:51 +0000] "GET / HTTP/1.1" 400 154 "-" "Mozilla/5.0 (X11; Linux x86_64) AppleWebKit/537.36 (KHTML, like Gecko) Chrome/105.0.0.0 Safari/537.36" "-"
209.242.202.169 - - [14/Oct/2025:12:59:06 +0000] "GET /.env HTTP/1.1" 400 154 "-" "Mozilla/5.0 (Windows NT 10.0; Win64; x64) AppleWebKit/537.36 (KHTML, like Gecko) Chrome/116.0.5845.140 Safari/537.36" "-"
209.242.202.169 - - [14/Oct/2025:12:59:06 +0000] "POST / HTTP/1.1" 400 154 "-" "Mozilla/5.0 (Windows NT 10.0; Win64; x64) AppleWebKit/537.36 (KHTML, like Gecko) Chrome/116.0.5845.140 Safari/537.36" "-"
93.174.93.12 - - [14/Oct/2025:13:20:51 +0000] "GET / HTTP/1.0" 400 143 "-" "Mozilla/5.0 (Windows NT 6.1; Win64; x64) AppleWebKit/537.36 (KHTML, like Gecko) Chrome/75.0.3770.100 Safari/537.36 OPR/62.0.3331.99" "-"
43.153.54.138 - - [14/Oct/2025:13:32:33 +0000] "GET / HTTP/1.1" 200 400 "-" "Mozilla/5.0 (iPhone; CPU iPhone OS 13_2_3 like Mac OS X) AppleWebKit/605.1.15 (KHTML, like Gecko) Version/13.0.3 Mobile/15E148 Safari/604.1" "-"
93.174.93.12 - - [14/Oct/2025:13:37:00 +0000] "\x16\x03\x02\x01o\x01\x00\x01k\x03\x02RH\xC5\x1A#\xF7:N\xDF\xE2\xB4\x82/\xFF\x09T\x9F\xA7\xC4y\xB0h\xC6\x13\x8C\xA4\x1C=\x22\xE1\x1A\x98 \x84\xB4,\x85\xAFn\xE3Y\xBBbhl\xFF(=':\xA9\x82\xD9o\xC8\xA2\xD7\x93\x98\xB4\xEF\x80\xE5\xB9\x90\x00(\xC0" 400 150 "-" "-" "-"
204.76.203.219 - - [14/Oct/2025:13:58:32 +0000] "GET / HTTP/1.1" 400 154 "-" "Mozilla/5.0 (Windows NT 10.0; Win64; x64) AppleWebKit/537.36 (KHTML, like Gecko) Chrome/90.0.4430.85 Safari/537.36 Edg/90.0.818.46" "-"
176.65.141.86 - - [14/Oct/2025:14:01:28 +0000] "GET /cgi-bin/luci/;stok=/locale HTTP/1.1" 400 154 "-" "-" "-"
199.45.155.74 - - [14/Oct/2025:14:14:24 +0000] "GET / HTTP/1.1" 400 154 "-" "Mozilla/5.0 (compatible; CensysInspect/1.1; +https://about.censys.io/)" "-"
199.45.155.74 - - [14/Oct/2025:14:14:30 +0000] "PRI * HTTP/2.0" 400 150 "-" "-" "-"
199.45.155.74 - - [14/Oct/2025:14:14:35 +0000] "PRI * HTTP/2.0" 400 150 "-" "-" "-"
199.45.155.74 - - [14/Oct/2025:14:14:36 +0000] "GET /.well-known/security.txt HTTP/1.1" 400 154 "-" "Mozilla/5.0 (compatible; CensysInspect/1.1; +https://about.censys.io/)" "-"
87.121.84.17 - - [14/Oct/2025:14:38:33 +0000] "GET / HTTP/1.1" 400 154 "-" "Mozilla/5.0 (X11; Linux x86_64) AppleWebKit/537.36 (KHTML, like Gecko) Chrome/105.0.0.0 Safari/537.36" "-"
191.101.41.185 - - [14/Oct/2025:15:14:14 +0000] "GET /.env HTTP/1.1" 400 154 "-" "Mozilla/5.0 (Windows NT 10.0; Win64; x64) AppleWebKit/537.36 (KHTML, like Gecko) Chrome/116.0.5845.140 Safari/537.36" "-"
191.101.41.185 - - [14/Oct/2025:15:14:14 +0000] "POST / HTTP/1.1" 400 154 "-" "Mozilla/5.0 (Windows NT 10.0; Win64; x64) AppleWebKit/537.36 (KHTML, like Gecko) Chrome/116.0.5845.140 Safari/537.36" "-"
71.6.199.87 - - [14/Oct/2025:15:37:00 +0000] "GET / HTTP/1.1" 400 154 "-" "Mozilla/5.0 zgrab/0.x" "-"
170.64.133.193 - - [14/Oct/2025:15:58:26 +0000] "GET / HTTP/1.1" 400 154 "-" "python-requests/2.32.5" "-"
170.64.133.193 - - [14/Oct/2025:15:58:26 +0000] "GET / HTTP/1.1" 400 154 "-" "Mozilla/5.0 (Linux; Android 10; Pixel Build/QP1A.190711.019; wv) AppleWebKit/537.36 (KHTML, like Gecko) Chrome/76.0.3809.132 Mobile Safari/537.36" "-"
170.64.133.193 - - [14/Oct/2025:15:58:27 +0000] "GET /.env HTTP/1.1" 400 154 "-" "Mozilla/5.0 (Linux; Android 10; Pixel Build/QP1A.190711.019; wv) AppleWebKit/537.36 (KHTML, like Gecko) Chrome/76.0.3809.132 Mobile Safari/537.36" "-"
170.64.133.193 - - [14/Oct/2025:15:58:28 +0000] "GET /.env.txt HTTP/1.1" 400 154 "-" "Mozilla/5.0 (Linux; Android 10; Pixel Build/QP1A.190711.019; wv) AppleWebKit/537.36 (KHTML, like Gecko) Chrome/76.0.3809.132 Mobile Safari/537.36" "-"
170.64.133.193 - - [14/Oct/2025:15:58:29 +0000] "GET /.env.example HTTP/1.1" 400 154 "-" "Mozilla/5.0 (Linux; Android 10; Pixel Build/QP1A.190711.019; wv) AppleWebKit/537.36 (KHTML, like Gecko) Chrome/76.0.3809.132 Mobile Safari/537.36" "-"
170.64.133.193 - - [14/Oct/2025:15:58:29 +0000] "GET /.env.old HTTP/1.1" 400 154 "-" "Mozilla/5.0 (Linux; Android 10; Pixel Build/QP1A.190711.019; wv) AppleWebKit/537.36 (KHTML, like Gecko) Chrome/76.0.3809.132 Mobile Safari/537.36" "-"
170.64.133.193 - - [14/Oct/2025:15:58:30 +0000] "GET /env.js HTTP/1.1" 400 154 "-" "Mozilla/5.0 (Linux; Android 10; Pixel Build/QP1A.190711.019; wv) AppleWebKit/537.36 (KHTML, like Gecko) Chrome/76.0.3809.132 Mobile Safari/537.36" "-"
170.64.133.193 - - [14/Oct/2025:15:58:31 +0000] "GET /.aws/credentials HTTP/1.1" 400 154 "-" "Mozilla/5.0 (Linux; Android 10; Pixel Build/QP1A.190711.019; wv) AppleWebKit/537.36 (KHTML, like Gecko) Chrome/76.0.3809.132 Mobile Safari/537.36" "-"
170.64.133.193 - - [14/Oct/2025:15:58:32 +0000] "GET /frontend_dev.php/$ HTTP/1.1" 400 154 "-" "Mozilla/5.0 (Linux; Android 10; Pixel Build/QP1A.190711.019; wv) AppleWebKit/537.36 (KHTML, like Gecko) Chrome/76.0.3809.132 Mobile Safari/537.36" "-"
170.64.133.193 - - [14/Oct/2025:15:58:33 +0000] "GET /phpinfo HTTP/1.1" 400 154 "-" "Mozilla/5.0 (Linux; Android 10; Pixel Build/QP1A.190711.019; wv) AppleWebKit/537.36 (KHTML, like Gecko) Chrome/76.0.3809.132 Mobile Safari/537.36" "-"
170.64.133.193 - - [14/Oct/2025:15:58:33 +0000] "GET /tmp/phpinfo.php HTTP/1.1" 400 154 "-" "Mozilla/5.0 (Linux; Android 10; Pixel Build/QP1A.190711.019; wv) AppleWebKit/537.36 (KHTML, like Gecko) Chrome/76.0.3809.132 Mobile Safari/537.36" "-"
170.64.133.193 - - [14/Oct/2025:15:58:34 +0000] "GET /phpinfo/phpinfo.php HTTP/1.1" 400 154 "-" "Mozilla/5.0 (Linux; Android 10; Pixel Build/QP1A.190711.019; wv) AppleWebKit/537.36 (KHTML, like Gecko) Chrome/76.0.3809.132 Mobile Safari/537.36" "-"
170.64.133.193 - - [14/Oct/2025:15:58:35 +0000] "GET /php-info.php HTTP/1.1" 400 154 "-" "Mozilla/5.0 (Linux; Android 10; Pixel Build/QP1A.190711.019; wv) AppleWebKit/537.36 (KHTML, like Gecko) Chrome/76.0.3809.132 Mobile Safari/537.36" "-"
170.64.133.193 - - [14/Oct/2025:15:58:36 +0000] "GET /pinfo.php HTTP/1.1" 400 154 "-" "Mozilla/5.0 (Linux; Android 10; Pixel Build/QP1A.190711.019; wv) AppleWebKit/537.36 (KHTML, like Gecko) Chrome/76.0.3809.132 Mobile Safari/537.36" "-"
170.64.133.193 - - [14/Oct/2025:15:58:37 +0000] "GET /phpinfo.php HTTP/1.1" 400 154 "-" "Mozilla/5.0 (Linux; Android 10; Pixel Build/QP1A.190711.019; wv) AppleWebKit/537.36 (KHTML, like Gecko) Chrome/76.0.3809.132 Mobile Safari/537.36" "-"
170.64.133.193 - - [14/Oct/2025:15:58:37 +0000] "GET /configs/s3_config.json HTTP/1.1" 400 154 "-" "Mozilla/5.0 (Linux; Android 10; Pixel Build/QP1A.190711.019; wv) AppleWebKit/537.36 (KHTML, like Gecko) Chrome/76.0.3809.132 Mobile Safari/537.36" "-"
170.64.133.193 - - [14/Oct/2025:15:58:38 +0000] "GET /s3cmd.ini HTTP/1.1" 400 154 "-" "Mozilla/5.0 (Linux; Android 10; Pixel Build/QP1A.190711.019; wv) AppleWebKit/537.36 (KHTML, like Gecko) Chrome/76.0.3809.132 Mobile Safari/537.36" "-"
170.64.133.193 - - [14/Oct/2025:15:58:39 +0000] "GET /wp-config.php.bak HTTP/1.1" 400 154 "-" "Mozilla/5.0 (Linux; Android 10; Pixel Build/QP1A.190711.019; wv) AppleWebKit/537.36 (KHTML, like Gecko) Chrome/76.0.3809.132 Mobile Safari/537.36" "-"
170.64.133.193 - - [14/Oct/2025:15:58:40 +0000] "GET /settings.php.bak HTTP/1.1" 400 154 "-" "Mozilla/5.0 (Linux; Android 10; Pixel Build/QP1A.190711.019; wv) AppleWebKit/537.36 (KHTML, like Gecko) Chrome/76.0.3809.132 Mobile Safari/537.36" "-"
170.64.133.193 - - [14/Oct/2025:15:58:41 +0000] "GET /configs/application.ini HTTP/1.1" 400 154 "-" "Mozilla/5.0 (Linux; Android 10; Pixel Build/QP1A.190711.019; wv) AppleWebKit/537.36 (KHTML, like Gecko) Chrome/76.0.3809.132 Mobile Safari/537.36" "-"
170.64.133.193 - - [14/Oct/2025:15:58:42 +0000] "GET /src/phpinfo.php HTTP/1.1" 400 154 "-" "Mozilla/5.0 (Linux; Android 10; Pixel Build/QP1A.190711.019; wv) AppleWebKit/537.36 (KHTML, like Gecko) Chrome/76.0.3809.132 Mobile Safari/537.36" "-"
170.64.133.193 - - [14/Oct/2025:15:58:43 +0000] "GET /temp.php HTTP/1.1" 400 154 "-" "Mozilla/5.0 (Linux; Android 10; Pixel Build/QP1A.190711.019; wv) AppleWebKit/537.36 (KHTML, like Gecko) Chrome/76.0.3809.132 Mobile Safari/537.36" "-"
170.64.133.193 - - [14/Oct/2025:15:58:43 +0000] "GET /linusadmin-phpinfo.php HTTP/1.1" 400 154 "-" "Mozilla/5.0 (Linux; Android 10; Pixel Build/QP1A.190711.019; wv) AppleWebKit/537.36 (KHTML, like Gecko) Chrome/76.0.3809.132 Mobile Safari/537.36" "-"
170.64.133.193 - - [14/Oct/2025:15:58:44 +0000] "GET /php.php HTTP/1.1" 400 154 "-" "Mozilla/5.0 (Linux; Android 10; Pixel Build/QP1A.190711.019; wv) AppleWebKit/537.36 (KHTML, like Gecko) Chrome/76.0.3809.132 Mobile Safari/537.36" "-"
170.64.133.193 - - [14/Oct/2025:15:58:45 +0000] "GET /.env.bak HTTP/1.1" 400 154 "-" "Mozilla/5.0 (Linux; Android 10; Pixel Build/QP1A.190711.019; wv) AppleWebKit/537.36 (KHTML, like Gecko) Chrome/76.0.3809.132 Mobile Safari/537.36" "-"
170.64.133.193 - - [14/Oct/2025:15:58:46 +0000] "GET /info.php HTTP/1.1" 400 154 "-" "Mozilla/5.0 (Linux; Android 10; Pixel Build/QP1A.190711.019; wv) AppleWebKit/537.36 (KHTML, like Gecko) Chrome/76.0.3809.132 Mobile Safari/537.36" "-"
170.64.133.193 - - [14/Oct/2025:15:58:47 +0000] "GET /config/aws.yml HTTP/1.1" 400 154 "-" "Mozilla/5.0 (Linux; Android 10; Pixel Build/QP1A.190711.019; wv) AppleWebKit/537.36 (KHTML, like Gecko) Chrome/76.0.3809.132 Mobile Safari/537.36" "-"
170.64.133.193 - - [14/Oct/2025:15:58:48 +0000] "GET /_profiler/phpinfo HTTP/1.1" 400 154 "-" "Mozilla/5.0 (Linux; Android 10; Pixel Build/QP1A.190711.019; wv) AppleWebKit/537.36 (KHTML, like Gecko) Chrome/76.0.3809.132 Mobile Safari/537.36" "-"
170.64.133.193 - - [14/Oct/2025:15:58:48 +0000] "GET /_profiler/phpinfo.php HTTP/1.1" 400 154 "-" "Mozilla/5.0 (Linux; Android 10; Pixel Build/QP1A.190711.019; wv) AppleWebKit/537.36 (KHTML, like Gecko) Chrome/76.0.3809.132 Mobile Safari/537.36" "-"
170.64.133.193 - - [14/Oct/2025:15:58:49 +0000] "GET /.env.dev.local HTTP/1.1" 400 154 "-" "Mozilla/5.0 (Linux; Android 10; Pixel Build/QP1A.190711.019; wv) AppleWebKit/537.36 (KHTML, like Gecko) Chrome/76.0.3809.132 Mobile Safari/537.36" "-"
170.64.133.193 - - [14/Oct/2025:15:58:50 +0000] "GET /infos.php HTTP/1.1" 400 154 "-" "Mozilla/5.0 (Linux; Android 10; Pixel Build/QP1A.190711.019; wv) AppleWebKit/537.36 (KHTML, like Gecko) Chrome/76.0.3809.132 Mobile Safari/537.36" "-"
170.64.133.193 - - [14/Oct/2025:15:58:51 +0000] "GET /php_info.php HTTP/1.1" 400 154 "-" "Mozilla/5.0 (Linux; Android 10; Pixel Build/QP1A.190711.019; wv) AppleWebKit/537.36 (KHTML, like Gecko) Chrome/76.0.3809.132 Mobile Safari/537.36" "-"
170.64.133.193 - - [14/Oct/2025:15:58:52 +0000] "GET /app_dev.php/_profiler/phpinfo HTTP/1.1" 400 154 "-" "Mozilla/5.0 (Linux; Android 10; Pixel Build/QP1A.190711.019; wv) AppleWebKit/537.36 (KHTML, like Gecko) Chrome/76.0.3809.132 Mobile Safari/537.36" "-"
170.64.133.193 - - [14/Oct/2025:15:58:53 +0000] "GET /.git/config HTTP/1.1" 400 154 "-" "Mozilla/5.0 (Linux; Android 10; Pixel Build/QP1A.190711.019; wv) AppleWebKit/537.36 (KHTML, like Gecko) Chrome/76.0.3809.132 Mobile Safari/537.36" "-"
170.64.133.193 - - [14/Oct/2025:15:58:53 +0000] "GET /configuration.php-dist HTTP/1.1" 400 154 "-" "Mozilla/5.0 (Linux; Android 10; Pixel Build/QP1A.190711.019; wv) AppleWebKit/537.36 (KHTML, like Gecko) Chrome/76.0.3809.132 Mobile Safari/537.36" "-"
170.64.133.193 - - [14/Oct/2025:15:58:54 +0000] "GET /.config HTTP/1.1" 400 154 "-" "Mozilla/5.0 (Linux; Android 10; Pixel Build/QP1A.190711.019; wv) AppleWebKit/537.36 (KHTML, like Gecko) Chrome/76.0.3809.132 Mobile Safari/537.36" "-"
